<html>
<body>
<pre>
<h1>µVision Build Log</h1>
<h2>Project:</h2>
D:\arm lab\EXP_15_SPI\SPI.uvproj
Project File Date:  05/24/2019

<h2>Output:</h2>
Build target 'Target 1'
assembling startup_LPC17xx.s...
compiling system_LPC17xx.c...
compiling spi_2_b_r_uart.c...
spi_2_b_r_uart.c(3): warning:  #1295-D: Deprecated declaration spi_init - give arg types
spi_2_b_r_uart.c(4): warning:  #1295-D: Deprecated declaration spi_read - give arg types
spi_2_b_r_uart.c(5): warning:  #1295-D: Deprecated declaration uart_init - give arg types
linking...
Program Size: Code=1376 RO-data=432 RW-data=16 ZI-data=608  
FromELF: creating hex file...
"SPI_1.axf" - 0 Error(s), 3 Warning(s).
Build target 'Target 1'
assembling startup_LPC17xx.s...
compiling system_LPC17xx.c...
compiling spi_temperature.c...
D:\arm\spi\spi_temperature.c(77): warning:  #1-D: last line of file ends without a newline
linking...
Program Size: Code=1396 RO-data=432 RW-data=32 ZI-data=624  
FromELF: creating hex file...
"SPI_1.axf" - 0 Error(s), 1 Warning(s).
Build target 'Target 1'
assembling startup_LPC17xx.s...
compiling system_LPC17xx.c...
compiling spiadc_uart_lcd-1.c...
linking...
Program Size: Code=1788 RO-data=432 RW-data=28 ZI-data=612  
FromELF: creating hex file...
"SPI_1.axf" - 0 Error(s), 0 Warning(s).
Build target 'Target 1'
assembling startup_LPC17xx.s...
compiling system_LPC17xx.c...
compiling spiadc_uart_lcd-1.c...
linking...
Program Size: Code=1788 RO-data=432 RW-data=28 ZI-data=612  
FromELF: creating hex file...
"SPI_1.axf" - 0 Error(s), 0 Warning(s).
