<html>
<body>
<pre>
<h1>µVision Build Log</h1>
<h2>Project:</h2>
D:\arm_workshop\GPS\GPS.uvproj
Project File Date:  07/08/2019

<h2>Output:</h2>
compiling gps1.c...
gps1.c(4): warning:  #1295-D: Deprecated declaration uart_init - give arg types
gps1.c(53): warning:  #174-D: expression has no effect
gps1.c(77): error:  #112: expected "while"
gps1.c(77): error:  #125: expected a "("
gps1.c(77): error:  #29: expected an expression
gps1.c(77): error:  #18: expected a ")"
gps1.c(77): error:  #65: expected a ";"
gps1.c(95): error:  #112: expected "while"
gps1.c(95): error:  #125: expected a "("
gps1.c(95): error:  #29: expected an expression
gps1.c(95): error:  #18: expected a ")"
gps1.c(95): error:  #65: expected a ";"
gps1.c(114): error:  #112: expected "while"
gps1.c(114): error:  #125: expected a "("
gps1.c(114): error:  #29: expected an expression
gps1.c(114): error:  #18: expected a ")"
gps1.c(114): error:  #65: expected a ";"
gps1.c(130): error:  #20: identifier "i" is undefined
gps1.c(156): warning:  #1-D: last line of file ends without a newline
gps1.c - 16 Error(s), 3 Warning(s).
compiling gps1.c...
gps1.c(4): warning:  #1295-D: Deprecated declaration uart_init - give arg types
gps1.c(53): warning:  #174-D: expression has no effect
gps1.c(77): error:  #112: expected "while"
gps1.c(77): error:  #125: expected a "("
gps1.c(77): error:  #29: expected an expression
gps1.c(77): error:  #18: expected a ")"
gps1.c(77): error:  #65: expected a ";"
gps1.c(95): error:  #112: expected "while"
gps1.c(95): error:  #125: expected a "("
gps1.c(95): error:  #29: expected an expression
gps1.c(95): error:  #18: expected a ")"
gps1.c(95): error:  #65: expected a ";"
gps1.c(114): error:  #112: expected "while"
gps1.c(114): error:  #125: expected a "("
gps1.c(114): error:  #29: expected an expression
gps1.c(114): error:  #18: expected a ")"
gps1.c(114): error:  #65: expected a ";"
gps1.c(131): warning:  #187-D: use of "=" where "==" may have been intended
gps1.c(157): warning:  #1-D: last line of file ends without a newline
gps1.c - 15 Error(s), 4 Warning(s).
compiling gps1.c...
gps1.c(4): warning:  #1295-D: Deprecated declaration uart_init - give arg types
gps1.c(53): warning:  #174-D: expression has no effect
gps1.c(77): error:  #112: expected "while"
gps1.c(77): error:  #125: expected a "("
gps1.c(77): error:  #29: expected an expression
gps1.c(77): error:  #18: expected a ")"
gps1.c(77): error:  #65: expected a ";"
gps1.c(95): error:  #112: expected "while"
gps1.c(95): error:  #125: expected a "("
gps1.c(95): error:  #29: expected an expression
gps1.c(95): error:  #18: expected a ")"
gps1.c(95): error:  #65: expected a ";"
gps1.c(114): error:  #112: expected "while"
gps1.c(114): error:  #125: expected a "("
gps1.c(114): error:  #29: expected an expression
gps1.c(114): error:  #18: expected a ")"
gps1.c(114): error:  #65: expected a ";"
gps1.c(157): warning:  #1-D: last line of file ends without a newline
gps1.c - 15 Error(s), 3 Warning(s).
compiling gps1.c...
gps1.c(4): warning:  #1295-D: Deprecated declaration uart_init - give arg types
gps1.c(133): error:  #127: expected a statement
gps1.c(141): warning:  #12-D: parsing restarts here after previous syntax error
gps1.c(13): warning:  #177-D: variable "msg" was declared but never referenced
gps1.c(174): warning:  #1-D: last line of file ends without a newline
gps1.c - 1 Error(s), 4 Warning(s).
compiling gps1.c...
gps1.c(4): warning:  #1295-D: Deprecated declaration uart_init - give arg types
gps1.c(133): error:  #127: expected a statement
gps1.c(141): warning:  #12-D: parsing restarts here after previous syntax error
gps1.c(13): warning:  #177-D: variable "msg" was declared but never referenced
gps1.c(174): warning:  #1-D: last line of file ends without a newline
gps1.c - 1 Error(s), 4 Warning(s).
compiling gps1.c...
gps1.c(4): warning:  #1295-D: Deprecated declaration uart_init - give arg types
gps1.c(133): error:  #127: expected a statement
gps1.c(141): warning:  #12-D: parsing restarts here after previous syntax error
gps1.c(13): warning:  #177-D: variable "msg" was declared but never referenced
gps1.c(174): warning:  #1-D: last line of file ends without a newline
gps1.c - 1 Error(s), 4 Warning(s).
compiling gps1.c...
gps1.c(4): warning:  #1295-D: Deprecated declaration uart_init - give arg types
gps1.c(171): warning:  #1-D: last line of file ends without a newline
gps1.c - 0 Error(s), 2 Warning(s).
compiling gps1.c...
gps1.c(4): warning:  #1295-D: Deprecated declaration uart_init - give arg types
gps1.c(171): warning:  #1-D: last line of file ends without a newline
gps1.c - 0 Error(s), 2 Warning(s).
compiling gps1.c...
gps1.c(4): warning:  #1295-D: Deprecated declaration uart_init - give arg types
gps1.c(171): warning:  #1-D: last line of file ends without a newline
gps1.c - 0 Error(s), 2 Warning(s).
Build target 'Target 1'
assembling startup_LPC17xx.s...
compiling system_LPC17xx.c...
linking...
Program Size: Code=1440 RO-data=432 RW-data=4 ZI-data=612  
"GPS.axf" - 0 Error(s), 0 Warning(s).
compiling gps1.c...
gps1.c(4): warning:  #1295-D: Deprecated declaration uart_init - give arg types
gps1.c(171): warning:  #1-D: last line of file ends without a newline
gps1.c - 0 Error(s), 2 Warning(s).
Build target 'Target 1'
linking...
Program Size: Code=1440 RO-data=432 RW-data=4 ZI-data=612  
FromELF: creating hex file...
"GPS.axf" - 0 Error(s), 0 Warning(s).
compiling gps1.c...
gps1.c(4): warning:  #1295-D: Deprecated declaration uart_init - give arg types
gps1.c(171): warning:  #1-D: last line of file ends without a newline
gps1.c - 0 Error(s), 2 Warning(s).
Build target 'Target 1'
linking...
Program Size: Code=1440 RO-data=432 RW-data=4 ZI-data=612  
FromELF: creating hex file...
"GPS.axf" - 0 Error(s), 0 Warning(s).
Build target 'Target 1'
assembling startup_LPC17xx.s...
compiling gps1.c...
gps1.c(4): warning:  #1295-D: Deprecated declaration uart_init - give arg types
gps1.c(171): warning:  #1-D: last line of file ends without a newline
compiling system_LPC17xx.c...
linking...
Program Size: Code=1440 RO-data=432 RW-data=4 ZI-data=612  
FromELF: creating hex file...
"GPS.axf" - 0 Error(s), 2 Warning(s).
compiling gpstest.c...
gpstest.c(4): warning:  #1295-D: Deprecated declaration uart_init - give arg types
gpstest.c(9): warning:  #177-D: variable "time" was declared but never referenced
gpstest.c(10): warning:  #177-D: variable "lat" was declared but never referenced
gpstest.c(11): warning:  #177-D: variable "lon" was declared but never referenced
gpstest.c(12): warning:  #177-D: variable "next" was declared but never referenced
gpstest.c(13): warning:  #177-D: variable "msg" was declared but never referenced
gpstest.c(14): warning:  #177-D: variable "frame" was declared but never referenced
gpstest.c(15): warning:  #177-D: variable "j" was declared but never referenced
gpstest.c(15): warning:  #177-D: variable "n" was declared but never referenced
gpstest.c(15): warning:  #177-D: variable "y" was declared but never referenced
gpstest.c(57): warning:  #1-D: last line of file ends without a newline
gpstest.c - 0 Error(s), 11 Warning(s).
compiling gpstest.c...
gpstest.c(4): warning:  #1295-D: Deprecated declaration uart_init - give arg types
gpstest.c(15): warning:  #177-D: variable "j" was declared but never referenced
gpstest.c(15): warning:  #177-D: variable "n" was declared but never referenced
gpstest.c(15): warning:  #177-D: variable "y" was declared but never referenced
gpstest.c(57): warning:  #1-D: last line of file ends without a newline
gpstest.c - 0 Error(s), 5 Warning(s).
compiling gpstest.c...
gpstest.c(4): warning:  #1295-D: Deprecated declaration uart_init - give arg types
gpstest.c(15): warning:  #177-D: variable "j" was declared but never referenced
gpstest.c(57): warning:  #1-D: last line of file ends without a newline
gpstest.c - 0 Error(s), 3 Warning(s).
compiling gpstest.c...
gpstest.c(4): warning:  #1295-D: Deprecated declaration uart_init - give arg types
gpstest.c(57): warning:  #1-D: last line of file ends without a newline
gpstest.c - 0 Error(s), 2 Warning(s).
compiling gpstest.c...
gpstest.c(4): warning:  #1295-D: Deprecated declaration uart_init - give arg types
gpstest.c(57): warning:  #1-D: last line of file ends without a newline
gpstest.c - 0 Error(s), 2 Warning(s).
Build target 'Target 1'
linking...
Program Size: Code=1096 RO-data=236 RW-data=4 ZI-data=612  
FromELF: creating hex file...
"GPS.axf" - 0 Error(s), 0 Warning(s).
Build target 'Target 1'
assembling startup_LPC17xx.s...
compiling system_LPC17xx.c...
compiling gpstest.c...
gpstest.c(4): warning:  #1295-D: Deprecated declaration uart_init - give arg types
gpstest.c(57): warning:  #1-D: last line of file ends without a newline
linking...
Program Size: Code=1096 RO-data=236 RW-data=4 ZI-data=612  
FromELF: creating hex file...
"GPS.axf" - 0 Error(s), 2 Warning(s).
compiling gpstest.c...
gpstest.c(4): warning:  #1295-D: Deprecated declaration uart_init - give arg types
gpstest.c(56): warning:  #1-D: last line of file ends without a newline
gpstest.c - 0 Error(s), 2 Warning(s).
Build target 'Target 1'
linking...
Program Size: Code=1096 RO-data=236 RW-data=4 ZI-data=612  
FromELF: creating hex file...
"GPS.axf" - 0 Error(s), 0 Warning(s).
compiling gpstest.c...
gpstest.c(4): warning:  #1295-D: Deprecated declaration uart_init - give arg types
gpstest.c(53): warning:  #1-D: last line of file ends without a newline
gpstest.c - 0 Error(s), 2 Warning(s).
compiling gpstest.c...
gpstest.c(4): warning:  #1295-D: Deprecated declaration uart_init - give arg types
gpstest.c(53): warning:  #1-D: last line of file ends without a newline
gpstest.c - 0 Error(s), 2 Warning(s).
Build target 'Target 1'
linking...
Program Size: Code=1092 RO-data=240 RW-data=4 ZI-data=612  
FromELF: creating hex file...
"gpstest.axf" - 0 Error(s), 0 Warning(s).
Build target 'Target 1'
assembling startup_LPC17xx.s...
compiling system_LPC17xx.c...
compiling gpstest.c...
gpstest.c(4): warning:  #1295-D: Deprecated declaration uart_init - give arg types
gpstest.c(53): warning:  #1-D: last line of file ends without a newline
linking...
Program Size: Code=1092 RO-data=240 RW-data=4 ZI-data=612  
FromELF: creating hex file...
"gpstest.axf" - 0 Error(s), 2 Warning(s).
compiling gpstest.c...
gpstest.c(4): warning:  #1295-D: Deprecated declaration uart_init - give arg types
gpstest.c(53): warning:  #1-D: last line of file ends without a newline
gpstest.c - 0 Error(s), 2 Warning(s).
Build target 'Target 1'
linking...
Program Size: Code=1092 RO-data=240 RW-data=4 ZI-data=612  
FromELF: creating hex file...
"gpstest.axf" - 0 Error(s), 0 Warning(s).
compiling gpstest.c...
gpstest.c(4): warning:  #1295-D: Deprecated declaration uart_init - give arg types
gpstest.c(53): warning:  #1-D: last line of file ends without a newline
gpstest.c - 0 Error(s), 2 Warning(s).
Build target 'Target 1'
linking...
Program Size: Code=1092 RO-data=240 RW-data=4 ZI-data=612  
FromELF: creating hex file...
"gpstest.axf" - 0 Error(s), 0 Warning(s).
compiling gpstest.c...
gpstest.c(4): warning:  #1295-D: Deprecated declaration uart_init - give arg types
gpstest.c(56): warning:  #1-D: last line of file ends without a newline
gpstest.c - 0 Error(s), 2 Warning(s).
Build target 'Target 1'
linking...
Program Size: Code=1136 RO-data=228 RW-data=4 ZI-data=612  
FromELF: creating hex file...
"gpstest.axf" - 0 Error(s), 0 Warning(s).
Build target 'Target 1'
linking...
Program Size: Code=1136 RO-data=228 RW-data=4 ZI-data=612  
FromELF: creating hex file...
"gpstest.axf" - 0 Error(s), 0 Warning(s).
compiling gps1.c...
gps1.c(4): warning:  #1295-D: Deprecated declaration uart_init - give arg types
gps1.c(170): warning:  #1-D: last line of file ends without a newline
gps1.c - 0 Error(s), 2 Warning(s).
Build target 'Target 1'
linking...
Program Size: Code=1440 RO-data=432 RW-data=4 ZI-data=612  
FromELF: creating hex file...
"GPS.axf" - 0 Error(s), 0 Warning(s).
Build target 'Target 1'
assembling startup_LPC17xx.s...
compiling system_LPC17xx.c...
compiling gps1.c...
gps1.c(4): warning:  #1295-D: Deprecated declaration uart_init - give arg types
gps1.c(170): warning:  #1-D: last line of file ends without a newline
linking...
Program Size: Code=1440 RO-data=432 RW-data=4 ZI-data=612  
FromELF: creating hex file...
"GPS.axf" - 0 Error(s), 2 Warning(s).
compiling gps1.c...
gps1.c(4): warning:  #1295-D: Deprecated declaration uart_init - give arg types
gps1.c(9): warning:  #177-D: variable "time" was declared but never referenced
gps1.c(10): warning:  #177-D: variable "lat" was declared but never referenced
gps1.c(11): warning:  #177-D: variable "lon" was declared but never referenced
gps1.c(12): warning:  #177-D: variable "next" was declared but never referenced
gps1.c(13): warning:  #177-D: variable "msg" was declared but never referenced
gps1.c(14): warning:  #177-D: variable "frame" was declared but never referenced
gps1.c(15): warning:  #177-D: variable "j" was declared but never referenced
gps1.c(15): warning:  #177-D: variable "n" was declared but never referenced
gps1.c(15): warning:  #177-D: variable "y" was declared but never referenced
gps1.c(170): warning:  #1-D: last line of file ends without a newline
gps1.c - 0 Error(s), 11 Warning(s).
Build target 'Target 1'
linking...
Program Size: Code=1156 RO-data=228 RW-data=4 ZI-data=612  
FromELF: creating hex file...
"GPS.axf" - 0 Error(s), 0 Warning(s).
Build target 'Target 1'
assembling startup_LPC17xx.s...
compiling system_LPC17xx.c...
compiling gps1.c...
gps1.c(4): warning:  #1295-D: Deprecated declaration uart_init - give arg types
gps1.c(9): warning:  #177-D: variable "time" was declared but never referenced
gps1.c(10): warning:  #177-D: variable "lat" was declared but never referenced
gps1.c(11): warning:  #177-D: variable "lon" was declared but never referenced
gps1.c(12): warning:  #177-D: variable "next" was declared but never referenced
gps1.c(13): warning:  #177-D: variable "msg" was declared but never referenced
gps1.c(14): warning:  #177-D: variable "frame" was declared but never referenced
gps1.c(15): warning:  #177-D: variable "j" was declared but never referenced
gps1.c(15): warning:  #177-D: variable "n" was declared but never referenced
gps1.c(15): warning:  #177-D: variable "y" was declared but never referenced
gps1.c(170): warning:  #1-D: last line of file ends without a newline
linking...
Program Size: Code=1156 RO-data=228 RW-data=4 ZI-data=612  
FromELF: creating hex file...
"GPS.axf" - 0 Error(s), 11 Warning(s).
compiling gps1.c...
gps1.c(4): warning:  #1295-D: Deprecated declaration uart_init - give arg types
gps1.c(9): warning:  #177-D: variable "time" was declared but never referenced
gps1.c(10): warning:  #177-D: variable "lat" was declared but never referenced
gps1.c(11): warning:  #177-D: variable "lon" was declared but never referenced
gps1.c(12): warning:  #177-D: variable "next" was declared but never referenced
gps1.c(13): warning:  #177-D: variable "msg" was declared but never referenced
gps1.c(14): warning:  #177-D: variable "frame" was declared but never referenced
gps1.c(15): warning:  #177-D: variable "j" was declared but never referenced
gps1.c(15): warning:  #177-D: variable "n" was declared but never referenced
gps1.c(15): warning:  #177-D: variable "y" was declared but never referenced
gps1.c(170): warning:  #1-D: last line of file ends without a newline
gps1.c - 0 Error(s), 11 Warning(s).
Build target 'Target 1'
linking...
Program Size: Code=1156 RO-data=228 RW-data=4 ZI-data=612  
FromELF: creating hex file...
"GPS.axf" - 0 Error(s), 0 Warning(s).
compiling gps1.c...
gps1.c(4): warning:  #1295-D: Deprecated declaration uart_init - give arg types
gps1.c(170): warning:  #1-D: last line of file ends without a newline
gps1.c - 0 Error(s), 2 Warning(s).
Build target 'Target 1'
linking...
Program Size: Code=1440 RO-data=432 RW-data=4 ZI-data=612  
FromELF: creating hex file...
"GPS.axf" - 0 Error(s), 0 Warning(s).
Build target 'Target 1'
assembling startup_LPC17xx.s...
compiling system_LPC17xx.c...
compiling gps1.c...
gps1.c(4): warning:  #1295-D: Deprecated declaration uart_init - give arg types
gps1.c(170): warning:  #1-D: last line of file ends without a newline
linking...
Program Size: Code=1440 RO-data=432 RW-data=4 ZI-data=612  
FromELF: creating hex file...
"GPS.axf" - 0 Error(s), 2 Warning(s).
compiling gps1.c...
gps1.c(4): warning:  #1295-D: Deprecated declaration uart_init - give arg types
gps1.c(9): warning:  #177-D: variable "time" was declared but never referenced
gps1.c(10): warning:  #177-D: variable "lat" was declared but never referenced
gps1.c(11): warning:  #177-D: variable "lon" was declared but never referenced
gps1.c(12): warning:  #177-D: variable "next" was declared but never referenced
gps1.c(13): warning:  #177-D: variable "msg" was declared but never referenced
gps1.c(14): warning:  #177-D: variable "frame" was declared but never referenced
gps1.c(15): warning:  #177-D: variable "j" was declared but never referenced
gps1.c(15): warning:  #177-D: variable "n" was declared but never referenced
gps1.c(15): warning:  #177-D: variable "y" was declared but never referenced
gps1.c(170): warning:  #1-D: last line of file ends without a newline
gps1.c - 0 Error(s), 11 Warning(s).
Build target 'Target 1'
linking...
Program Size: Code=1180 RO-data=228 RW-data=4 ZI-data=612  
FromELF: creating hex file...
"GPS.axf" - 0 Error(s), 0 Warning(s).
compiling gps1.c...
gps1.c(4): warning:  #1295-D: Deprecated declaration uart_init - give arg types
gps1.c(9): warning:  #177-D: variable "time" was declared but never referenced
gps1.c(10): warning:  #177-D: variable "lat" was declared but never referenced
gps1.c(11): warning:  #177-D: variable "lon" was declared but never referenced
gps1.c(12): warning:  #177-D: variable "next" was declared but never referenced
gps1.c(15): warning:  #177-D: variable "j" was declared but never referenced
gps1.c(15): warning:  #177-D: variable "n" was declared but never referenced
gps1.c(15): warning:  #550-D: variable "y" was set but never used
gps1.c(171): warning:  #1-D: last line of file ends without a newline
gps1.c - 0 Error(s), 9 Warning(s).
Build target 'Target 1'
linking...
Program Size: Code=1232 RO-data=228 RW-data=4 ZI-data=612  
FromELF: creating hex file...
"GPS.axf" - 0 Error(s), 0 Warning(s).
Build target 'Target 1'
assembling startup_LPC17xx.s...
compiling system_LPC17xx.c...
compiling gps1.c...
gps1.c(4): warning:  #1295-D: Deprecated declaration uart_init - give arg types
gps1.c(9): warning:  #177-D: variable "time" was declared but never referenced
gps1.c(10): warning:  #177-D: variable "lat" was declared but never referenced
gps1.c(11): warning:  #177-D: variable "lon" was declared but never referenced
gps1.c(12): warning:  #177-D: variable "next" was declared but never referenced
gps1.c(15): warning:  #177-D: variable "j" was declared but never referenced
gps1.c(15): warning:  #177-D: variable "n" was declared but never referenced
gps1.c(15): warning:  #550-D: variable "y" was set but never used
gps1.c(171): warning:  #1-D: last line of file ends without a newline
linking...
Program Size: Code=1232 RO-data=228 RW-data=4 ZI-data=612  
FromELF: creating hex file...
"GPS.axf" - 0 Error(s), 9 Warning(s).
compiling gps1.c...
gps1.c(4): warning:  #1295-D: Deprecated declaration uart_init - give arg types
gps1.c(9): warning:  #177-D: variable "time" was declared but never referenced
gps1.c(10): warning:  #177-D: variable "lat" was declared but never referenced
gps1.c(11): warning:  #177-D: variable "lon" was declared but never referenced
gps1.c(12): warning:  #177-D: variable "next" was declared but never referenced
gps1.c(15): warning:  #177-D: variable "j" was declared but never referenced
gps1.c(15): warning:  #177-D: variable "n" was declared but never referenced
gps1.c(15): warning:  #550-D: variable "y" was set but never used
gps1.c(173): warning:  #1-D: last line of file ends without a newline
gps1.c - 0 Error(s), 9 Warning(s).
Build target 'Target 1'
linking...
Program Size: Code=1232 RO-data=228 RW-data=4 ZI-data=612  
FromELF: creating hex file...
"GPS.axf" - 0 Error(s), 0 Warning(s).
compiling gps1.c...
gps1.c(4): warning:  #1295-D: Deprecated declaration uart_init - give arg types
gps1.c(9): warning:  #177-D: variable "time" was declared but never referenced
gps1.c(10): warning:  #177-D: variable "lat" was declared but never referenced
gps1.c(11): warning:  #177-D: variable "lon" was declared but never referenced
gps1.c(12): warning:  #177-D: variable "next" was declared but never referenced
gps1.c(15): warning:  #177-D: variable "j" was declared but never referenced
gps1.c(15): warning:  #177-D: variable "n" was declared but never referenced
gps1.c(15): warning:  #550-D: variable "y" was set but never used
gps1.c(173): warning:  #1-D: last line of file ends without a newline
gps1.c - 0 Error(s), 9 Warning(s).
Build target 'Target 1'
linking...
Program Size: Code=1232 RO-data=228 RW-data=4 ZI-data=612  
FromELF: creating hex file...
"GPS.axf" - 0 Error(s), 0 Warning(s).
Build target 'Target 1'
linking...
Program Size: Code=1232 RO-data=228 RW-data=4 ZI-data=612  
FromELF: creating hex file...
"GPS.axf" - 0 Error(s), 0 Warning(s).
compiling gps1.c...
gps1.c(4): warning:  #1295-D: Deprecated declaration uart_init - give arg types
gps1.c(9): warning:  #177-D: variable "time" was declared but never referenced
gps1.c(10): warning:  #177-D: variable "lat" was declared but never referenced
gps1.c(11): warning:  #177-D: variable "lon" was declared but never referenced
gps1.c(12): warning:  #177-D: variable "next" was declared but never referenced
gps1.c(15): warning:  #177-D: variable "j" was declared but never referenced
gps1.c(15): warning:  #177-D: variable "n" was declared but never referenced
gps1.c(15): warning:  #550-D: variable "y" was set but never used
gps1.c(175): warning:  #1-D: last line of file ends without a newline
gps1.c - 0 Error(s), 9 Warning(s).
Build target 'Target 1'
linking...
Program Size: Code=1240 RO-data=228 RW-data=4 ZI-data=612  
FromELF: creating hex file...
"GPS.axf" - 0 Error(s), 0 Warning(s).
compiling gps1.c...
gps1.c(4): warning:  #1295-D: Deprecated declaration uart_init - give arg types
gps1.c(9): warning:  #177-D: variable "time" was declared but never referenced
gps1.c(10): warning:  #177-D: variable "lat" was declared but never referenced
gps1.c(11): warning:  #177-D: variable "lon" was declared but never referenced
gps1.c(12): warning:  #177-D: variable "next" was declared but never referenced
gps1.c(15): warning:  #177-D: variable "j" was declared but never referenced
gps1.c(15): warning:  #177-D: variable "n" was declared but never referenced
gps1.c(15): warning:  #550-D: variable "y" was set but never used
gps1.c(175): warning:  #1-D: last line of file ends without a newline
gps1.c - 0 Error(s), 9 Warning(s).
Build target 'Target 1'
linking...
Program Size: Code=1240 RO-data=228 RW-data=4 ZI-data=612  
FromELF: creating hex file...
"GPS.axf" - 0 Error(s), 0 Warning(s).
compiling gps1.c...
gps1.c(4): warning:  #1295-D: Deprecated declaration uart_init - give arg types
gps1.c(51): warning:  #174-D: expression has no effect
gps1.c(51): error:  #65: expected a ";"
gps1.c(9): warning:  #177-D: variable "time" was declared but never referenced
gps1.c(10): warning:  #177-D: variable "lat" was declared but never referenced
gps1.c(11): warning:  #177-D: variable "lon" was declared but never referenced
gps1.c(12): warning:  #177-D: variable "next" was declared but never referenced
gps1.c(15): warning:  #177-D: variable "j" was declared but never referenced
gps1.c(15): warning:  #177-D: variable "n" was declared but never referenced
gps1.c(180): warning:  #1-D: last line of file ends without a newline
gps1.c - 1 Error(s), 9 Warning(s).
compiling gps1.c...
gps1.c(4): warning:  #1295-D: Deprecated declaration uart_init - give arg types
gps1.c(9): warning:  #177-D: variable "time" was declared but never referenced
gps1.c(10): warning:  #177-D: variable "lat" was declared but never referenced
gps1.c(11): warning:  #177-D: variable "lon" was declared but never referenced
gps1.c(12): warning:  #177-D: variable "next" was declared but never referenced
gps1.c(15): warning:  #177-D: variable "j" was declared but never referenced
gps1.c(15): warning:  #177-D: variable "n" was declared but never referenced
gps1.c(180): warning:  #1-D: last line of file ends without a newline
gps1.c - 0 Error(s), 8 Warning(s).
Build target 'Target 1'
linking...
Program Size: Code=1260 RO-data=228 RW-data=4 ZI-data=612  
FromELF: creating hex file...
"GPS.axf" - 0 Error(s), 0 Warning(s).
compiling gps1.c...
gps1.c(4): warning:  #1295-D: Deprecated declaration uart_init - give arg types
gps1.c(9): warning:  #177-D: variable "time" was declared but never referenced
gps1.c(10): warning:  #177-D: variable "lat" was declared but never referenced
gps1.c(11): warning:  #177-D: variable "lon" was declared but never referenced
gps1.c(12): warning:  #177-D: variable "next" was declared but never referenced
gps1.c(15): warning:  #177-D: variable "j" was declared but never referenced
gps1.c(15): warning:  #177-D: variable "n" was declared but never referenced
gps1.c(180): warning:  #1-D: last line of file ends without a newline
gps1.c - 0 Error(s), 8 Warning(s).
Build target 'Target 1'
linking...
Program Size: Code=1240 RO-data=228 RW-data=4 ZI-data=612  
FromELF: creating hex file...
"GPS.axf" - 0 Error(s), 0 Warning(s).
compiling gps1.c...
gps1.c(4): warning:  #1295-D: Deprecated declaration uart_init - give arg types
gps1.c(9): warning:  #177-D: variable "time" was declared but never referenced
gps1.c(10): warning:  #177-D: variable "lat" was declared but never referenced
gps1.c(11): warning:  #177-D: variable "lon" was declared but never referenced
gps1.c(12): warning:  #177-D: variable "next" was declared but never referenced
gps1.c(13): warning:  #177-D: variable "msg" was declared but never referenced
gps1.c(15): warning:  #177-D: variable "j" was declared but never referenced
gps1.c(15): warning:  #177-D: variable "n" was declared but never referenced
gps1.c(180): warning:  #1-D: last line of file ends without a newline
gps1.c - 0 Error(s), 9 Warning(s).
Build target 'Target 1'
linking...
Program Size: Code=1236 RO-data=228 RW-data=4 ZI-data=612  
FromELF: creating hex file...
"GPS.axf" - 0 Error(s), 0 Warning(s).
compiling gps1.c...
gps1.c(4): warning:  #1295-D: Deprecated declaration uart_init - give arg types
gps1.c(9): warning:  #177-D: variable "time" was declared but never referenced
gps1.c(10): warning:  #177-D: variable "lat" was declared but never referenced
gps1.c(11): warning:  #177-D: variable "lon" was declared but never referenced
gps1.c(12): warning:  #177-D: variable "next" was declared but never referenced
gps1.c(13): warning:  #177-D: variable "msg" was declared but never referenced
gps1.c(15): warning:  #177-D: variable "j" was declared but never referenced
gps1.c(15): warning:  #177-D: variable "n" was declared but never referenced
gps1.c(180): warning:  #1-D: last line of file ends without a newline
gps1.c - 0 Error(s), 9 Warning(s).
Build target 'Target 1'
linking...
Program Size: Code=1240 RO-data=228 RW-data=4 ZI-data=612  
FromELF: creating hex file...
"GPS.axf" - 0 Error(s), 0 Warning(s).
compiling gps1.c...
gps1.c(4): warning:  #1295-D: Deprecated declaration uart_init - give arg types
gps1.c(149): error:  #127: expected a statement
gps1.c(9): warning:  #177-D: variable "time" was declared but never referenced
gps1.c(10): warning:  #177-D: variable "lat" was declared but never referenced
gps1.c(11): warning:  #177-D: variable "lon" was declared but never referenced
gps1.c(12): warning:  #177-D: variable "next" was declared but never referenced
gps1.c(13): warning:  #177-D: variable "msg" was declared but never referenced
gps1.c(15): warning:  #177-D: variable "j" was declared but never referenced
gps1.c(15): warning:  #177-D: variable "n" was declared but never referenced
gps1.c(182): warning:  #1-D: last line of file ends without a newline
gps1.c - 1 Error(s), 9 Warning(s).
Build target 'Target 1'
compiling gps1.c...
gps1.c(4): warning:  #1295-D: Deprecated declaration uart_init - give arg types
gps1.c(149): error:  #127: expected a statement
gps1.c(9): warning:  #177-D: variable "time" was declared but never referenced
gps1.c(10): warning:  #177-D: variable "lat" was declared but never referenced
gps1.c(11): warning:  #177-D: variable "lon" was declared but never referenced
gps1.c(12): warning:  #177-D: variable "next" was declared but never referenced
gps1.c(13): warning:  #177-D: variable "msg" was declared but never referenced
gps1.c(15): warning:  #177-D: variable "j" was declared but never referenced
gps1.c(15): warning:  #177-D: variable "n" was declared but never referenced
gps1.c(182): warning:  #1-D: last line of file ends without a newline
Target not created
compiling gps1.c...
gps1.c(4): warning:  #1295-D: Deprecated declaration uart_init - give arg types
gps1.c(149): error:  #127: expected a statement
gps1.c(9): warning:  #177-D: variable "time" was declared but never referenced
gps1.c(10): warning:  #177-D: variable "lat" was declared but never referenced
gps1.c(11): warning:  #177-D: variable "lon" was declared but never referenced
gps1.c(12): warning:  #177-D: variable "next" was declared but never referenced
gps1.c(13): warning:  #177-D: variable "msg" was declared but never referenced
gps1.c(15): warning:  #177-D: variable "j" was declared but never referenced
gps1.c(15): warning:  #177-D: variable "n" was declared but never referenced
gps1.c(182): warning:  #1-D: last line of file ends without a newline
gps1.c - 1 Error(s), 9 Warning(s).
compiling gps1.c...
gps1.c(4): warning:  #1295-D: Deprecated declaration uart_init - give arg types
gps1.c(9): warning:  #177-D: variable "time" was declared but never referenced
gps1.c(10): warning:  #177-D: variable "lat" was declared but never referenced
gps1.c(11): warning:  #177-D: variable "lon" was declared but never referenced
gps1.c(12): warning:  #177-D: variable "next" was declared but never referenced
gps1.c(13): warning:  #177-D: variable "msg" was declared but never referenced
gps1.c(15): warning:  #177-D: variable "j" was declared but never referenced
gps1.c(15): warning:  #177-D: variable "n" was declared but never referenced
gps1.c(183): warning:  #1-D: last line of file ends without a newline
gps1.c - 0 Error(s), 9 Warning(s).
Build target 'Target 1'
linking...
Program Size: Code=1256 RO-data=228 RW-data=4 ZI-data=612  
FromELF: creating hex file...
"GPS.axf" - 0 Error(s), 0 Warning(s).
compiling gps1.c...
gps1.c(4): warning:  #1295-D: Deprecated declaration uart_init - give arg types
gps1.c(9): warning:  #177-D: variable "time" was declared but never referenced
gps1.c(10): warning:  #177-D: variable "lat" was declared but never referenced
gps1.c(11): warning:  #177-D: variable "lon" was declared but never referenced
gps1.c(12): warning:  #177-D: variable "next" was declared but never referenced
gps1.c(13): warning:  #177-D: variable "msg" was declared but never referenced
gps1.c(15): warning:  #177-D: variable "j" was declared but never referenced
gps1.c(15): warning:  #177-D: variable "n" was declared but never referenced
gps1.c(183): warning:  #1-D: last line of file ends without a newline
gps1.c - 0 Error(s), 9 Warning(s).
Build target 'Target 1'
linking...
Program Size: Code=1256 RO-data=228 RW-data=4 ZI-data=612  
FromELF: creating hex file...
"GPS.axf" - 0 Error(s), 0 Warning(s).
Build target 'Target 1'
assembling startup_LPC17xx.s...
compiling system_LPC17xx.c...
compiling gps1.c...
gps1.c(4): warning:  #1295-D: Deprecated declaration uart_init - give arg types
gps1.c(9): warning:  #177-D: variable "time" was declared but never referenced
gps1.c(10): warning:  #177-D: variable "lat" was declared but never referenced
gps1.c(11): warning:  #177-D: variable "lon" was declared but never referenced
gps1.c(12): warning:  #177-D: variable "next" was declared but never referenced
gps1.c(13): warning:  #177-D: variable "msg" was declared but never referenced
gps1.c(15): warning:  #177-D: variable "j" was declared but never referenced
gps1.c(15): warning:  #177-D: variable "n" was declared but never referenced
gps1.c(183): warning:  #1-D: last line of file ends without a newline
linking...
Program Size: Code=1256 RO-data=228 RW-data=4 ZI-data=612  
FromELF: creating hex file...
"GPS.axf" - 0 Error(s), 9 Warning(s).
compiling gps1.c...
gps1.c(4): warning:  #1295-D: Deprecated declaration uart_init - give arg types
gps1.c(9): warning:  #177-D: variable "time" was declared but never referenced
gps1.c(10): warning:  #177-D: variable "lat" was declared but never referenced
gps1.c(11): warning:  #177-D: variable "lon" was declared but never referenced
gps1.c(12): warning:  #177-D: variable "next" was declared but never referenced
gps1.c(13): warning:  #177-D: variable "msg" was declared but never referenced
gps1.c(14): warning:  #177-D: variable "frame" was declared but never referenced
gps1.c(15): warning:  #177-D: variable "j" was declared but never referenced
gps1.c(15): warning:  #177-D: variable "n" was declared but never referenced
gps1.c(15): warning:  #177-D: variable "y" was declared but never referenced
gps1.c(184): warning:  #1-D: last line of file ends without a newline
gps1.c - 0 Error(s), 11 Warning(s).
compiling gps1.c...
gps1.c(4): warning:  #1295-D: Deprecated declaration uart_init - give arg types
gps1.c(9): warning:  #177-D: variable "time" was declared but never referenced
gps1.c(10): warning:  #177-D: variable "lat" was declared but never referenced
gps1.c(11): warning:  #177-D: variable "lon" was declared but never referenced
gps1.c(13): warning:  #177-D: variable "msg" was declared but never referenced
gps1.c(14): warning:  #177-D: variable "frame" was declared but never referenced
gps1.c(15): warning:  #177-D: variable "j" was declared but never referenced
gps1.c(15): warning:  #177-D: variable "n" was declared but never referenced
gps1.c(15): warning:  #177-D: variable "y" was declared but never referenced
gps1.c(185): warning:  #1-D: last line of file ends without a newline
gps1.c - 0 Error(s), 10 Warning(s).
Build target 'Target 1'
linking...
Program Size: Code=1176 RO-data=228 RW-data=4 ZI-data=612  
FromELF: creating hex file...
"GPS.axf" - 0 Error(s), 0 Warning(s).
Build target 'Target 1'
assembling startup_LPC17xx.s...
compiling system_LPC17xx.c...
compiling gps1.c...
gps1.c(4): warning:  #1295-D: Deprecated declaration uart_init - give arg types
gps1.c(9): warning:  #177-D: variable "time" was declared but never referenced
gps1.c(10): warning:  #177-D: variable "lat" was declared but never referenced
gps1.c(11): warning:  #177-D: variable "lon" was declared but never referenced
gps1.c(13): warning:  #177-D: variable "msg" was declared but never referenced
gps1.c(14): warning:  #177-D: variable "frame" was declared but never referenced
gps1.c(15): warning:  #177-D: variable "j" was declared but never referenced
gps1.c(15): warning:  #177-D: variable "n" was declared but never referenced
gps1.c(15): warning:  #177-D: variable "y" was declared but never referenced
gps1.c(185): warning:  #1-D: last line of file ends without a newline
linking...
Program Size: Code=1176 RO-data=228 RW-data=4 ZI-data=612  
FromELF: creating hex file...
"GPS.axf" - 0 Error(s), 10 Warning(s).
compiling gps1.c...
gps1.c(4): warning:  #1295-D: Deprecated declaration uart_init - give arg types
gps1.c(9): warning:  #177-D: variable "time" was declared but never referenced
gps1.c(10): warning:  #177-D: variable "lat" was declared but never referenced
gps1.c(11): warning:  #177-D: variable "lon" was declared but never referenced
gps1.c(13): warning:  #177-D: variable "msg" was declared but never referenced
gps1.c(14): warning:  #177-D: variable "frame" was declared but never referenced
gps1.c(15): warning:  #177-D: variable "j" was declared but never referenced
gps1.c(15): warning:  #177-D: variable "n" was declared but never referenced
gps1.c(15): warning:  #177-D: variable "y" was declared but never referenced
gps1.c(186): warning:  #1-D: last line of file ends without a newline
gps1.c - 0 Error(s), 10 Warning(s).
Build target 'Target 1'
linking...
Program Size: Code=1176 RO-data=228 RW-data=4 ZI-data=612  
FromELF: creating hex file...
"GPS.axf" - 0 Error(s), 0 Warning(s).
compiling gps1.c...
gps1.c(4): warning:  #1295-D: Deprecated declaration uart_init - give arg types
gps1.c(9): warning:  #177-D: variable "time" was declared but never referenced
gps1.c(10): warning:  #177-D: variable "lat" was declared but never referenced
gps1.c(11): warning:  #177-D: variable "lon" was declared but never referenced
gps1.c(13): warning:  #177-D: variable "msg" was declared but never referenced
gps1.c(14): warning:  #177-D: variable "frame" was declared but never referenced
gps1.c(15): warning:  #177-D: variable "j" was declared but never referenced
gps1.c(15): warning:  #177-D: variable "n" was declared but never referenced
gps1.c(15): warning:  #177-D: variable "y" was declared but never referenced
gps1.c(186): warning:  #1-D: last line of file ends without a newline
gps1.c - 0 Error(s), 10 Warning(s).
Build target 'Target 1'
linking...
Program Size: Code=1176 RO-data=228 RW-data=4 ZI-data=612  
FromELF: creating hex file...
"GPS1.axf" - 0 Error(s), 0 Warning(s).
compiling gps1.c...
gps1.c(4): warning:  #1295-D: Deprecated declaration uart_init - give arg types
gps1.c(9): warning:  #177-D: variable "time" was declared but never referenced
gps1.c(10): warning:  #177-D: variable "lat" was declared but never referenced
gps1.c(11): warning:  #177-D: variable "lon" was declared but never referenced
gps1.c(12): warning:  #177-D: variable "next" was declared but never referenced
gps1.c(13): warning:  #177-D: variable "msg" was declared but never referenced
gps1.c(14): warning:  #177-D: variable "frame" was declared but never referenced
gps1.c(15): warning:  #177-D: variable "j" was declared but never referenced
gps1.c(15): warning:  #177-D: variable "n" was declared but never referenced
gps1.c(15): warning:  #177-D: variable "y" was declared but never referenced
gps1.c(189): warning:  #1-D: last line of file ends without a newline
gps1.c - 0 Error(s), 11 Warning(s).
Build target 'Target 1'
linking...
Program Size: Code=1176 RO-data=228 RW-data=4 ZI-data=612  
FromELF: creating hex file...
"GPS1.axf" - 0 Error(s), 0 Warning(s).
compiling gps1.c...
gps1.c(4): warning:  #1295-D: Deprecated declaration uart_init - give arg types
gps1.c(128): warning:  #127-D: expected a statement
gps1.c(13): warning:  #177-D: variable "msg" was declared but never referenced
gps1.c(14): warning:  #177-D: variable "frame" was declared but never referenced
gps1.c(161): warning:  #1-D: last line of file ends without a newline
gps1.c - 0 Error(s), 5 Warning(s).
Build target 'Target 1'
linking...
Program Size: Code=1396 RO-data=432 RW-data=4 ZI-data=612  
FromELF: creating hex file...
"GPS1.axf" - 0 Error(s), 0 Warning(s).
compiling gps1.c...
gps1.c(4): warning:  #1295-D: Deprecated declaration uart_init - give arg types
gps1.c(125): warning:  #127-D: expected a statement
gps1.c(13): warning:  #177-D: variable "msg" was declared but never referenced
gps1.c(14): warning:  #177-D: variable "frame" was declared but never referenced
gps1.c(15): warning:  #550-D: variable "y" was set but never used
gps1.c(158): warning:  #1-D: last line of file ends without a newline
gps1.c - 0 Error(s), 6 Warning(s).
Build target 'Target 1'
linking...
Program Size: Code=1388 RO-data=432 RW-data=4 ZI-data=612  
FromELF: creating hex file...
"GPS1.axf" - 0 Error(s), 0 Warning(s).
compiling gps12.c...
gps12.c(4): warning:  #1295-D: Deprecated declaration uart_init - give arg types
gps12.c(9): warning:  #177-D: variable "time" was declared but never referenced
gps12.c(10): warning:  #177-D: variable "lat" was declared but never referenced
gps12.c(11): warning:  #177-D: variable "lon" was declared but never referenced
gps12.c(12): warning:  #177-D: variable "next" was declared but never referenced
gps12.c(13): warning:  #177-D: variable "msg" was declared but never referenced
gps12.c(14): warning:  #177-D: variable "frame" was declared but never referenced
gps12.c(15): warning:  #177-D: variable "j" was declared but never referenced
gps12.c(15): warning:  #177-D: variable "n" was declared but never referenced
gps12.c(15): warning:  #177-D: variable "y" was declared but never referenced
gps12.c(71): warning:  #1-D: last line of file ends without a newline
gps12.c - 0 Error(s), 11 Warning(s).
Build target 'Target 1'
assembling startup_LPC17xx.s...
compiling system_LPC17xx.c...
compiling gps12.c...
gps12.c(4): warning:  #1295-D: Deprecated declaration uart_init - give arg types
gps12.c(9): warning:  #177-D: variable "time" was declared but never referenced
gps12.c(10): warning:  #177-D: variable "lat" was declared but never referenced
gps12.c(11): warning:  #177-D: variable "lon" was declared but never referenced
gps12.c(12): warning:  #177-D: variable "next" was declared but never referenced
gps12.c(13): warning:  #177-D: variable "msg" was declared but never referenced
gps12.c(14): warning:  #177-D: variable "frame" was declared but never referenced
gps12.c(15): warning:  #177-D: variable "j" was declared but never referenced
gps12.c(15): warning:  #177-D: variable "n" was declared but never referenced
gps12.c(15): warning:  #177-D: variable "y" was declared but never referenced
gps12.c(71): warning:  #1-D: last line of file ends without a newline
linking...
Program Size: Code=1164 RO-data=228 RW-data=4 ZI-data=612  
FromELF: creating hex file...
"GPS1.axf" - 0 Error(s), 11 Warning(s).
compiling gps12.c...
gps12.c(4): warning:  #1295-D: Deprecated declaration uart_init - give arg types
gps12.c(9): warning:  #177-D: variable "time" was declared but never referenced
gps12.c(10): warning:  #177-D: variable "lat" was declared but never referenced
gps12.c(11): warning:  #177-D: variable "lon" was declared but never referenced
gps12.c(12): warning:  #177-D: variable "next" was declared but never referenced
gps12.c(13): warning:  #177-D: variable "msg" was declared but never referenced
gps12.c(14): warning:  #177-D: variable "frame" was declared but never referenced
gps12.c(15): warning:  #177-D: variable "j" was declared but never referenced
gps12.c(15): warning:  #177-D: variable "n" was declared but never referenced
gps12.c(15): warning:  #177-D: variable "y" was declared but never referenced
gps12.c(71): warning:  #1-D: last line of file ends without a newline
gps12.c - 0 Error(s), 11 Warning(s).
Build target 'Target 1'
linking...
Program Size: Code=1164 RO-data=228 RW-data=4 ZI-data=612  
FromELF: creating hex file...
"GPS1.axf" - 0 Error(s), 0 Warning(s).
Build target 'Target 1'
assembling startup_LPC17xx.s...
compiling system_LPC17xx.c...
compiling gps12.c...
gps12.c(4): warning:  #1295-D: Deprecated declaration uart_init - give arg types
gps12.c(9): warning:  #177-D: variable "time" was declared but never referenced
gps12.c(10): warning:  #177-D: variable "lat" was declared but never referenced
gps12.c(11): warning:  #177-D: variable "lon" was declared but never referenced
gps12.c(12): warning:  #177-D: variable "next" was declared but never referenced
gps12.c(13): warning:  #177-D: variable "msg" was declared but never referenced
gps12.c(14): warning:  #177-D: variable "frame" was declared but never referenced
gps12.c(15): warning:  #177-D: variable "j" was declared but never referenced
gps12.c(15): warning:  #177-D: variable "n" was declared but never referenced
gps12.c(15): warning:  #177-D: variable "y" was declared but never referenced
gps12.c(71): warning:  #1-D: last line of file ends without a newline
linking...
Program Size: Code=1164 RO-data=228 RW-data=4 ZI-data=612  
FromELF: creating hex file...
"GPS1.axf" - 0 Error(s), 11 Warning(s).
compiling gps12.c...
gps12.c(4): warning:  #1295-D: Deprecated declaration uart_init - give arg types
gps12.c(9): warning:  #550-D: variable "time" was set but never used
gps12.c(10): warning:  #550-D: variable "lat" was set but never used
gps12.c(11): warning:  #550-D: variable "lon" was set but never used
gps12.c(12): warning:  #177-D: variable "next" was declared but never referenced
gps12.c(13): warning:  #177-D: variable "msg" was declared but never referenced
gps12.c(14): warning:  #177-D: variable "frame" was declared but never referenced
gps12.c(15): warning:  #177-D: variable "n" was declared but never referenced
gps12.c(15): warning:  #177-D: variable "y" was declared but never referenced
gps12.c(91): warning:  #1-D: last line of file ends without a newline
gps12.c - 0 Error(s), 10 Warning(s).
Build target 'Target 1'
linking...
Program Size: Code=1240 RO-data=228 RW-data=4 ZI-data=612  
FromELF: creating hex file...
"GPS1.axf" - 0 Error(s), 0 Warning(s).
Build target 'Target 1'
assembling startup_LPC17xx.s...
compiling system_LPC17xx.c...
compiling gps12.c...
gps12.c(4): warning:  #1295-D: Deprecated declaration uart_init - give arg types
gps12.c(9): warning:  #550-D: variable "time" was set but never used
gps12.c(10): warning:  #550-D: variable "lat" was set but never used
gps12.c(11): warning:  #550-D: variable "lon" was set but never used
gps12.c(12): warning:  #177-D: variable "next" was declared but never referenced
gps12.c(13): warning:  #177-D: variable "msg" was declared but never referenced
gps12.c(14): warning:  #177-D: variable "frame" was declared but never referenced
gps12.c(15): warning:  #177-D: variable "n" was declared but never referenced
gps12.c(15): warning:  #177-D: variable "y" was declared but never referenced
gps12.c(91): warning:  #1-D: last line of file ends without a newline
linking...
Program Size: Code=1240 RO-data=228 RW-data=4 ZI-data=612  
FromELF: creating hex file...
"GPS1.axf" - 0 Error(s), 10 Warning(s).
compiling gps12.c...
gps12.c(4): warning:  #1295-D: Deprecated declaration uart_init - give arg types
gps12.c(11): warning:  #550-D: variable "lon" was set but never used
gps12.c(13): warning:  #177-D: variable "msg" was declared but never referenced
gps12.c(14): warning:  #177-D: variable "frame" was declared but never referenced
gps12.c(15): warning:  #177-D: variable "n" was declared but never referenced
gps12.c(15): warning:  #177-D: variable "y" was declared but never referenced
gps12.c(96): warning:  #1-D: last line of file ends without a newline
gps12.c - 0 Error(s), 7 Warning(s).
Build target 'Target 1'
linking...
Program Size: Code=1272 RO-data=432 RW-data=4 ZI-data=612  
FromELF: creating hex file...
"GPS1.axf" - 0 Error(s), 0 Warning(s).
compiling gps12.c...
gps12.c(4): warning:  #1295-D: Deprecated declaration uart_init - give arg types
gps12.c(11): warning:  #550-D: variable "lon" was set but never used
gps12.c(13): warning:  #177-D: variable "msg" was declared but never referenced
gps12.c(14): warning:  #177-D: variable "frame" was declared but never referenced
gps12.c(15): warning:  #177-D: variable "n" was declared but never referenced
gps12.c(15): warning:  #177-D: variable "y" was declared but never referenced
gps12.c(94): warning:  #1-D: last line of file ends without a newline
gps12.c - 0 Error(s), 7 Warning(s).
Build target 'Target 1'
linking...
Program Size: Code=1264 RO-data=432 RW-data=4 ZI-data=612  
FromELF: creating hex file...
"GPS1.axf" - 0 Error(s), 0 Warning(s).
compiling gps12.c...
gps12.c(4): warning:  #1295-D: Deprecated declaration uart_init - give arg types
gps12.c(9): warning:  #177-D: variable "time" was declared but never referenced
gps12.c(10): warning:  #177-D: variable "lat" was declared but never referenced
gps12.c(11): warning:  #177-D: variable "lon" was declared but never referenced
gps12.c(12): warning:  #177-D: variable "next" was declared but never referenced
gps12.c(13): warning:  #177-D: variable "msg" was declared but never referenced
gps12.c(14): warning:  #177-D: variable "frame" was declared but never referenced
gps12.c(15): warning:  #177-D: variable "j" was declared but never referenced
gps12.c(15): warning:  #177-D: variable "n" was declared but never referenced
gps12.c(15): warning:  #177-D: variable "y" was declared but never referenced
gps12.c(94): warning:  #1-D: last line of file ends without a newline
gps12.c - 0 Error(s), 11 Warning(s).
Build target 'Target 1'
linking...
Program Size: Code=1164 RO-data=228 RW-data=4 ZI-data=612  
FromELF: creating hex file...
"GPS1.axf" - 0 Error(s), 0 Warning(s).
compiling gps12.c...
gps12.c(4): warning:  #1295-D: Deprecated declaration uart_init - give arg types
gps12.c(9): warning:  #177-D: variable "time" was declared but never referenced
gps12.c(10): warning:  #177-D: variable "lat" was declared but never referenced
gps12.c(11): warning:  #177-D: variable "lon" was declared but never referenced
gps12.c(12): warning:  #177-D: variable "next" was declared but never referenced
gps12.c(13): warning:  #177-D: variable "msg" was declared but never referenced
gps12.c(14): warning:  #177-D: variable "frame" was declared but never referenced
gps12.c(15): warning:  #177-D: variable "j" was declared but never referenced
gps12.c(15): warning:  #177-D: variable "n" was declared but never referenced
gps12.c(15): warning:  #177-D: variable "y" was declared but never referenced
gps12.c(94): warning:  #1-D: last line of file ends without a newline
gps12.c - 0 Error(s), 11 Warning(s).
Build target 'Target 1'
linking...
Program Size: Code=1164 RO-data=228 RW-data=4 ZI-data=612  
FromELF: creating hex file...
"GPS12.axf" - 0 Error(s), 0 Warning(s).
compiling gps1.c...
gps1.c(4): warning:  #1295-D: Deprecated declaration uart_init - give arg types
gps1.c(9): warning:  #177-D: variable "time" was declared but never referenced
gps1.c(10): warning:  #177-D: variable "lat" was declared but never referenced
gps1.c(11): warning:  #177-D: variable "lon" was declared but never referenced
gps1.c(12): warning:  #177-D: variable "next" was declared but never referenced
gps1.c(13): warning:  #177-D: variable "msg" was declared but never referenced
gps1.c(14): warning:  #177-D: variable "frame" was declared but never referenced
gps1.c(15): warning:  #177-D: variable "j" was declared but never referenced
gps1.c(15): warning:  #177-D: variable "n" was declared but never referenced
gps1.c(15): warning:  #177-D: variable "y" was declared but never referenced
gps1.c(158): warning:  #1-D: last line of file ends without a newline
gps1.c - 0 Error(s), 11 Warning(s).
Build target 'Target 1'
linking...
Program Size: Code=1176 RO-data=228 RW-data=4 ZI-data=612  
FromELF: creating hex file...
"GPS12.axf" - 0 Error(s), 0 Warning(s).
Build target 'Target 1'
linking...
Program Size: Code=1176 RO-data=228 RW-data=4 ZI-data=612  
FromELF: creating hex file...
"GPS12.axf" - 0 Error(s), 0 Warning(s).
Build target 'Target 1'
assembling startup_LPC17xx.s...
compiling system_LPC17xx.c...
compiling gps1.c...
gps1.c(4): warning:  #1295-D: Deprecated declaration uart_init - give arg types
gps1.c(9): warning:  #177-D: variable "time" was declared but never referenced
gps1.c(10): warning:  #177-D: variable "lat" was declared but never referenced
gps1.c(11): warning:  #177-D: variable "lon" was declared but never referenced
gps1.c(12): warning:  #177-D: variable "next" was declared but never referenced
gps1.c(13): warning:  #177-D: variable "msg" was declared but never referenced
gps1.c(14): warning:  #177-D: variable "frame" was declared but never referenced
gps1.c(15): warning:  #177-D: variable "j" was declared but never referenced
gps1.c(15): warning:  #177-D: variable "n" was declared but never referenced
gps1.c(15): warning:  #177-D: variable "y" was declared but never referenced
gps1.c(158): warning:  #1-D: last line of file ends without a newline
linking...
Program Size: Code=1176 RO-data=228 RW-data=4 ZI-data=612  
FromELF: creating hex file...
"GPS12.axf" - 0 Error(s), 11 Warning(s).
compiling gps12.c...
gps12.c(4): warning:  #1295-D: Deprecated declaration uart_init - give arg types
gps12.c(11): warning:  #550-D: variable "lon" was set but never used
gps12.c(13): warning:  #177-D: variable "msg" was declared but never referenced
gps12.c(14): warning:  #177-D: variable "frame" was declared but never referenced
gps12.c(15): warning:  #177-D: variable "n" was declared but never referenced
gps12.c(15): warning:  #177-D: variable "y" was declared but never referenced
gps12.c(98): warning:  #1-D: last line of file ends without a newline
gps12.c - 0 Error(s), 7 Warning(s).
Build target 'Target 1'
linking...
Program Size: Code=1264 RO-data=432 RW-data=4 ZI-data=612  
FromELF: creating hex file...
"GPS12.axf" - 0 Error(s), 0 Warning(s).
Build target 'Target 1'
assembling startup_LPC17xx.s...
compiling system_LPC17xx.c...
compiling gps12.c...
gps12.c(4): warning:  #1295-D: Deprecated declaration uart_init - give arg types
gps12.c(11): warning:  #550-D: variable "lon" was set but never used
gps12.c(13): warning:  #177-D: variable "msg" was declared but never referenced
gps12.c(14): warning:  #177-D: variable "frame" was declared but never referenced
gps12.c(15): warning:  #177-D: variable "n" was declared but never referenced
gps12.c(15): warning:  #177-D: variable "y" was declared but never referenced
gps12.c(98): warning:  #1-D: last line of file ends without a newline
linking...
Program Size: Code=1264 RO-data=432 RW-data=4 ZI-data=612  
FromELF: creating hex file...
"GPS12.axf" - 0 Error(s), 7 Warning(s).
compiling gps12.c...
gps12.c(4): warning:  #1295-D: Deprecated declaration uart_init - give arg types
gps12.c(9): warning:  #177-D: variable "time" was declared but never referenced
gps12.c(10): warning:  #177-D: variable "lat" was declared but never referenced
gps12.c(11): warning:  #177-D: variable "lon" was declared but never referenced
gps12.c(12): warning:  #177-D: variable "next" was declared but never referenced
gps12.c(13): warning:  #177-D: variable "msg" was declared but never referenced
gps12.c(14): warning:  #177-D: variable "frame" was declared but never referenced
gps12.c(15): warning:  #177-D: variable "j" was declared but never referenced
gps12.c(15): warning:  #177-D: variable "n" was declared but never referenced
gps12.c(15): warning:  #177-D: variable "y" was declared but never referenced
gps12.c(98): warning:  #1-D: last line of file ends without a newline
gps12.c - 0 Error(s), 11 Warning(s).
Build target 'Target 1'
linking...
Program Size: Code=1164 RO-data=228 RW-data=4 ZI-data=612  
FromELF: creating hex file...
"GPS12.axf" - 0 Error(s), 0 Warning(s).
compiling gps12.c...
gps12.c(4): warning:  #1295-D: Deprecated declaration uart_init - give arg types
gps12.c(9): warning:  #550-D: variable "time" was set but never used
gps12.c(10): warning:  #177-D: variable "lat" was declared but never referenced
gps12.c(11): warning:  #177-D: variable "lon" was declared but never referenced
gps12.c(12): warning:  #177-D: variable "next" was declared but never referenced
gps12.c(13): warning:  #177-D: variable "msg" was declared but never referenced
gps12.c(14): warning:  #177-D: variable "frame" was declared but never referenced
gps12.c(15): warning:  #177-D: variable "n" was declared but never referenced
gps12.c(15): warning:  #177-D: variable "y" was declared but never referenced
gps12.c(98): warning:  #1-D: last line of file ends without a newline
gps12.c - 0 Error(s), 10 Warning(s).
Build target 'Target 1'
linking...
Program Size: Code=1212 RO-data=228 RW-data=4 ZI-data=612  
FromELF: creating hex file...
"GPS12.axf" - 0 Error(s), 0 Warning(s).
compiling gps12.c...
gps12.c(4): warning:  #1295-D: Deprecated declaration uart_init - give arg types
gps12.c(10): warning:  #177-D: variable "lat" was declared but never referenced
gps12.c(11): warning:  #177-D: variable "lon" was declared but never referenced
gps12.c(13): warning:  #177-D: variable "msg" was declared but never referenced
gps12.c(14): warning:  #177-D: variable "frame" was declared but never referenced
gps12.c(15): warning:  #177-D: variable "n" was declared but never referenced
gps12.c(15): warning:  #177-D: variable "y" was declared but never referenced
gps12.c(98): warning:  #1-D: last line of file ends without a newline
gps12.c - 0 Error(s), 8 Warning(s).
Build target 'Target 1'
linking...
Program Size: Code=1212 RO-data=228 RW-data=4 ZI-data=612  
FromELF: creating hex file...
"GPS12.axf" - 0 Error(s), 0 Warning(s).
compiling gps12.c...
gps12.c(4): warning:  #1295-D: Deprecated declaration uart_init - give arg types
gps12.c(11): warning:  #550-D: variable "lon" was set but never used
gps12.c(13): warning:  #177-D: variable "msg" was declared but never referenced
gps12.c(14): warning:  #177-D: variable "frame" was declared but never referenced
gps12.c(15): warning:  #177-D: variable "n" was declared but never referenced
gps12.c(15): warning:  #177-D: variable "y" was declared but never referenced
gps12.c(99): warning:  #1-D: last line of file ends without a newline
gps12.c - 0 Error(s), 7 Warning(s).
Build target 'Target 1'
linking...
Program Size: Code=1268 RO-data=432 RW-data=4 ZI-data=612  
FromELF: creating hex file...
"GPS12.axf" - 0 Error(s), 0 Warning(s).
Build target 'Target 1'
assembling startup_LPC17xx.s...
compiling system_LPC17xx.c...
compiling gps12.c...
gps12.c(4): warning:  #1295-D: Deprecated declaration uart_init - give arg types
gps12.c(11): warning:  #550-D: variable "lon" was set but never used
gps12.c(13): warning:  #177-D: variable "msg" was declared but never referenced
gps12.c(14): warning:  #177-D: variable "frame" was declared but never referenced
gps12.c(15): warning:  #177-D: variable "n" was declared but never referenced
gps12.c(15): warning:  #177-D: variable "y" was declared but never referenced
gps12.c(99): warning:  #1-D: last line of file ends without a newline
linking...
Program Size: Code=1268 RO-data=432 RW-data=4 ZI-data=612  
FromELF: creating hex file...
"GPS12.axf" - 0 Error(s), 7 Warning(s).
compiling gps12.c...
gps12.c(4): warning:  #1295-D: Deprecated declaration uart_init - give arg types
gps12.c(11): warning:  #550-D: variable "lon" was set but never used
gps12.c(13): warning:  #177-D: variable "msg" was declared but never referenced
gps12.c(14): warning:  #177-D: variable "frame" was declared but never referenced
gps12.c(15): warning:  #177-D: variable "n" was declared but never referenced
gps12.c(15): warning:  #177-D: variable "y" was declared but never referenced
gps12.c(99): warning:  #1-D: last line of file ends without a newline
gps12.c - 0 Error(s), 7 Warning(s).
Build target 'Target 1'
linking...
Program Size: Code=1268 RO-data=432 RW-data=4 ZI-data=612  
FromELF: creating hex file...
"GPS12.axf" - 0 Error(s), 0 Warning(s).
Build target 'Target 1'
assembling startup_LPC17xx.s...
compiling system_LPC17xx.c...
compiling gps12.c...
gps12.c(4): warning:  #1295-D: Deprecated declaration uart_init - give arg types
gps12.c(11): warning:  #550-D: variable "lon" was set but never used
gps12.c(13): warning:  #177-D: variable "msg" was declared but never referenced
gps12.c(14): warning:  #177-D: variable "frame" was declared but never referenced
gps12.c(15): warning:  #177-D: variable "n" was declared but never referenced
gps12.c(15): warning:  #177-D: variable "y" was declared but never referenced
gps12.c(99): warning:  #1-D: last line of file ends without a newline
linking...
Program Size: Code=1268 RO-data=432 RW-data=4 ZI-data=612  
FromELF: creating hex file...
"GPS12.axf" - 0 Error(s), 7 Warning(s).
compiling gps12.c...
gps12.c(4): warning:  #1295-D: Deprecated declaration uart_init - give arg types
gps12.c(11): warning:  #550-D: variable "lon" was set but never used
gps12.c(13): warning:  #177-D: variable "msg" was declared but never referenced
gps12.c(14): warning:  #177-D: variable "frame" was declared but never referenced
gps12.c(15): warning:  #177-D: variable "n" was declared but never referenced
gps12.c(15): warning:  #177-D: variable "y" was declared but never referenced
gps12.c(99): warning:  #1-D: last line of file ends without a newline
gps12.c - 0 Error(s), 7 Warning(s).
compiling gps12.c...
gps12.c(4): warning:  #1295-D: Deprecated declaration uart_init - give arg types
gps12.c(13): warning:  #177-D: variable "msg" was declared but never referenced
gps12.c(14): warning:  #177-D: variable "frame" was declared but never referenced
gps12.c(15): warning:  #177-D: variable "n" was declared but never referenced
gps12.c(15): warning:  #177-D: variable "y" was declared but never referenced
gps12.c(100): warning:  #1-D: last line of file ends without a newline
gps12.c - 0 Error(s), 6 Warning(s).
Build target 'Target 1'
linking...
Program Size: Code=1272 RO-data=432 RW-data=4 ZI-data=612  
FromELF: creating hex file...
"GPS12.axf" - 0 Error(s), 0 Warning(s).
compiling gps12.c...
gps12.c(4): warning:  #1295-D: Deprecated declaration uart_init - give arg types
gps12.c(13): warning:  #177-D: variable "msg" was declared but never referenced
gps12.c(14): warning:  #177-D: variable "frame" was declared but never referenced
gps12.c(15): warning:  #177-D: variable "n" was declared but never referenced
gps12.c(15): warning:  #177-D: variable "y" was declared but never referenced
gps12.c(97): warning:  #1-D: last line of file ends without a newline
gps12.c - 0 Error(s), 6 Warning(s).
Build target 'Target 1'
linking...
Program Size: Code=1268 RO-data=432 RW-data=4 ZI-data=612  
FromELF: creating hex file...
"GPS12.axf" - 0 Error(s), 0 Warning(s).
Build target 'Target 1'
assembling startup_LPC17xx.s...
compiling system_LPC17xx.c...
compiling gps12.c...
gps12.c(4): warning:  #1295-D: Deprecated declaration uart_init - give arg types
gps12.c(13): warning:  #177-D: variable "msg" was declared but never referenced
gps12.c(14): warning:  #177-D: variable "frame" was declared but never referenced
gps12.c(15): warning:  #177-D: variable "n" was declared but never referenced
gps12.c(15): warning:  #177-D: variable "y" was declared but never referenced
gps12.c(97): warning:  #1-D: last line of file ends without a newline
linking...
Program Size: Code=1268 RO-data=432 RW-data=4 ZI-data=612  
FromELF: creating hex file...
"GPS12.axf" - 0 Error(s), 6 Warning(s).
compiling gps12.c...
gps12.c(4): warning:  #1295-D: Deprecated declaration uart_init - give arg types
gps12.c(13): warning:  #177-D: variable "msg" was declared but never referenced
gps12.c(14): warning:  #177-D: variable "frame" was declared but never referenced
gps12.c(15): warning:  #177-D: variable "n" was declared but never referenced
gps12.c(15): warning:  #177-D: variable "y" was declared but never referenced
gps12.c(99): warning:  #1-D: last line of file ends without a newline
gps12.c - 0 Error(s), 6 Warning(s).
Build target 'Target 1'
linking...
Program Size: Code=1284 RO-data=432 RW-data=4 ZI-data=612  
FromELF: creating hex file...
"GPS12.axf" - 0 Error(s), 0 Warning(s).
Build target 'Target 1'
assembling startup_LPC17xx.s...
compiling system_LPC17xx.c...
compiling gps12.c...
gps12.c(4): warning:  #1295-D: Deprecated declaration uart_init - give arg types
gps12.c(13): warning:  #177-D: variable "msg" was declared but never referenced
gps12.c(14): warning:  #177-D: variable "frame" was declared but never referenced
gps12.c(15): warning:  #177-D: variable "n" was declared but never referenced
gps12.c(15): warning:  #177-D: variable "y" was declared but never referenced
gps12.c(99): warning:  #1-D: last line of file ends without a newline
linking...
Program Size: Code=1284 RO-data=432 RW-data=4 ZI-data=612  
FromELF: creating hex file...
"GPS12.axf" - 0 Error(s), 6 Warning(s).
compiling gps12.c...
gps12.c(4): warning:  #1295-D: Deprecated declaration uart_init - give arg types
gps12.c(13): warning:  #177-D: variable "msg" was declared but never referenced
gps12.c(14): warning:  #177-D: variable "frame" was declared but never referenced
gps12.c(15): warning:  #177-D: variable "n" was declared but never referenced
gps12.c(15): warning:  #177-D: variable "y" was declared but never referenced
gps12.c(104): warning:  #1-D: last line of file ends without a newline
gps12.c - 0 Error(s), 6 Warning(s).
Build target 'Target 1'
linking...
Program Size: Code=1332 RO-data=432 RW-data=4 ZI-data=612  
FromELF: creating hex file...
"GPS12.axf" - 0 Error(s), 0 Warning(s).
Build target 'Target 1'
assembling startup_LPC17xx.s...
compiling system_LPC17xx.c...
compiling gps12.c...
gps12.c(4): warning:  #1295-D: Deprecated declaration uart_init - give arg types
gps12.c(13): warning:  #177-D: variable "msg" was declared but never referenced
gps12.c(14): warning:  #177-D: variable "frame" was declared but never referenced
gps12.c(15): warning:  #177-D: variable "n" was declared but never referenced
gps12.c(15): warning:  #177-D: variable "y" was declared but never referenced
gps12.c(104): warning:  #1-D: last line of file ends without a newline
linking...
Program Size: Code=1332 RO-data=432 RW-data=4 ZI-data=612  
FromELF: creating hex file...
"GPS12.axf" - 0 Error(s), 6 Warning(s).
compiling gps12.c...
gps12.c(4): warning:  #1295-D: Deprecated declaration uart_init - give arg types
gps12.c(12): warning:  #177-D: variable "next" was declared but never referenced
gps12.c(13): warning:  #177-D: variable "msg" was declared but never referenced
gps12.c(14): warning:  #177-D: variable "frame" was declared but never referenced
gps12.c(15): warning:  #177-D: variable "n" was declared but never referenced
gps12.c(15): warning:  #177-D: variable "y" was declared but never referenced
gps12.c(106): warning:  #1-D: last line of file ends without a newline
gps12.c - 0 Error(s), 7 Warning(s).
Build target 'Target 1'
linking...
Program Size: Code=1328 RO-data=432 RW-data=4 ZI-data=612  
FromELF: creating hex file...
"GPS12.axf" - 0 Error(s), 0 Warning(s).
Build target 'Target 1'
assembling startup_LPC17xx.s...
compiling system_LPC17xx.c...
compiling gps12.c...
gps12.c(4): warning:  #1295-D: Deprecated declaration uart_init - give arg types
gps12.c(12): warning:  #177-D: variable "next" was declared but never referenced
gps12.c(13): warning:  #177-D: variable "msg" was declared but never referenced
gps12.c(14): warning:  #177-D: variable "frame" was declared but never referenced
gps12.c(15): warning:  #177-D: variable "n" was declared but never referenced
gps12.c(15): warning:  #177-D: variable "y" was declared but never referenced
gps12.c(106): warning:  #1-D: last line of file ends without a newline
linking...
Program Size: Code=1328 RO-data=432 RW-data=4 ZI-data=612  
FromELF: creating hex file...
"GPS12.axf" - 0 Error(s), 7 Warning(s).
compiling gps12.c...
gps12.c(4): warning:  #1295-D: Deprecated declaration uart_init - give arg types
gps12.c(12): warning:  #177-D: variable "next" was declared but never referenced
gps12.c(13): warning:  #177-D: variable "msg" was declared but never referenced
gps12.c(14): warning:  #177-D: variable "frame" was declared but never referenced
gps12.c(15): warning:  #177-D: variable "n" was declared but never referenced
gps12.c(15): warning:  #177-D: variable "y" was declared but never referenced
gps12.c(106): warning:  #1-D: last line of file ends without a newline
gps12.c - 0 Error(s), 7 Warning(s).
Build target 'Target 1'
linking...
Program Size: Code=1328 RO-data=432 RW-data=4 ZI-data=612  
FromELF: creating hex file...
"GPS122.axf" - 0 Error(s), 0 Warning(s).
Build target 'Target 1'
assembling startup_LPC17xx.s...
compiling system_LPC17xx.c...
compiling gps12.c...
gps12.c(4): warning:  #1295-D: Deprecated declaration uart_init - give arg types
gps12.c(12): warning:  #177-D: variable "next" was declared but never referenced
gps12.c(13): warning:  #177-D: variable "msg" was declared but never referenced
gps12.c(14): warning:  #177-D: variable "frame" was declared but never referenced
gps12.c(15): warning:  #177-D: variable "n" was declared but never referenced
gps12.c(15): warning:  #177-D: variable "y" was declared but never referenced
gps12.c(106): warning:  #1-D: last line of file ends without a newline
linking...
Program Size: Code=1328 RO-data=432 RW-data=4 ZI-data=612  
FromELF: creating hex file...
"GPS122.axf" - 0 Error(s), 7 Warning(s).
compiling gps12.c...
gps12.c(4): warning:  #1295-D: Deprecated declaration uart_init - give arg types
gps12.c(13): warning:  #177-D: variable "msg" was declared but never referenced
gps12.c(14): warning:  #177-D: variable "frame" was declared but never referenced
gps12.c(15): warning:  #177-D: variable "n" was declared but never referenced
gps12.c(15): warning:  #177-D: variable "y" was declared but never referenced
gps12.c(109): warning:  #1-D: last line of file ends without a newline
gps12.c - 0 Error(s), 6 Warning(s).
Build target 'Target 1'
linking...
Program Size: Code=1348 RO-data=432 RW-data=4 ZI-data=612  
FromELF: creating hex file...
"GPS122.axf" - 0 Error(s), 0 Warning(s).
compiling gps_gsm.c...
gps_gsm.c(3): warning:  #1295-D: Deprecated declaration uart_init - give arg types
gps_gsm.c(45): error:  #20: identifier "val" is undefined
gps_gsm.c(46): error:  #20: identifier "val" is undefined
gps_gsm.c(49): error:  #20: identifier "i" is undefined
gps_gsm.c(59): error:  #20: identifier "j" is undefined
gps_gsm.c - 4 Error(s), 1 Warning(s).
compiling gps_gsm.c...
gps_gsm.c(3): warning:  #1295-D: Deprecated declaration uart_init - give arg types
gps_gsm.c(46): error:  #20: identifier "val" is undefined
gps_gsm.c(47): error:  #20: identifier "val" is undefined
gps_gsm.c - 2 Error(s), 1 Warning(s).
compiling gps_gsm.c...
gps_gsm.c(3): warning:  #1295-D: Deprecated declaration uart_init - give arg types
gps_gsm.c - 0 Error(s), 1 Warning(s).
Build target 'Target 1'
linking...
Program Size: Code=1588 RO-data=332 RW-data=4 ZI-data=612  
FromELF: creating hex file...
"GPS122.axf" - 0 Error(s), 0 Warning(s).
Build target 'Target 1'
assembling startup_LPC17xx.s...
compiling system_LPC17xx.c...
compiling gps_gsm.c...
gps_gsm.c(3): warning:  #1295-D: Deprecated declaration uart_init - give arg types
linking...
Program Size: Code=1588 RO-data=332 RW-data=4 ZI-data=612  
FromELF: creating hex file...
"GPS122.axf" - 0 Error(s), 1 Warning(s).
compiling gps_gsm.c...
gps_gsm.c(3): warning:  #1295-D: Deprecated declaration uart_init - give arg types
gps_gsm.c - 0 Error(s), 1 Warning(s).
compiling gps_gsm.c...
gps_gsm.c(3): warning:  #1295-D: Deprecated declaration uart_init - give arg types
gps_gsm.c - 0 Error(s), 1 Warning(s).
Build target 'Target 1'
linking...
Program Size: Code=1612 RO-data=332 RW-data=4 ZI-data=612  
FromELF: creating hex file...
"GPS122.axf" - 0 Error(s), 0 Warning(s).
Build target 'Target 1'
assembling startup_LPC17xx.s...
compiling system_LPC17xx.c...
compiling gps_gsm.c...
gps_gsm.c(3): warning:  #1295-D: Deprecated declaration uart_init - give arg types
linking...
Program Size: Code=1612 RO-data=332 RW-data=4 ZI-data=612  
FromELF: creating hex file...
"GPS122.axf" - 0 Error(s), 1 Warning(s).
compiling gps_gsm.c...
gps_gsm.c(3): warning:  #1295-D: Deprecated declaration uart_init - give arg types
gps_gsm.c - 0 Error(s), 1 Warning(s).
Build target 'Target 1'
linking...
Program Size: Code=1612 RO-data=332 RW-data=4 ZI-data=612  
FromELF: creating hex file...
"GPS122.axf" - 0 Error(s), 0 Warning(s).
Build target 'Target 1'
assembling startup_LPC17xx.s...
compiling system_LPC17xx.c...
compiling gps_gsm.c...
gps_gsm.c(3): warning:  #1295-D: Deprecated declaration uart_init - give arg types
linking...
Program Size: Code=1612 RO-data=332 RW-data=4 ZI-data=612  
FromELF: creating hex file...
"GPS122.axf" - 0 Error(s), 1 Warning(s).
