<html>
<body>
<pre>
<h1>µVision Build Log</h1>
<h2>Project:</h2>
D:\arm_workshop\GPS\GPS.uvproj
Project File Date:  07/08/2019

<h2>Output:</h2>
compiling GSM_THINK.C...
GSM_THINK.C(2): error:  #5: cannot open source input file "wbm1.h": No such file or directory
GSM_THINK.C - 1 Error(s), 0 Warning(s).
compiling GSM_THINK.C...
GSM_THINK.C(5): warning:  #1295-D: Deprecated declaration gprs_send - give arg types
GSM_THINK.C(29): warning:  #223-D: function "uart0_init" declared implicitly
GSM_THINK.C(30): warning:  #223-D: function "uart3_init" declared implicitly
GSM_THINK.C(51): warning:  #223-D: function "delay" declared implicitly
GSM_THINK.C(143): error:  #159: declaration is incompatible with previous "uart0_init" (declared at line 29)
GSM_THINK.C(158): error:  #159: declaration is incompatible with previous "uart3_init" (declared at line 30)
GSM_THINK.C(184): error:  #159: declaration is incompatible with previous "delay" (declared at line 51)
GSM_THINK.C(194): warning:  #1-D: last line of file ends without a newline
GSM_THINK.C - 3 Error(s), 5 Warning(s).
compiling GSM_THINK.C...
GSM_THINK.C(5): warning:  #1295-D: Deprecated declaration gprs_send - give arg types
GSM_THINK.C(31): warning:  #223-D: function "uart0_init" declared implicitly
GSM_THINK.C(32): warning:  #223-D: function "uart3_init" declared implicitly
GSM_THINK.C(145): error:  #159: declaration is incompatible with previous "uart0_init" (declared at line 31)
GSM_THINK.C(160): error:  #159: declaration is incompatible with previous "uart3_init" (declared at line 32)
GSM_THINK.C - 2 Error(s), 3 Warning(s).
compiling GSM_THINK.C...
GSM_THINK.C(5): warning:  #1295-D: Deprecated declaration gprs_send - give arg types
GSM_THINK.C - 0 Error(s), 1 Warning(s).
Build target 'Target 1'
linking...
Program Size: Code=1708 RO-data=432 RW-data=208 ZI-data=608  
FromELF: creating hex file...
"GPSGSM.axf" - 0 Error(s), 0 Warning(s).
compiling GSM_THINK.C...
GSM_THINK.C(5): warning:  #1295-D: Deprecated declaration gprs_send - give arg types
GSM_THINK.C - 0 Error(s), 1 Warning(s).
Build target 'Target 1'
linking...
Program Size: Code=1708 RO-data=432 RW-data=208 ZI-data=608  
FromELF: creating hex file...
"GSM_THINK.axf" - 0 Error(s), 0 Warning(s).
compiling GSM_THINK.C...
GSM_THINK.C(5): warning:  #1295-D: Deprecated declaration gprs_send - give arg types
GSM_THINK.C - 0 Error(s), 1 Warning(s).
Build target 'Target 1'
linking...
Program Size: Code=1708 RO-data=432 RW-data=208 ZI-data=608  
FromELF: creating hex file...
"GSM_THINK.axf" - 0 Error(s), 0 Warning(s).
compiling GSM_THINK.C...
GSM_THINK.C(5): warning:  #1295-D: Deprecated declaration gprs_send - give arg types
GSM_THINK.C - 0 Error(s), 1 Warning(s).
Build target 'Target 1'
linking...
Program Size: Code=1708 RO-data=432 RW-data=208 ZI-data=608  
FromELF: creating hex file...
"GSM_THINK.axf" - 0 Error(s), 0 Warning(s).
compiling GSM_ADC.C...
GSM_ADC.C(75): warning:  #1-D: last line of file ends without a newline
GSM_ADC.C(28): warning:  #177-D: variable "msg2" was declared but never referenced
GSM_ADC.C - 0 Error(s), 2 Warning(s).
Build target 'Target 1'
linking...
Program Size: Code=1508 RO-data=332 RW-data=4 ZI-data=652  
FromELF: creating hex file...
"GSM_THINK.axf" - 0 Error(s), 0 Warning(s).
Build target 'Target 1'
assembling startup_LPC17xx.s...
compiling system_LPC17xx.c...
compiling GSM_ADC.C...
GSM_ADC.C(75): warning:  #1-D: last line of file ends without a newline
GSM_ADC.C(28): warning:  #177-D: variable "msg2" was declared but never referenced
linking...
Program Size: Code=1508 RO-data=332 RW-data=4 ZI-data=652  
FromELF: creating hex file...
"GSM_THINK.axf" - 0 Error(s), 2 Warning(s).
compiling GSM_ADC.C...
GSM_ADC.C(3): warning:  #1295-D: Deprecated declaration gprs_send - give arg types
GSM_ADC.C(28): warning:  #177-D: variable "msg2" was declared but never referenced
GSM_ADC.C(179): warning:  #68-D: integer conversion resulted in a change of sign
GSM_ADC.C - 0 Error(s), 3 Warning(s).
compiling GSM_ADC.C...
GSM_ADC.C(3): warning:  #1295-D: Deprecated declaration gprs_send - give arg types
GSM_ADC.C(178): warning:  #68-D: integer conversion resulted in a change of sign
GSM_ADC.C - 0 Error(s), 2 Warning(s).
compiling GSM_ADC.C...
GSM_ADC.C(3): warning:  #1295-D: Deprecated declaration gprs_send - give arg types
GSM_ADC.C - 0 Error(s), 1 Warning(s).
Build target 'Target 1'
linking...
Program Size: Code=2236 RO-data=332 RW-data=204 ZI-data=652  
FromELF: creating hex file...
"GSM_THINK.axf" - 0 Error(s), 0 Warning(s).
Build target 'Target 1'
assembling startup_LPC17xx.s...
compiling system_LPC17xx.c...
compiling GSM_ADC.C...
GSM_ADC.C(3): warning:  #1295-D: Deprecated declaration gprs_send - give arg types
linking...
Program Size: Code=2236 RO-data=332 RW-data=204 ZI-data=652  
FromELF: creating hex file...
"GSM_THINK.axf" - 0 Error(s), 1 Warning(s).
compiling GSM_ADC.C...
GSM_ADC.C(3): warning:  #1295-D: Deprecated declaration gprs_send - give arg types
GSM_ADC.C - 0 Error(s), 1 Warning(s).
Build target 'Target 1'
linking...
Program Size: Code=2236 RO-data=332 RW-data=204 ZI-data=652  
FromELF: creating hex file...
"GSM_THINK.axf" - 0 Error(s), 0 Warning(s).
Build target 'Target 1'
assembling startup_LPC17xx.s...
compiling system_LPC17xx.c...
compiling GSM_ADC.C...
GSM_ADC.C(3): warning:  #1295-D: Deprecated declaration gprs_send - give arg types
linking...
Program Size: Code=2236 RO-data=332 RW-data=204 ZI-data=652  
FromELF: creating hex file...
"GSM_THINK.axf" - 0 Error(s), 1 Warning(s).
