<html>
<body>
<pre>
<h1>µVision Build Log</h1>
<h2>Project:</h2>
D:\arm lab\EXP_2_SWITCH\switch_1_led.uvproj
Project File Date:  07/06/2019

<h2>Output:</h2>
compiling rfid1.c...
D:\arm_workshop\RFID\rfid1.c(4): warning:  #1295-D: Deprecated declaration uart_init - give arg types
D:\arm_workshop\RFID\rfid1.c(15): error:  #20: identifier "y" is undefined
D:\arm_workshop\RFID\rfid1.c(15): warning:  #167-D: argument of type "unsigned char *" is incompatible with parameter of type "const char *"
D:\arm_workshop\RFID\rfid1.c(15): warning:  #167-D: argument of type "unsigned char *" is incompatible with parameter of type "const char *"
D:\arm_workshop\RFID\rfid1.c(18): error:  #20: identifier "i" is undefined
D:\arm_workshop\RFID\rfid1.c(32): error:  #20: identifier "i" is undefined
D:\arm_workshop\RFID\rfid1.c(83): warning:  #1-D: last line of file ends without a newline
D:\arm_workshop\RFID\rfid1.c - 3 Error(s), 4 Warning(s).
compiling rfid1.c...
D:\arm_workshop\RFID\rfid1.c(4): warning:  #1295-D: Deprecated declaration uart_init - give arg types
D:\arm_workshop\RFID\rfid1.c(16): error:  #20: identifier "y" is undefined
D:\arm_workshop\RFID\rfid1.c(16): warning:  #167-D: argument of type "unsigned char *" is incompatible with parameter of type "const char *"
D:\arm_workshop\RFID\rfid1.c(16): warning:  #167-D: argument of type "unsigned char *" is incompatible with parameter of type "const char *"
D:\arm_workshop\RFID\rfid1.c(84): warning:  #1-D: last line of file ends without a newline
D:\arm_workshop\RFID\rfid1.c - 1 Error(s), 4 Warning(s).
compiling rfid1.c...
D:\arm_workshop\RFID\rfid1.c(4): warning:  #1295-D: Deprecated declaration uart_init - give arg types
D:\arm_workshop\RFID\rfid1.c(16): error:  #20: identifier "y" is undefined
D:\arm_workshop\RFID\rfid1.c(16): warning:  #167-D: argument of type "unsigned char *" is incompatible with parameter of type "const char *"
D:\arm_workshop\RFID\rfid1.c(16): warning:  #167-D: argument of type "unsigned char *" is incompatible with parameter of type "const char *"
D:\arm_workshop\RFID\rfid1.c(84): warning:  #1-D: last line of file ends without a newline
D:\arm_workshop\RFID\rfid1.c - 1 Error(s), 4 Warning(s).
compiling rfid1.c...
D:\arm_workshop\RFID\rfid1.c(4): warning:  #1295-D: Deprecated declaration uart_init - give arg types
D:\arm_workshop\RFID\rfid1.c(16): warning:  #167-D: argument of type "unsigned char *" is incompatible with parameter of type "const char *"
D:\arm_workshop\RFID\rfid1.c(16): warning:  #167-D: argument of type "unsigned char *" is incompatible with parameter of type "const char *"
D:\arm_workshop\RFID\rfid1.c(84): warning:  #1-D: last line of file ends without a newline
D:\arm_workshop\RFID\rfid1.c - 0 Error(s), 4 Warning(s).
compiling rfid1.c...
D:\arm_workshop\RFID\rfid1.c(4): warning:  #1295-D: Deprecated declaration uart_init - give arg types
D:\arm_workshop\RFID\rfid1.c(91): warning:  #1-D: last line of file ends without a newline
D:\arm_workshop\RFID\rfid1.c - 0 Error(s), 2 Warning(s).
compiling rfid1.c...
D:\arm_workshop\RFID\rfid1.c(4): warning:  #1295-D: Deprecated declaration uart_init - give arg types
D:\arm_workshop\RFID\rfid1.c(91): warning:  #1-D: last line of file ends without a newline
D:\arm_workshop\RFID\rfid1.c - 0 Error(s), 2 Warning(s).
Build target 'Target 1'
linking...
Program Size: Code=1232 RO-data=228 RW-data=4 ZI-data=612  
FromELF: creating hex file...
"rfid.axf" - 0 Error(s), 0 Warning(s).
Build target 'Target 1'
assembling startup_LPC17xx.s...
compiling system_LPC17xx.c...
compiling rfid1.c...
D:\arm_workshop\RFID\rfid1.c(4): warning:  #1295-D: Deprecated declaration uart_init - give arg types
D:\arm_workshop\RFID\rfid1.c(91): warning:  #1-D: last line of file ends without a newline
linking...
Program Size: Code=1232 RO-data=228 RW-data=4 ZI-data=612  
FromELF: creating hex file...
"rfid.axf" - 0 Error(s), 2 Warning(s).
compiling rfid1.c...
D:\arm_workshop\RFID\rfid1.c(4): warning:  #1295-D: Deprecated declaration uart_init - give arg types
D:\arm_workshop\RFID\rfid1.c(93): warning:  #1-D: last line of file ends without a newline
D:\arm_workshop\RFID\rfid1.c - 0 Error(s), 2 Warning(s).
Build target 'Target 1'
linking...
Program Size: Code=1252 RO-data=228 RW-data=4 ZI-data=612  
FromELF: creating hex file...
"rfid.axf" - 0 Error(s), 0 Warning(s).
