<html>
<body>
<pre>
<h1>µVision Build Log</h1>
<h2>Project:</h2>
D:\arm lab\EXP_2_SWITCH\switch_1_led.uvproj
Project File Date:  07/06/2019

<h2>Output:</h2>
compiling rfid1.c...
D:\arm_workshop\RFID\rfid1.c(4): warning:  #1295-D: Deprecated declaration uart_init - give arg types
D:\arm_workshop\RFID\rfid1.c(93): warning:  #1-D: last line of file ends without a newline
D:\arm_workshop\RFID\rfid1.c - 0 Error(s), 2 Warning(s).
Build target 'Target 1'
linking...
Program Size: Code=1252 RO-data=228 RW-data=4 ZI-data=612  
FromELF: creating hex file...
"rfid.axf" - 0 Error(s), 0 Warning(s).
Build target 'Target 1'
assembling startup_LPC17xx.s...
compiling system_LPC17xx.c...
compiling rfid1.c...
D:\arm_workshop\RFID\rfid1.c(4): warning:  #1295-D: Deprecated declaration uart_init - give arg types
D:\arm_workshop\RFID\rfid1.c(93): warning:  #1-D: last line of file ends without a newline
linking...
Program Size: Code=1252 RO-data=228 RW-data=4 ZI-data=612  
FromELF: creating hex file...
"rfid.axf" - 0 Error(s), 2 Warning(s).
compiling rfid1.c...
D:\arm_workshop\RFID\rfid1.c(4): warning:  #1295-D: Deprecated declaration uart_init - give arg types
D:\arm_workshop\RFID\rfid1.c(93): warning:  #1-D: last line of file ends without a newline
D:\arm_workshop\RFID\rfid1.c - 0 Error(s), 2 Warning(s).
Build target 'Target 1'
linking...
Program Size: Code=1252 RO-data=228 RW-data=4 ZI-data=612  
FromELF: creating hex file...
"rfid.axf" - 0 Error(s), 0 Warning(s).
Build target 'Target 1'
assembling startup_LPC17xx.s...
compiling system_LPC17xx.c...
compiling rfid1.c...
D:\arm_workshop\RFID\rfid1.c(4): warning:  #1295-D: Deprecated declaration uart_init - give arg types
D:\arm_workshop\RFID\rfid1.c(93): warning:  #1-D: last line of file ends without a newline
linking...
Program Size: Code=1252 RO-data=228 RW-data=4 ZI-data=612  
FromELF: creating hex file...
"rfid.axf" - 0 Error(s), 2 Warning(s).
compiling rfid1.c...
D:\arm_workshop\RFID\rfid1.c(4): warning:  #1295-D: Deprecated declaration uart_init - give arg types
D:\arm_workshop\RFID\rfid1.c(94): warning:  #1-D: last line of file ends without a newline
D:\arm_workshop\RFID\rfid1.c - 0 Error(s), 2 Warning(s).
Build target 'Target 1'
linking...
Program Size: Code=1356 RO-data=248 RW-data=4 ZI-data=612  
FromELF: creating hex file...
"rfid.axf" - 0 Error(s), 0 Warning(s).
Build target 'Target 1'
assembling startup_LPC17xx.s...
compiling system_LPC17xx.c...
compiling rfid1.c...
D:\arm_workshop\RFID\rfid1.c(4): warning:  #1295-D: Deprecated declaration uart_init - give arg types
D:\arm_workshop\RFID\rfid1.c(94): warning:  #1-D: last line of file ends without a newline
linking...
Program Size: Code=1356 RO-data=248 RW-data=4 ZI-data=612  
FromELF: creating hex file...
"rfid.axf" - 0 Error(s), 2 Warning(s).
compiling rfid1.c...
D:\arm_workshop\RFID\rfid1.c(4): warning:  #1295-D: Deprecated declaration uart_init - give arg types
D:\arm_workshop\RFID\rfid1.c(94): warning:  #1-D: last line of file ends without a newline
D:\arm_workshop\RFID\rfid1.c - 0 Error(s), 2 Warning(s).
Build target 'Target 1'
linking...
Program Size: Code=1360 RO-data=248 RW-data=4 ZI-data=612  
FromELF: creating hex file...
"rfid.axf" - 0 Error(s), 0 Warning(s).
Build target 'Target 1'
assembling startup_LPC17xx.s...
compiling system_LPC17xx.c...
compiling rfid1.c...
D:\arm_workshop\RFID\rfid1.c(4): warning:  #1295-D: Deprecated declaration uart_init - give arg types
D:\arm_workshop\RFID\rfid1.c(94): warning:  #1-D: last line of file ends without a newline
linking...
Program Size: Code=1360 RO-data=248 RW-data=4 ZI-data=612  
FromELF: creating hex file...
"rfid.axf" - 0 Error(s), 2 Warning(s).
compiling rfid1.c...
D:\arm_workshop\RFID\rfid1.c(4): warning:  #1295-D: Deprecated declaration uart_init - give arg types
D:\arm_workshop\RFID\rfid1.c(94): warning:  #1-D: last line of file ends without a newline
D:\arm_workshop\RFID\rfid1.c - 0 Error(s), 2 Warning(s).
Build target 'Target 1'
linking...
Program Size: Code=1252 RO-data=228 RW-data=4 ZI-data=612  
FromELF: creating hex file...
"rfid.axf" - 0 Error(s), 0 Warning(s).
Build target 'Target 1'
assembling startup_LPC17xx.s...
compiling system_LPC17xx.c...
compiling rfid1.c...
D:\arm_workshop\RFID\rfid1.c(4): warning:  #1295-D: Deprecated declaration uart_init - give arg types
D:\arm_workshop\RFID\rfid1.c(94): warning:  #1-D: last line of file ends without a newline
linking...
Program Size: Code=1252 RO-data=228 RW-data=4 ZI-data=612  
FromELF: creating hex file...
"rfid.axf" - 0 Error(s), 2 Warning(s).
compiling rfid1.c...
D:\arm_workshop\RFID\rfid1.c(4): warning:  #1295-D: Deprecated declaration uart_init - give arg types
D:\arm_workshop\RFID\rfid1.c(95): warning:  #1-D: last line of file ends without a newline
D:\arm_workshop\RFID\rfid1.c - 0 Error(s), 2 Warning(s).
Build target 'Target 1'
linking...
Program Size: Code=1256 RO-data=228 RW-data=4 ZI-data=612  
FromELF: creating hex file...
"rfid.axf" - 0 Error(s), 0 Warning(s).
Build target 'Target 1'
assembling startup_LPC17xx.s...
compiling system_LPC17xx.c...
compiling rfid1.c...
D:\arm_workshop\RFID\rfid1.c(4): warning:  #1295-D: Deprecated declaration uart_init - give arg types
D:\arm_workshop\RFID\rfid1.c(95): warning:  #1-D: last line of file ends without a newline
linking...
Program Size: Code=1256 RO-data=228 RW-data=4 ZI-data=612  
FromELF: creating hex file...
"rfid.axf" - 0 Error(s), 2 Warning(s).
compiling rfid1.c...
D:\arm_workshop\RFID\rfid1.c(4): warning:  #1295-D: Deprecated declaration uart_init - give arg types
D:\arm_workshop\RFID\rfid1.c(96): warning:  #1-D: last line of file ends without a newline
D:\arm_workshop\RFID\rfid1.c - 0 Error(s), 2 Warning(s).
Build target 'Target 1'
linking...
Program Size: Code=1256 RO-data=228 RW-data=4 ZI-data=612  
FromELF: creating hex file...
"rfid.axf" - 0 Error(s), 0 Warning(s).
Build target 'Target 1'
assembling startup_LPC17xx.s...
compiling system_LPC17xx.c...
compiling rfid1.c...
D:\arm_workshop\RFID\rfid1.c(4): warning:  #1295-D: Deprecated declaration uart_init - give arg types
D:\arm_workshop\RFID\rfid1.c(96): warning:  #1-D: last line of file ends without a newline
linking...
Program Size: Code=1256 RO-data=228 RW-data=4 ZI-data=612  
FromELF: creating hex file...
"rfid.axf" - 0 Error(s), 2 Warning(s).
compiling rfid1.c...
D:\arm_workshop\RFID\rfid1.c(4): warning:  #1295-D: Deprecated declaration uart_init - give arg types
D:\arm_workshop\RFID\rfid1.c(101): warning:  #1-D: last line of file ends without a newline
D:\arm_workshop\RFID\rfid1.c - 0 Error(s), 2 Warning(s).
Build target 'Target 1'
linking...
Program Size: Code=1304 RO-data=432 RW-data=4 ZI-data=612  
FromELF: creating hex file...
"rfid.axf" - 0 Error(s), 0 Warning(s).
Build target 'Target 1'
assembling startup_LPC17xx.s...
compiling system_LPC17xx.c...
compiling rfid1.c...
D:\arm_workshop\RFID\rfid1.c(4): warning:  #1295-D: Deprecated declaration uart_init - give arg types
D:\arm_workshop\RFID\rfid1.c(101): warning:  #1-D: last line of file ends without a newline
linking...
Program Size: Code=1304 RO-data=432 RW-data=4 ZI-data=612  
FromELF: creating hex file...
"rfid.axf" - 0 Error(s), 2 Warning(s).
compiling rfid1.c...
D:\arm_workshop\RFID\rfid1.c(4): warning:  #1295-D: Deprecated declaration uart_init - give arg types
D:\arm_workshop\RFID\rfid1.c(101): warning:  #1-D: last line of file ends without a newline
D:\arm_workshop\RFID\rfid1.c - 0 Error(s), 2 Warning(s).
Build target 'Target 1'
linking...
Program Size: Code=1304 RO-data=432 RW-data=4 ZI-data=612  
FromELF: creating hex file...
"rfid.axf" - 0 Error(s), 0 Warning(s).
compiling rfid1.c...
D:\arm_workshop\RFID\rfid1.c(4): warning:  #1295-D: Deprecated declaration uart_init - give arg types
D:\arm_workshop\RFID\rfid1.c(101): warning:  #1-D: last line of file ends without a newline
D:\arm_workshop\RFID\rfid1.c - 0 Error(s), 2 Warning(s).
Build target 'Target 1'
linking...
Program Size: Code=1304 RO-data=432 RW-data=4 ZI-data=612  
FromELF: creating hex file...
"rfid.axf" - 0 Error(s), 0 Warning(s).
Build target 'Target 1'
assembling startup_LPC17xx.s...
compiling system_LPC17xx.c...
compiling rfid1.c...
D:\arm_workshop\RFID\rfid1.c(4): warning:  #1295-D: Deprecated declaration uart_init - give arg types
D:\arm_workshop\RFID\rfid1.c(101): warning:  #1-D: last line of file ends without a newline
linking...
Program Size: Code=1304 RO-data=432 RW-data=4 ZI-data=612  
FromELF: creating hex file...
"rfid.axf" - 0 Error(s), 2 Warning(s).
compiling rfid1.c...
D:\arm_workshop\RFID\rfid1.c(4): warning:  #1295-D: Deprecated declaration uart_init - give arg types
D:\arm_workshop\RFID\rfid1.c(101): warning:  #1-D: last line of file ends without a newline
D:\arm_workshop\RFID\rfid1.c - 0 Error(s), 2 Warning(s).
Build target 'Target 1'
linking...
Program Size: Code=1364 RO-data=332 RW-data=4 ZI-data=612  
FromELF: creating hex file...
"rfid.axf" - 0 Error(s), 0 Warning(s).
Build target 'Target 1'
assembling startup_LPC17xx.s...
compiling system_LPC17xx.c...
compiling rfid1.c...
D:\arm_workshop\RFID\rfid1.c(4): warning:  #1295-D: Deprecated declaration uart_init - give arg types
D:\arm_workshop\RFID\rfid1.c(101): warning:  #1-D: last line of file ends without a newline
linking...
Program Size: Code=1364 RO-data=332 RW-data=4 ZI-data=612  
FromELF: creating hex file...
"rfid.axf" - 0 Error(s), 2 Warning(s).
compiling rfid1.c...
D:\arm_workshop\RFID\rfid1.c(4): warning:  #1295-D: Deprecated declaration uart_init - give arg types
D:\arm_workshop\RFID\rfid1.c(101): warning:  #1-D: last line of file ends without a newline
D:\arm_workshop\RFID\rfid1.c - 0 Error(s), 2 Warning(s).
Build target 'Target 1'
linking...
Program Size: Code=1360 RO-data=248 RW-data=4 ZI-data=612  
FromELF: creating hex file...
"rfid.axf" - 0 Error(s), 0 Warning(s).
Build target 'Target 1'
assembling startup_LPC17xx.s...
compiling system_LPC17xx.c...
compiling rfid1.c...
D:\arm_workshop\RFID\rfid1.c(4): warning:  #1295-D: Deprecated declaration uart_init - give arg types
D:\arm_workshop\RFID\rfid1.c(101): warning:  #1-D: last line of file ends without a newline
linking...
Program Size: Code=1360 RO-data=248 RW-data=4 ZI-data=612  
FromELF: creating hex file...
"rfid.axf" - 0 Error(s), 2 Warning(s).
compiling rfid1.c...
D:\arm_workshop\RFID\rfid1.c(4): warning:  #1295-D: Deprecated declaration uart_init - give arg types
D:\arm_workshop\RFID\rfid1.c(101): warning:  #1-D: last line of file ends without a newline
D:\arm_workshop\RFID\rfid1.c - 0 Error(s), 2 Warning(s).
compiling rfid1.c...
D:\arm_workshop\RFID\rfid1.c(4): warning:  #1295-D: Deprecated declaration uart_init - give arg types
D:\arm_workshop\RFID\rfid1.c(101): warning:  #1-D: last line of file ends without a newline
D:\arm_workshop\RFID\rfid1.c - 0 Error(s), 2 Warning(s).
compiling rfid1.c...
D:\arm_workshop\RFID\rfid1.c(4): warning:  #1295-D: Deprecated declaration uart_init - give arg types
D:\arm_workshop\RFID\rfid1.c(101): warning:  #1-D: last line of file ends without a newline
D:\arm_workshop\RFID\rfid1.c - 0 Error(s), 2 Warning(s).
Build target 'Target 1'
linking...
Program Size: Code=1364 RO-data=332 RW-data=4 ZI-data=612  
FromELF: creating hex file...
"rfid.axf" - 0 Error(s), 0 Warning(s).
Build target 'Target 1'
assembling startup_LPC17xx.s...
compiling system_LPC17xx.c...
compiling rfid1.c...
D:\arm_workshop\RFID\rfid1.c(4): warning:  #1295-D: Deprecated declaration uart_init - give arg types
D:\arm_workshop\RFID\rfid1.c(101): warning:  #1-D: last line of file ends without a newline
linking...
Program Size: Code=1364 RO-data=332 RW-data=4 ZI-data=612  
FromELF: creating hex file...
"rfid.axf" - 0 Error(s), 2 Warning(s).
compiling rfid1.c...
D:\arm_workshop\RFID\rfid1.c(4): warning:  #1295-D: Deprecated declaration uart_init - give arg types
D:\arm_workshop\RFID\rfid1.c(101): warning:  #1-D: last line of file ends without a newline
D:\arm_workshop\RFID\rfid1.c - 0 Error(s), 2 Warning(s).
Build target 'Target 1'
linking...
Program Size: Code=1360 RO-data=248 RW-data=4 ZI-data=612  
FromELF: creating hex file...
"rfid.axf" - 0 Error(s), 0 Warning(s).
Build target 'Target 1'
assembling startup_LPC17xx.s...
compiling system_LPC17xx.c...
compiling rfid1.c...
D:\arm_workshop\RFID\rfid1.c(4): warning:  #1295-D: Deprecated declaration uart_init - give arg types
D:\arm_workshop\RFID\rfid1.c(101): warning:  #1-D: last line of file ends without a newline
linking...
Program Size: Code=1360 RO-data=248 RW-data=4 ZI-data=612  
FromELF: creating hex file...
"rfid.axf" - 0 Error(s), 2 Warning(s).
compiling rfid1.c...
D:\arm_workshop\RFID\rfid1.c(4): warning:  #1295-D: Deprecated declaration uart_init - give arg types
D:\arm_workshop\RFID\rfid1.c(104): warning:  #1-D: last line of file ends without a newline
D:\arm_workshop\RFID\rfid1.c - 0 Error(s), 2 Warning(s).
Build target 'Target 1'
linking...
Program Size: Code=1304 RO-data=432 RW-data=4 ZI-data=612  
FromELF: creating hex file...
"rfid.axf" - 0 Error(s), 0 Warning(s).
Build target 'Target 1'
assembling startup_LPC17xx.s...
compiling system_LPC17xx.c...
compiling rfid1.c...
D:\arm_workshop\RFID\rfid1.c(4): warning:  #1295-D: Deprecated declaration uart_init - give arg types
D:\arm_workshop\RFID\rfid1.c(104): warning:  #1-D: last line of file ends without a newline
linking...
Program Size: Code=1304 RO-data=432 RW-data=4 ZI-data=612  
FromELF: creating hex file...
"rfid.axf" - 0 Error(s), 2 Warning(s).
compiling rfid1.c...
D:\arm_workshop\RFID\rfid1.c(4): warning:  #1295-D: Deprecated declaration uart_init - give arg types
D:\arm_workshop\RFID\rfid1.c(104): warning:  #1-D: last line of file ends without a newline
D:\arm_workshop\RFID\rfid1.c - 0 Error(s), 2 Warning(s).
Build target 'Target 1'
linking...
Program Size: Code=1304 RO-data=432 RW-data=4 ZI-data=612  
FromELF: creating hex file...
"rfid.axf" - 0 Error(s), 0 Warning(s).
Build target 'Target 1'
assembling startup_LPC17xx.s...
compiling system_LPC17xx.c...
compiling rfid1.c...
D:\arm_workshop\RFID\rfid1.c(4): warning:  #1295-D: Deprecated declaration uart_init - give arg types
D:\arm_workshop\RFID\rfid1.c(104): warning:  #1-D: last line of file ends without a newline
linking...
Program Size: Code=1304 RO-data=432 RW-data=4 ZI-data=612  
FromELF: creating hex file...
"rfid.axf" - 0 Error(s), 2 Warning(s).
compiling rfid1.c...
D:\arm_workshop\RFID\rfid1.c(4): warning:  #1295-D: Deprecated declaration uart_init - give arg types
D:\arm_workshop\RFID\rfid1.c(104): warning:  #1-D: last line of file ends without a newline
D:\arm_workshop\RFID\rfid1.c - 0 Error(s), 2 Warning(s).
Build target 'Target 1'
linking...
Program Size: Code=1316 RO-data=432 RW-data=4 ZI-data=612  
FromELF: creating hex file...
"rfid.axf" - 0 Error(s), 0 Warning(s).
Build target 'Target 1'
assembling startup_LPC17xx.s...
compiling system_LPC17xx.c...
compiling rfid1.c...
D:\arm_workshop\RFID\rfid1.c(4): warning:  #1295-D: Deprecated declaration uart_init - give arg types
D:\arm_workshop\RFID\rfid1.c(104): warning:  #1-D: last line of file ends without a newline
linking...
Program Size: Code=1316 RO-data=432 RW-data=4 ZI-data=612  
FromELF: creating hex file...
"rfid.axf" - 0 Error(s), 2 Warning(s).
compiling rfid1.c...
D:\arm_workshop\RFID\rfid1.c(4): warning:  #1295-D: Deprecated declaration uart_init - give arg types
D:\arm_workshop\RFID\rfid1.c(105): warning:  #1-D: last line of file ends without a newline
D:\arm_workshop\RFID\rfid1.c - 0 Error(s), 2 Warning(s).
Build target 'Target 1'
linking...
Program Size: Code=1268 RO-data=432 RW-data=4 ZI-data=612  
FromELF: creating hex file...
"rfid.axf" - 0 Error(s), 0 Warning(s).
compiling RFID_MATRIX.C...
D:\arm_workshop\RFID\RFID_MATRIX.C(4): warning:  #1295-D: Deprecated declaration uart_init - give arg types
D:\arm_workshop\RFID\RFID_MATRIX.C(25): error:  #20: identifier "j" is undefined
D:\arm_workshop\RFID\RFID_MATRIX.C(120): warning:  #1-D: last line of file ends without a newline
D:\arm_workshop\RFID\RFID_MATRIX.C - 1 Error(s), 2 Warning(s).
compiling RFID_MATRIX.C...
D:\arm_workshop\RFID\RFID_MATRIX.C(4): warning:  #1295-D: Deprecated declaration uart_init - give arg types
D:\arm_workshop\RFID\RFID_MATRIX.C(120): warning:  #1-D: last line of file ends without a newline
D:\arm_workshop\RFID\RFID_MATRIX.C - 0 Error(s), 2 Warning(s).
Build target 'Target 1'
linking...
Program Size: Code=1460 RO-data=472 RW-data=4 ZI-data=612  
FromELF: creating hex file...
"rfid.axf" - 0 Error(s), 0 Warning(s).
Build target 'Target 1'
assembling startup_LPC17xx.s...
compiling system_LPC17xx.c...
compiling RFID_MATRIX.C...
D:\arm_workshop\RFID\RFID_MATRIX.C(4): warning:  #1295-D: Deprecated declaration uart_init - give arg types
D:\arm_workshop\RFID\RFID_MATRIX.C(120): warning:  #1-D: last line of file ends without a newline
linking...
Program Size: Code=1460 RO-data=472 RW-data=4 ZI-data=612  
FromELF: creating hex file...
"rfid.axf" - 0 Error(s), 2 Warning(s).
compiling RFID_MATRIX.C...
D:\arm_workshop\RFID\RFID_MATRIX.C(4): warning:  #1295-D: Deprecated declaration uart_init - give arg types
D:\arm_workshop\RFID\RFID_MATRIX.C(120): warning:  #1-D: last line of file ends without a newline
D:\arm_workshop\RFID\RFID_MATRIX.C - 0 Error(s), 2 Warning(s).
Build target 'Target 1'
linking...
Program Size: Code=1460 RO-data=472 RW-data=4 ZI-data=612  
FromELF: creating hex file...
"rfidmatrix.axf" - 0 Error(s), 0 Warning(s).
Build target 'Target 1'
assembling startup_LPC17xx.s...
compiling system_LPC17xx.c...
compiling RFID_MATRIX.C...
D:\arm_workshop\RFID\RFID_MATRIX.C(4): warning:  #1295-D: Deprecated declaration uart_init - give arg types
D:\arm_workshop\RFID\RFID_MATRIX.C(120): warning:  #1-D: last line of file ends without a newline
linking...
Program Size: Code=1460 RO-data=472 RW-data=4 ZI-data=612  
FromELF: creating hex file...
"rfidmatrix.axf" - 0 Error(s), 2 Warning(s).
compiling RFID_MATRIX.C...
D:\arm_workshop\RFID\RFID_MATRIX.C(4): warning:  #1295-D: Deprecated declaration uart_init - give arg types
D:\arm_workshop\RFID\RFID_MATRIX.C(120): warning:  #1-D: last line of file ends without a newline
D:\arm_workshop\RFID\RFID_MATRIX.C - 0 Error(s), 2 Warning(s).
Build target 'Target 1'
linking...
Program Size: Code=1460 RO-data=472 RW-data=4 ZI-data=612  
FromELF: creating hex file...
"rfidmatrix.axf" - 0 Error(s), 0 Warning(s).
Build target 'Target 1'
assembling startup_LPC17xx.s...
compiling system_LPC17xx.c...
compiling RFID_MATRIX.C...
D:\arm_workshop\RFID\RFID_MATRIX.C(4): warning:  #1295-D: Deprecated declaration uart_init - give arg types
D:\arm_workshop\RFID\RFID_MATRIX.C(120): warning:  #1-D: last line of file ends without a newline
linking...
Program Size: Code=1460 RO-data=472 RW-data=4 ZI-data=612  
FromELF: creating hex file...
"rfidmatrix.axf" - 0 Error(s), 2 Warning(s).
compiling RFID_MATRIX.C...
D:\arm_workshop\RFID\RFID_MATRIX.C(4): warning:  #1295-D: Deprecated declaration uart_init - give arg types
D:\arm_workshop\RFID\RFID_MATRIX.C(120): warning:  #1-D: last line of file ends without a newline
D:\arm_workshop\RFID\RFID_MATRIX.C - 0 Error(s), 2 Warning(s).
Build target 'Target 1'
linking...
Program Size: Code=1460 RO-data=472 RW-data=4 ZI-data=612  
FromELF: creating hex file...
"rfidmatrix.axf" - 0 Error(s), 0 Warning(s).
Build target 'Target 1'
assembling startup_LPC17xx.s...
compiling system_LPC17xx.c...
compiling RFID_MATRIX.C...
D:\arm_workshop\RFID\RFID_MATRIX.C(4): warning:  #1295-D: Deprecated declaration uart_init - give arg types
D:\arm_workshop\RFID\RFID_MATRIX.C(120): warning:  #1-D: last line of file ends without a newline
linking...
Program Size: Code=1460 RO-data=472 RW-data=4 ZI-data=612  
FromELF: creating hex file...
"rfidmatrix.axf" - 0 Error(s), 2 Warning(s).
compiling RFID_MATRIX.C...
D:\arm_workshop\RFID\RFID_MATRIX.C(4): warning:  #1295-D: Deprecated declaration uart_init - give arg types
D:\arm_workshop\RFID\RFID_MATRIX.C(120): warning:  #1-D: last line of file ends without a newline
D:\arm_workshop\RFID\RFID_MATRIX.C - 0 Error(s), 2 Warning(s).
Build target 'Target 1'
linking...
Program Size: Code=1464 RO-data=472 RW-data=4 ZI-data=612  
FromELF: creating hex file...
"rfidmatrix.axf" - 0 Error(s), 0 Warning(s).
Build target 'Target 1'
assembling startup_LPC17xx.s...
compiling system_LPC17xx.c...
compiling RFID_MATRIX.C...
D:\arm_workshop\RFID\RFID_MATRIX.C(4): warning:  #1295-D: Deprecated declaration uart_init - give arg types
D:\arm_workshop\RFID\RFID_MATRIX.C(120): warning:  #1-D: last line of file ends without a newline
linking...
Program Size: Code=1464 RO-data=472 RW-data=4 ZI-data=612  
FromELF: creating hex file...
"rfidmatrix.axf" - 0 Error(s), 2 Warning(s).
compiling RFID_MATRIX.C...
D:\arm_workshop\RFID\RFID_MATRIX.C(4): warning:  #1295-D: Deprecated declaration uart_init - give arg types
D:\arm_workshop\RFID\RFID_MATRIX.C(124): warning:  #1-D: last line of file ends without a newline
D:\arm_workshop\RFID\RFID_MATRIX.C - 0 Error(s), 2 Warning(s).
Build target 'Target 1'
linking...
Program Size: Code=1480 RO-data=472 RW-data=4 ZI-data=612  
FromELF: creating hex file...
"rfidmatrix.axf" - 0 Error(s), 0 Warning(s).
Build target 'Target 1'
linking...
Program Size: Code=1480 RO-data=472 RW-data=4 ZI-data=612  
FromELF: creating hex file...
"rfidmatrix.axf" - 0 Error(s), 0 Warning(s).
compiling RFID_MATRIX.C...
D:\arm_workshop\RFID\RFID_MATRIX.C(4): warning:  #1295-D: Deprecated declaration uart_init - give arg types
D:\arm_workshop\RFID\RFID_MATRIX.C(128): warning:  #1-D: last line of file ends without a newline
D:\arm_workshop\RFID\RFID_MATRIX.C - 0 Error(s), 2 Warning(s).
Build target 'Target 1'
linking...
Program Size: Code=1500 RO-data=472 RW-data=4 ZI-data=612  
FromELF: creating hex file...
"rfidmatrix.axf" - 0 Error(s), 0 Warning(s).
Build target 'Target 1'
assembling startup_LPC17xx.s...
compiling system_LPC17xx.c...
compiling RFID_MATRIX.C...
D:\arm_workshop\RFID\RFID_MATRIX.C(4): warning:  #1295-D: Deprecated declaration uart_init - give arg types
D:\arm_workshop\RFID\RFID_MATRIX.C(128): warning:  #1-D: last line of file ends without a newline
linking...
Program Size: Code=1500 RO-data=472 RW-data=4 ZI-data=612  
FromELF: creating hex file...
"rfidmatrix.axf" - 0 Error(s), 2 Warning(s).
compiling RFID_MATRIX.C...
D:\arm_workshop\RFID\RFID_MATRIX.C(4): warning:  #1295-D: Deprecated declaration uart_init - give arg types
D:\arm_workshop\RFID\RFID_MATRIX.C(132): warning:  #1-D: last line of file ends without a newline
D:\arm_workshop\RFID\RFID_MATRIX.C - 0 Error(s), 2 Warning(s).
Build target 'Target 1'
linking...
Program Size: Code=1520 RO-data=472 RW-data=4 ZI-data=612  
FromELF: creating hex file...
"rfidmatrix.axf" - 0 Error(s), 0 Warning(s).
compiling RFID_MATRIX.C...
D:\arm_workshop\RFID\RFID_MATRIX.C(4): warning:  #1295-D: Deprecated declaration uart_init - give arg types
D:\arm_workshop\RFID\RFID_MATRIX.C(137): warning:  #1-D: last line of file ends without a newline
D:\arm_workshop\RFID\RFID_MATRIX.C - 0 Error(s), 2 Warning(s).
Build target 'Target 1'
linking...
Program Size: Code=1540 RO-data=472 RW-data=4 ZI-data=612  
FromELF: creating hex file...
"rfidmatrix.axf" - 0 Error(s), 0 Warning(s).
compiling rfid_gsm.c...
D:\arm_workshop\RFID\rfid_gsm.c(3): warning:  #1295-D: Deprecated declaration uart_init - give arg types
D:\arm_workshop\RFID\rfid_gsm.c(22): warning:  #223-D: function "SystemInit" declared implicitly
D:\arm_workshop\RFID\rfid_gsm.c(24): error:  #20: identifier "LPC_SC" is undefined
D:\arm_workshop\RFID\rfid_gsm.c(62): error:  #20: identifier "LPC_UART0" is undefined
D:\arm_workshop\RFID\rfid_gsm.c(76): error:  #20: identifier "LPC_UART0" is undefined
D:\arm_workshop\RFID\rfid_gsm.c(86): error:  #20: identifier "LPC_UART3" is undefined
D:\arm_workshop\RFID\rfid_gsm.c(101): error:  #20: identifier "LPC_PINCON" is undefined
D:\arm_workshop\RFID\rfid_gsm.c(102): error:  #20: identifier "LPC_UART3" is undefined
D:\arm_workshop\RFID\rfid_gsm.c(110): error:  #20: identifier "LPC_UART0" is undefined
D:\arm_workshop\RFID\rfid_gsm.c(125): error:  #20: identifier "LPC_UART3" is undefined
D:\arm_workshop\RFID\rfid_gsm.c(127): error:  #20: identifier "LPC_UART0" is undefined
D:\arm_workshop\RFID\rfid_gsm.c(140): error:  #20: identifier "LPC_UART3" is undefined
D:\arm_workshop\RFID\rfid_gsm.c - 10 Error(s), 2 Warning(s).
compiling rfid_gsm.c...
D:\arm_workshop\RFID\rfid_gsm.c(3): warning:  #1295-D: Deprecated declaration uart_init - give arg types
D:\arm_workshop\RFID\rfid_gsm.c(22): warning:  #223-D: function "SystemInit" declared implicitly
D:\arm_workshop\RFID\rfid_gsm.c(24): error:  #20: identifier "LPC_SC" is undefined
D:\arm_workshop\RFID\rfid_gsm.c(62): error:  #20: identifier "LPC_UART0" is undefined
D:\arm_workshop\RFID\rfid_gsm.c(76): error:  #20: identifier "LPC_UART0" is undefined
D:\arm_workshop\RFID\rfid_gsm.c(86): error:  #20: identifier "LPC_UART3" is undefined
D:\arm_workshop\RFID\rfid_gsm.c(102): error:  #20: identifier "LPC_PINCON" is undefined
D:\arm_workshop\RFID\rfid_gsm.c(103): error:  #20: identifier "LPC_UART3" is undefined
D:\arm_workshop\RFID\rfid_gsm.c(111): error:  #20: identifier "LPC_UART0" is undefined
D:\arm_workshop\RFID\rfid_gsm.c(126): error:  #20: identifier "LPC_UART3" is undefined
D:\arm_workshop\RFID\rfid_gsm.c(128): error:  #20: identifier "LPC_UART0" is undefined
D:\arm_workshop\RFID\rfid_gsm.c(141): error:  #20: identifier "LPC_UART3" is undefined
D:\arm_workshop\RFID\rfid_gsm.c - 10 Error(s), 2 Warning(s).
compiling rfid_gsm.c...
D:\arm_workshop\RFID\rfid_gsm.c(3): warning:  #1295-D: Deprecated declaration uart_init - give arg types
D:\arm_workshop\RFID\rfid_gsm.c - 0 Error(s), 1 Warning(s).
Build target 'Target 1'
linking...
Program Size: Code=1568 RO-data=332 RW-data=4 ZI-data=612  
FromELF: creating hex file...
"rfidmatrix.axf" - 0 Error(s), 0 Warning(s).
Build target 'Target 1'
assembling startup_LPC17xx.s...
compiling system_LPC17xx.c...
compiling rfid_gsm.c...
D:\arm_workshop\RFID\rfid_gsm.c(3): warning:  #1295-D: Deprecated declaration uart_init - give arg types
linking...
Program Size: Code=1568 RO-data=332 RW-data=4 ZI-data=612  
FromELF: creating hex file...
"rfidmatrix.axf" - 0 Error(s), 1 Warning(s).
compiling rfid_gsm.c...
D:\arm_workshop\RFID\rfid_gsm.c(3): warning:  #1295-D: Deprecated declaration uart_init - give arg types
D:\arm_workshop\RFID\rfid_gsm.c - 0 Error(s), 1 Warning(s).
Build target 'Target 1'
linking...
Program Size: Code=1572 RO-data=332 RW-data=4 ZI-data=612  
FromELF: creating hex file...
"rfidmatrix.axf" - 0 Error(s), 0 Warning(s).
Build target 'Target 1'
assembling startup_LPC17xx.s...
compiling system_LPC17xx.c...
compiling rfid_gsm.c...
D:\arm_workshop\RFID\rfid_gsm.c(3): warning:  #1295-D: Deprecated declaration uart_init - give arg types
linking...
Program Size: Code=1572 RO-data=332 RW-data=4 ZI-data=612  
FromELF: creating hex file...
"rfidmatrix.axf" - 0 Error(s), 1 Warning(s).
compiling rfid_gsm.c...
D:\arm_workshop\RFID\rfid_gsm.c(3): warning:  #1295-D: Deprecated declaration uart_init - give arg types
D:\arm_workshop\RFID\rfid_gsm.c - 0 Error(s), 1 Warning(s).
Build target 'Target 1'
linking...
Program Size: Code=1640 RO-data=332 RW-data=4 ZI-data=612  
FromELF: creating hex file...
"rfidmatrix.axf" - 0 Error(s), 0 Warning(s).
Build target 'Target 1'
assembling startup_LPC17xx.s...
compiling system_LPC17xx.c...
compiling rfid_gsm.c...
D:\arm_workshop\RFID\rfid_gsm.c(3): warning:  #1295-D: Deprecated declaration uart_init - give arg types
linking...
Program Size: Code=1640 RO-data=332 RW-data=4 ZI-data=612  
FromELF: creating hex file...
"rfidmatrix.axf" - 0 Error(s), 1 Warning(s).
compiling rfid_gsm.c...
D:\arm_workshop\RFID\rfid_gsm.c(3): warning:  #1295-D: Deprecated declaration uart_init - give arg types
D:\arm_workshop\RFID\rfid_gsm.c - 0 Error(s), 1 Warning(s).
Build target 'Target 1'
linking...
Program Size: Code=1640 RO-data=332 RW-data=4 ZI-data=612  
FromELF: creating hex file...
"RFIDGSM.axf" - 0 Error(s), 0 Warning(s).
Build target 'Target 1'
assembling startup_LPC17xx.s...
compiling system_LPC17xx.c...
compiling rfid_gsm.c...
D:\arm_workshop\RFID\rfid_gsm.c(3): warning:  #1295-D: Deprecated declaration uart_init - give arg types
linking...
Program Size: Code=1640 RO-data=332 RW-data=4 ZI-data=612  
FromELF: creating hex file...
"RFIDGSM.axf" - 0 Error(s), 1 Warning(s).
compiling rfid_gsm.c...
D:\arm_workshop\RFID\rfid_gsm.c(3): warning:  #1295-D: Deprecated declaration uart_init - give arg types
D:\arm_workshop\RFID\rfid_gsm.c - 0 Error(s), 1 Warning(s).
Build target 'Target 1'
linking...
Program Size: Code=1640 RO-data=332 RW-data=4 ZI-data=612  
FromELF: creating hex file...
"RFIDGSM.axf" - 0 Error(s), 0 Warning(s).
Build target 'Target 1'
assembling startup_LPC17xx.s...
compiling system_LPC17xx.c...
compiling rfid_gsm.c...
D:\arm_workshop\RFID\rfid_gsm.c(3): warning:  #1295-D: Deprecated declaration uart_init - give arg types
linking...
Program Size: Code=1640 RO-data=332 RW-data=4 ZI-data=612  
FromELF: creating hex file...
"RFIDGSM.axf" - 0 Error(s), 1 Warning(s).
compiling rfid_gsm.c...
D:\arm_workshop\RFID\rfid_gsm.c(3): warning:  #1295-D: Deprecated declaration uart_init - give arg types
D:\arm_workshop\RFID\rfid_gsm.c - 0 Error(s), 1 Warning(s).
Build target 'Target 1'
linking...
Program Size: Code=1640 RO-data=332 RW-data=4 ZI-data=612  
FromELF: creating hex file...
"RFIDGSM.axf" - 0 Error(s), 0 Warning(s).
Build target 'Target 1'
assembling startup_LPC17xx.s...
compiling system_LPC17xx.c...
compiling rfid_gsm.c...
D:\arm_workshop\RFID\rfid_gsm.c(3): warning:  #1295-D: Deprecated declaration uart_init - give arg types
linking...
Program Size: Code=1640 RO-data=332 RW-data=4 ZI-data=612  
FromELF: creating hex file...
"RFIDGSM.axf" - 0 Error(s), 1 Warning(s).
compiling rfid_gsm.c...
D:\arm_workshop\RFID\rfid_gsm.c(3): warning:  #1295-D: Deprecated declaration uart_init - give arg types
D:\arm_workshop\RFID\rfid_gsm.c - 0 Error(s), 1 Warning(s).
Build target 'Target 1'
linking...
Program Size: Code=1644 RO-data=332 RW-data=4 ZI-data=612  
FromELF: creating hex file...
"RFIDGSM.axf" - 0 Error(s), 0 Warning(s).
Build target 'Target 1'
assembling startup_LPC17xx.s...
compiling system_LPC17xx.c...
compiling rfid_gsm.c...
D:\arm_workshop\RFID\rfid_gsm.c(3): warning:  #1295-D: Deprecated declaration uart_init - give arg types
linking...
Program Size: Code=1644 RO-data=332 RW-data=4 ZI-data=612  
FromELF: creating hex file...
"RFIDGSM.axf" - 0 Error(s), 1 Warning(s).
compiling rfid_gsm.c...
D:\arm_workshop\RFID\rfid_gsm.c(3): warning:  #1295-D: Deprecated declaration uart_init - give arg types
D:\arm_workshop\RFID\rfid_gsm.c - 0 Error(s), 1 Warning(s).
Build target 'Target 1'
linking...
Program Size: Code=1584 RO-data=332 RW-data=4 ZI-data=612  
FromELF: creating hex file...
"RFIDGSM.axf" - 0 Error(s), 0 Warning(s).
compiling rfid_gsm.c...
D:\arm_workshop\RFID\rfid_gsm.c(3): warning:  #1295-D: Deprecated declaration uart_init - give arg types
D:\arm_workshop\RFID\rfid_gsm.c(8): warning:  #177-D: variable "real" was declared but never referenced
D:\arm_workshop\RFID\rfid_gsm.c(9): warning:  #177-D: variable "text1" was declared but never referenced
D:\arm_workshop\RFID\rfid_gsm.c(10): warning:  #177-D: variable "text2" was declared but never referenced
D:\arm_workshop\RFID\rfid_gsm.c(13): warning:  #177-D: variable "msg2" was declared but never referenced
D:\arm_workshop\RFID\rfid_gsm.c(14): warning:  #177-D: variable "msg3" was declared but never referenced
D:\arm_workshop\RFID\rfid_gsm.c(15): warning:  #177-D: variable "msg4" was declared but never referenced
D:\arm_workshop\RFID\rfid_gsm.c(16): warning:  #177-D: variable "msg5" was declared but never referenced
D:\arm_workshop\RFID\rfid_gsm.c(19): warning:  #177-D: variable "i" was declared but never referenced
D:\arm_workshop\RFID\rfid_gsm.c(19): warning:  #177-D: variable "y" was declared but never referenced
D:\arm_workshop\RFID\rfid_gsm.c - 0 Error(s), 10 Warning(s).
Build target 'Target 1'
linking...
Program Size: Code=1420 RO-data=332 RW-data=4 ZI-data=612  
FromELF: creating hex file...
"RFIDGSM.axf" - 0 Error(s), 0 Warning(s).
compiling rfid_gsm.c...
D:\arm_workshop\RFID\rfid_gsm.c(3): warning:  #1295-D: Deprecated declaration uart_init - give arg types
D:\arm_workshop\RFID\rfid_gsm.c(8): warning:  #177-D: variable "real" was declared but never referenced
D:\arm_workshop\RFID\rfid_gsm.c(9): warning:  #177-D: variable "text1" was declared but never referenced
D:\arm_workshop\RFID\rfid_gsm.c(10): warning:  #177-D: variable "text2" was declared but never referenced
D:\arm_workshop\RFID\rfid_gsm.c(13): warning:  #177-D: variable "msg2" was declared but never referenced
D:\arm_workshop\RFID\rfid_gsm.c(14): warning:  #177-D: variable "msg3" was declared but never referenced
D:\arm_workshop\RFID\rfid_gsm.c(15): warning:  #177-D: variable "msg4" was declared but never referenced
D:\arm_workshop\RFID\rfid_gsm.c(16): warning:  #177-D: variable "msg5" was declared but never referenced
D:\arm_workshop\RFID\rfid_gsm.c(19): warning:  #177-D: variable "i" was declared but never referenced
D:\arm_workshop\RFID\rfid_gsm.c(19): warning:  #177-D: variable "y" was declared but never referenced
D:\arm_workshop\RFID\rfid_gsm.c - 0 Error(s), 10 Warning(s).
Build target 'Target 1'
linking...
Program Size: Code=1416 RO-data=332 RW-data=4 ZI-data=612  
FromELF: creating hex file...
"RFIDGSM.axf" - 0 Error(s), 0 Warning(s).
compiling rfid_gsm.c...
D:\arm_workshop\RFID\rfid_gsm.c(4): warning:  #1295-D: Deprecated declaration uart_init - give arg types
D:\arm_workshop\RFID\rfid_gsm.c(100): warning:  #1-D: last line of file ends without a newline
D:\arm_workshop\RFID\rfid_gsm.c - 0 Error(s), 2 Warning(s).
Build target 'Target 1'
linking...
Program Size: Code=1268 RO-data=432 RW-data=4 ZI-data=612  
FromELF: creating hex file...
"RFIDGSM.axf" - 0 Error(s), 0 Warning(s).
Build target 'Target 1'
assembling startup_LPC17xx.s...
compiling system_LPC17xx.c...
compiling rfid_gsm.c...
D:\arm_workshop\RFID\rfid_gsm.c(4): warning:  #1295-D: Deprecated declaration uart_init - give arg types
D:\arm_workshop\RFID\rfid_gsm.c(100): warning:  #1-D: last line of file ends without a newline
linking...
Program Size: Code=1268 RO-data=432 RW-data=4 ZI-data=612  
FromELF: creating hex file...
"RFIDGSM.axf" - 0 Error(s), 2 Warning(s).
compiling rfid_gsm.c...
D:\arm_workshop\RFID\rfid_gsm.c(4): warning:  #1295-D: Deprecated declaration uart_init - give arg types
D:\arm_workshop\RFID\rfid_gsm.c(100): warning:  #1-D: last line of file ends without a newline
D:\arm_workshop\RFID\rfid_gsm.c - 0 Error(s), 2 Warning(s).
Build target 'Target 1'
linking...
Program Size: Code=1268 RO-data=432 RW-data=4 ZI-data=612  
FromELF: creating hex file...
"RFIDGSM.axf" - 0 Error(s), 0 Warning(s).
compiling rfid_gsm.c...
D:\arm_workshop\RFID\rfid_gsm.c(4): warning:  #1295-D: Deprecated declaration uart_init - give arg types
D:\arm_workshop\RFID\rfid_gsm.c(154): warning:  #1-D: last line of file ends without a newline
D:\arm_workshop\RFID\rfid_gsm.c - 0 Error(s), 2 Warning(s).
compiling rfid_gsm.c...
D:\arm_workshop\RFID\rfid_gsm.c(4): warning:  #1295-D: Deprecated declaration uart_init - give arg types
D:\arm_workshop\RFID\rfid_gsm.c(154): warning:  #1-D: last line of file ends without a newline
D:\arm_workshop\RFID\rfid_gsm.c - 0 Error(s), 2 Warning(s).
Build target 'Target 1'
linking...
Program Size: Code=1624 RO-data=332 RW-data=4 ZI-data=612  
FromELF: creating hex file...
"RFIDGSM.axf" - 0 Error(s), 0 Warning(s).
Build target 'Target 1'
assembling startup_LPC17xx.s...
compiling system_LPC17xx.c...
compiling rfid_gsm.c...
D:\arm_workshop\RFID\rfid_gsm.c(4): warning:  #1295-D: Deprecated declaration uart_init - give arg types
D:\arm_workshop\RFID\rfid_gsm.c(154): warning:  #1-D: last line of file ends without a newline
linking...
Program Size: Code=1624 RO-data=332 RW-data=4 ZI-data=612  
FromELF: creating hex file...
"RFIDGSM.axf" - 0 Error(s), 2 Warning(s).
compiling rfid_gsm.c...
D:\arm_workshop\RFID\rfid_gsm.c(4): warning:  #1295-D: Deprecated declaration uart_init - give arg types
D:\arm_workshop\RFID\rfid_gsm.c(154): warning:  #1-D: last line of file ends without a newline
D:\arm_workshop\RFID\rfid_gsm.c - 0 Error(s), 2 Warning(s).
Build target 'Target 1'
linking...
Program Size: Code=1624 RO-data=332 RW-data=4 ZI-data=612  
FromELF: creating hex file...
"RFIDGSM.axf" - 0 Error(s), 0 Warning(s).
Build target 'Target 1'
assembling startup_LPC17xx.s...
compiling system_LPC17xx.c...
compiling rfid_gsm.c...
D:\arm_workshop\RFID\rfid_gsm.c(4): warning:  #1295-D: Deprecated declaration uart_init - give arg types
D:\arm_workshop\RFID\rfid_gsm.c(154): warning:  #1-D: last line of file ends without a newline
linking...
Program Size: Code=1624 RO-data=332 RW-data=4 ZI-data=612  
FromELF: creating hex file...
"RFIDGSM.axf" - 0 Error(s), 2 Warning(s).
compiling rfid_gsm.c...
D:\arm_workshop\RFID\rfid_gsm.c(4): warning:  #1295-D: Deprecated declaration uart_init - give arg types
D:\arm_workshop\RFID\rfid_gsm.c(153): warning:  #1-D: last line of file ends without a newline
D:\arm_workshop\RFID\rfid_gsm.c - 0 Error(s), 2 Warning(s).
Build target 'Target 1'
linking...
Program Size: Code=1616 RO-data=332 RW-data=4 ZI-data=612  
FromELF: creating hex file...
"RFIDGSM.axf" - 0 Error(s), 0 Warning(s).
Build target 'Target 1'
assembling startup_LPC17xx.s...
compiling system_LPC17xx.c...
compiling rfid_gsm.c...
D:\arm_workshop\RFID\rfid_gsm.c(4): warning:  #1295-D: Deprecated declaration uart_init - give arg types
D:\arm_workshop\RFID\rfid_gsm.c(153): warning:  #1-D: last line of file ends without a newline
linking...
Program Size: Code=1616 RO-data=332 RW-data=4 ZI-data=612  
FromELF: creating hex file...
"RFIDGSM.axf" - 0 Error(s), 2 Warning(s).
compiling rfid_gsm.c...
D:\arm_workshop\RFID\rfid_gsm.c(4): warning:  #1295-D: Deprecated declaration uart_init - give arg types
D:\arm_workshop\RFID\rfid_gsm.c(154): warning:  #1-D: last line of file ends without a newline
D:\arm_workshop\RFID\rfid_gsm.c - 0 Error(s), 2 Warning(s).
Build target 'Target 1'
linking...
Program Size: Code=1624 RO-data=332 RW-data=4 ZI-data=612  
FromELF: creating hex file...
"RFIDGSM.axf" - 0 Error(s), 0 Warning(s).
Build target 'Target 1'
assembling startup_LPC17xx.s...
compiling system_LPC17xx.c...
compiling rfid_gsm.c...
D:\arm_workshop\RFID\rfid_gsm.c(4): warning:  #1295-D: Deprecated declaration uart_init - give arg types
D:\arm_workshop\RFID\rfid_gsm.c(154): warning:  #1-D: last line of file ends without a newline
linking...
Program Size: Code=1624 RO-data=332 RW-data=4 ZI-data=612  
FromELF: creating hex file...
"RFIDGSM.axf" - 0 Error(s), 2 Warning(s).
compiling rfid_test1.c...
D:\arm_workshop\RFID\rfid_test1.c(4): warning:  #1295-D: Deprecated declaration uart_init - give arg types
D:\arm_workshop\RFID\rfid_test1.c(101): warning:  #1-D: last line of file ends without a newline
D:\arm_workshop\RFID\rfid_test1.c - 0 Error(s), 2 Warning(s).
Build target 'Target 1'
linking...
Program Size: Code=1268 RO-data=432 RW-data=4 ZI-data=612  
FromELF: creating hex file...
"RFIDGSM.axf" - 0 Error(s), 0 Warning(s).
compiling rfid_test1.c...
D:\arm_workshop\RFID\rfid_test1.c(4): warning:  #1295-D: Deprecated declaration uart_init - give arg types
D:\arm_workshop\RFID\rfid_test1.c(101): warning:  #1-D: last line of file ends without a newline
D:\arm_workshop\RFID\rfid_test1.c - 0 Error(s), 2 Warning(s).
Build target 'Target 1'
linking...
Program Size: Code=1268 RO-data=432 RW-data=4 ZI-data=612  
FromELF: creating hex file...
"RFIDGSM.axf" - 0 Error(s), 0 Warning(s).
Build target 'Target 1'
assembling startup_LPC17xx.s...
compiling system_LPC17xx.c...
compiling rfid_test1.c...
D:\arm_workshop\RFID\rfid_test1.c(4): warning:  #1295-D: Deprecated declaration uart_init - give arg types
D:\arm_workshop\RFID\rfid_test1.c(101): warning:  #1-D: last line of file ends without a newline
linking...
Program Size: Code=1268 RO-data=432 RW-data=4 ZI-data=612  
FromELF: creating hex file...
"RFIDGSM.axf" - 0 Error(s), 2 Warning(s).
compiling rfid_test1.c...
D:\arm_workshop\RFID\rfid_test1.c(4): warning:  #1295-D: Deprecated declaration uart_init - give arg types
D:\arm_workshop\RFID\rfid_test1.c(101): warning:  #1-D: last line of file ends without a newline
D:\arm_workshop\RFID\rfid_test1.c - 0 Error(s), 2 Warning(s).
Build target 'Target 1'
linking...
Program Size: Code=1268 RO-data=432 RW-data=4 ZI-data=612  
FromELF: creating hex file...
"rfidtest1.axf" - 0 Error(s), 0 Warning(s).
compiling rfid_test1.c...
D:\arm_workshop\RFID\rfid_test1.c(4): warning:  #1295-D: Deprecated declaration uart_init - give arg types
D:\arm_workshop\RFID\rfid_test1.c(101): warning:  #1-D: last line of file ends without a newline
D:\arm_workshop\RFID\rfid_test1.c - 0 Error(s), 2 Warning(s).
Build target 'Target 1'
linking...
Program Size: Code=1272 RO-data=432 RW-data=4 ZI-data=612  
FromELF: creating hex file...
"rfidtest1.axf" - 0 Error(s), 0 Warning(s).
Build target 'Target 1'
assembling startup_LPC17xx.s...
compiling system_LPC17xx.c...
compiling rfid_test1.c...
D:\arm_workshop\RFID\rfid_test1.c(4): warning:  #1295-D: Deprecated declaration uart_init - give arg types
D:\arm_workshop\RFID\rfid_test1.c(101): warning:  #1-D: last line of file ends without a newline
linking...
Program Size: Code=1272 RO-data=432 RW-data=4 ZI-data=612  
FromELF: creating hex file...
"rfidtest1.axf" - 0 Error(s), 2 Warning(s).
compiling rfid_test1.c...
D:\arm_workshop\RFID\rfid_test1.c(4): warning:  #1295-D: Deprecated declaration uart_init - give arg types
D:\arm_workshop\RFID\rfid_test1.c(101): warning:  #1-D: last line of file ends without a newline
D:\arm_workshop\RFID\rfid_test1.c - 0 Error(s), 2 Warning(s).
Build target 'Target 1'
linking...
Program Size: Code=1264 RO-data=432 RW-data=4 ZI-data=612  
FromELF: creating hex file...
"rfidtest1.axf" - 0 Error(s), 0 Warning(s).
compiling rfid_test1.c...
D:\arm_workshop\RFID\rfid_test1.c(4): warning:  #1295-D: Deprecated declaration uart_init - give arg types
D:\arm_workshop\RFID\rfid_test1.c(101): warning:  #1-D: last line of file ends without a newline
D:\arm_workshop\RFID\rfid_test1.c - 0 Error(s), 2 Warning(s).
Build target 'Target 1'
linking...
Program Size: Code=1264 RO-data=432 RW-data=4 ZI-data=612  
FromELF: creating hex file...
"rfidtest1.axf" - 0 Error(s), 0 Warning(s).
Build target 'Target 1'
assembling startup_LPC17xx.s...
compiling system_LPC17xx.c...
compiling rfid_test1.c...
D:\arm_workshop\RFID\rfid_test1.c(4): warning:  #1295-D: Deprecated declaration uart_init - give arg types
D:\arm_workshop\RFID\rfid_test1.c(101): warning:  #1-D: last line of file ends without a newline
linking...
Program Size: Code=1264 RO-data=432 RW-data=4 ZI-data=612  
FromELF: creating hex file...
"rfidtest1.axf" - 0 Error(s), 2 Warning(s).
Build target 'Target 1'
linking...
Program Size: Code=1264 RO-data=432 RW-data=4 ZI-data=612  
FromELF: creating hex file...
"rfidtest1.axf" - 0 Error(s), 0 Warning(s).
compiling rfid_gsm.c...
D:\arm_workshop\RFID\rfid_gsm.c(4): warning:  #1295-D: Deprecated declaration uart_init - give arg types
D:\arm_workshop\RFID\rfid_gsm.c(154): warning:  #1-D: last line of file ends without a newline
D:\arm_workshop\RFID\rfid_gsm.c - 0 Error(s), 2 Warning(s).
Build target 'Target 1'
linking...
Program Size: Code=1620 RO-data=332 RW-data=4 ZI-data=612  
FromELF: creating hex file...
"rfidtest1.axf" - 0 Error(s), 0 Warning(s).
Build target 'Target 1'
assembling startup_LPC17xx.s...
compiling system_LPC17xx.c...
compiling rfid_gsm.c...
D:\arm_workshop\RFID\rfid_gsm.c(4): warning:  #1295-D: Deprecated declaration uart_init - give arg types
D:\arm_workshop\RFID\rfid_gsm.c(154): warning:  #1-D: last line of file ends without a newline
linking...
Program Size: Code=1620 RO-data=332 RW-data=4 ZI-data=612  
FromELF: creating hex file...
"rfidtest1.axf" - 0 Error(s), 2 Warning(s).
compiling rfid_gsm.c...
D:\arm_workshop\RFID\rfid_gsm.c(4): warning:  #1295-D: Deprecated declaration uart_init - give arg types
D:\arm_workshop\RFID\rfid_gsm.c(154): warning:  #1-D: last line of file ends without a newline
D:\arm_workshop\RFID\rfid_gsm.c - 0 Error(s), 2 Warning(s).
Build target 'Target 1'
linking...
Program Size: Code=1620 RO-data=332 RW-data=4 ZI-data=612  
FromELF: creating hex file...
"rfidtest111.axf" - 0 Error(s), 0 Warning(s).
Build target 'Target 1'
assembling startup_LPC17xx.s...
compiling system_LPC17xx.c...
compiling rfid_gsm.c...
D:\arm_workshop\RFID\rfid_gsm.c(4): warning:  #1295-D: Deprecated declaration uart_init - give arg types
D:\arm_workshop\RFID\rfid_gsm.c(154): warning:  #1-D: last line of file ends without a newline
linking...
Program Size: Code=1620 RO-data=332 RW-data=4 ZI-data=612  
FromELF: creating hex file...
"rfidtest111.axf" - 0 Error(s), 2 Warning(s).
