<html>
<body>
<pre>
<h1>µVision Build Log</h1>
<h2>Project:</h2>
D:\arm lab\EXP_2_SWITCH\switch_1_led.uvproj
Project File Date:  05/30/2019

<h2>Output:</h2>
compiling switch_1_led.c...
switch_1_led.c(29): warning:  #1-D: last line of file ends without a newline
switch_1_led.c - 0 Error(s), 1 Warning(s).
compiling switch_1_led.c...
switch_1_led.c(29): warning:  #1-D: last line of file ends without a newline
switch_1_led.c - 0 Error(s), 1 Warning(s).
Build target 'Target 1'
linking...
Program Size: Code=1032 RO-data=300 RW-data=8 ZI-data=608  
FromELF: creating hex file...
"switch_1_led.axf" - 0 Error(s), 0 Warning(s).
Build target 'Target 1'
assembling startup_LPC17xx.s...
compiling system_LPC17xx.c...
compiling switch_1_led.c...
switch_1_led.c(29): warning:  #1-D: last line of file ends without a newline
linking...
Program Size: Code=1032 RO-data=300 RW-data=8 ZI-data=608  
FromELF: creating hex file...
"switch_1_led.axf" - 0 Error(s), 1 Warning(s).
compiling switch_1_led.c...
switch_1_led.c(29): warning:  #1-D: last line of file ends without a newline
switch_1_led.c - 0 Error(s), 1 Warning(s).
Build target 'Target 1'
linking...
Program Size: Code=1032 RO-data=300 RW-data=8 ZI-data=608  
FromELF: creating hex file...
"switch_1_led.axf" - 0 Error(s), 0 Warning(s).
Build target 'Target 1'
assembling startup_LPC17xx.s...
compiling system_LPC17xx.c...
compiling switch_1_led.c...
switch_1_led.c(29): warning:  #1-D: last line of file ends without a newline
linking...
Program Size: Code=1032 RO-data=300 RW-data=8 ZI-data=608  
FromELF: creating hex file...
"switch_1_led.axf" - 0 Error(s), 1 Warning(s).
compiling switch_1_led.c...
switch_1_led.c(29): warning:  #1-D: last line of file ends without a newline
switch_1_led.c - 0 Error(s), 1 Warning(s).
Build target 'Target 1'
linking...
Program Size: Code=1036 RO-data=296 RW-data=8 ZI-data=608  
FromELF: creating hex file...
"switch_1_led.axf" - 0 Error(s), 0 Warning(s).
Build target 'Target 1'
assembling startup_LPC17xx.s...
compiling system_LPC17xx.c...
compiling switch_1_led.c...
switch_1_led.c(29): warning:  #1-D: last line of file ends without a newline
linking...
Program Size: Code=1036 RO-data=296 RW-data=8 ZI-data=608  
FromELF: creating hex file...
"switch_1_led.axf" - 0 Error(s), 1 Warning(s).
compiling switch_1_led.c...
switch_1_led.c(29): warning:  #1-D: last line of file ends without a newline
switch_1_led.c - 0 Error(s), 1 Warning(s).
Build target 'Target 1'
linking...
Program Size: Code=1036 RO-data=296 RW-data=8 ZI-data=608  
FromELF: creating hex file...
"switch_1_led.axf" - 0 Error(s), 0 Warning(s).
Build target 'Target 1'
assembling startup_LPC17xx.s...
compiling system_LPC17xx.c...
compiling switch_1_led.c...
switch_1_led.c(29): warning:  #1-D: last line of file ends without a newline
linking...
Program Size: Code=1036 RO-data=296 RW-data=8 ZI-data=608  
FromELF: creating hex file...
"switch_1_led.axf" - 0 Error(s), 1 Warning(s).
compiling UART3.C...
D:\arm_workshop\uart3\UART3.C(3): warning:  #1295-D: Deprecated declaration uart_init - give arg types
D:\arm_workshop\uart3\UART3.C - 0 Error(s), 1 Warning(s).
Build target 'Target 1'
linking...
switch_1_led.axf: Error: L6200E: Symbol __ARM_use_no_argv multiply defined (by uart3.o and switch_1_led.o).
switch_1_led.axf: Error: L6200E: Symbol delay multiply defined (by uart3.o and switch_1_led.o).
switch_1_led.axf: Error: L6200E: Symbol main multiply defined (by uart3.o and switch_1_led.o).
Target not created
compiling UART3.C...
D:\arm_workshop\uart3\UART3.C(3): warning:  #1295-D: Deprecated declaration uart_init - give arg types
D:\arm_workshop\uart3\UART3.C - 0 Error(s), 1 Warning(s).
Build target 'Target 1'
linking...
Program Size: Code=1388 RO-data=332 RW-data=4 ZI-data=612  
FromELF: creating hex file...
"switch_1_led.axf" - 0 Error(s), 0 Warning(s).
Build target 'Target 1'
assembling startup_LPC17xx.s...
compiling system_LPC17xx.c...
compiling UART3.C...
D:\arm_workshop\uart3\UART3.C(3): warning:  #1295-D: Deprecated declaration uart_init - give arg types
linking...
Program Size: Code=1388 RO-data=332 RW-data=4 ZI-data=612  
FromELF: creating hex file...
"switch_1_led.axf" - 0 Error(s), 1 Warning(s).
compiling UART3.C...
D:\arm_workshop\uart3\UART3.C(3): warning:  #1295-D: Deprecated declaration uart_init - give arg types
D:\arm_workshop\uart3\UART3.C - 0 Error(s), 1 Warning(s).
Build target 'Target 1'
linking...
Program Size: Code=1380 RO-data=332 RW-data=4 ZI-data=612  
FromELF: creating hex file...
"switch_1_led.axf" - 0 Error(s), 0 Warning(s).
Build target 'Target 1'
assembling startup_LPC17xx.s...
compiling system_LPC17xx.c...
compiling UART3.C...
D:\arm_workshop\uart3\UART3.C(3): warning:  #1295-D: Deprecated declaration uart_init - give arg types
linking...
Program Size: Code=1380 RO-data=332 RW-data=4 ZI-data=612  
FromELF: creating hex file...
"switch_1_led.axf" - 0 Error(s), 1 Warning(s).
compiling gsm_receive.c...
D:\arm_workshop\uart3\gsm_receive.c(3): warning:  #1295-D: Deprecated declaration uart_init - give arg types
D:\arm_workshop\uart3\gsm_receive.c(9): warning:  #177-D: variable "msg6" was declared but never referenced
D:\arm_workshop\uart3\gsm_receive.c - 0 Error(s), 2 Warning(s).
Build target 'Target 1'
linking...
Program Size: Code=1456 RO-data=332 RW-data=4 ZI-data=612  
FromELF: creating hex file...
"switch_1_led.axf" - 0 Error(s), 0 Warning(s).
Build target 'Target 1'
assembling startup_LPC17xx.s...
compiling system_LPC17xx.c...
compiling gsm_receive.c...
D:\arm_workshop\uart3\gsm_receive.c(3): warning:  #1295-D: Deprecated declaration uart_init - give arg types
D:\arm_workshop\uart3\gsm_receive.c(9): warning:  #177-D: variable "msg6" was declared but never referenced
linking...
Program Size: Code=1456 RO-data=332 RW-data=4 ZI-data=612  
FromELF: creating hex file...
"switch_1_led.axf" - 0 Error(s), 2 Warning(s).
compiling gsm_receive.c...
D:\arm_workshop\uart3\gsm_receive.c(3): warning:  #1295-D: Deprecated declaration uart_init - give arg types
D:\arm_workshop\uart3\gsm_receive.c(9): warning:  #177-D: variable "msg6" was declared but never referenced
D:\arm_workshop\uart3\gsm_receive.c - 0 Error(s), 2 Warning(s).
compiling gsm_receive.c...
D:\arm_workshop\uart3\gsm_receive.c(3): warning:  #1295-D: Deprecated declaration uart_init - give arg types
D:\arm_workshop\uart3\gsm_receive.c - 0 Error(s), 1 Warning(s).
Build target 'Target 1'
linking...
Program Size: Code=1476 RO-data=332 RW-data=4 ZI-data=612  
FromELF: creating hex file...
"GSM_RECE.axf" - 0 Error(s), 0 Warning(s).
Build target 'Target 1'
assembling startup_LPC17xx.s...
compiling system_LPC17xx.c...
compiling gsm_receive.c...
D:\arm_workshop\uart3\gsm_receive.c(3): warning:  #1295-D: Deprecated declaration uart_init - give arg types
linking...
Program Size: Code=1476 RO-data=332 RW-data=4 ZI-data=612  
FromELF: creating hex file...
"GSM_RECE.axf" - 0 Error(s), 1 Warning(s).
compiling gsm_receive.c...
D:\arm_workshop\uart3\gsm_receive.c(3): warning:  #1295-D: Deprecated declaration uart_init - give arg types
D:\arm_workshop\uart3\gsm_receive.c - 0 Error(s), 1 Warning(s).
Build target 'Target 1'
linking...
Program Size: Code=1460 RO-data=332 RW-data=4 ZI-data=612  
FromELF: creating hex file...
"GSM_RECE.axf" - 0 Error(s), 0 Warning(s).
Build target 'Target 1'
assembling startup_LPC17xx.s...
compiling system_LPC17xx.c...
compiling gsm_receive.c...
D:\arm_workshop\uart3\gsm_receive.c(3): warning:  #1295-D: Deprecated declaration uart_init - give arg types
linking...
Program Size: Code=1460 RO-data=332 RW-data=4 ZI-data=612  
FromELF: creating hex file...
"GSM_RECE.axf" - 0 Error(s), 1 Warning(s).
compiling gsm_receive.c...
D:\arm_workshop\uart3\gsm_receive.c(3): warning:  #1295-D: Deprecated declaration uart_init - give arg types
D:\arm_workshop\uart3\gsm_receive.c - 0 Error(s), 1 Warning(s).
Build target 'Target 1'
linking...
Program Size: Code=1480 RO-data=332 RW-data=4 ZI-data=612  
FromELF: creating hex file...
"GSM_RECE.axf" - 0 Error(s), 0 Warning(s).
Build target 'Target 1'
assembling startup_LPC17xx.s...
compiling system_LPC17xx.c...
compiling gsm_receive.c...
D:\arm_workshop\uart3\gsm_receive.c(3): warning:  #1295-D: Deprecated declaration uart_init - give arg types
linking...
Program Size: Code=1480 RO-data=332 RW-data=4 ZI-data=612  
FromELF: creating hex file...
"GSM_RECE.axf" - 0 Error(s), 1 Warning(s).
compiling gsm_receive.c...
D:\arm_workshop\uart3\gsm_receive.c(3): warning:  #1295-D: Deprecated declaration uart_init - give arg types
D:\arm_workshop\uart3\gsm_receive.c(121): error:  #137: expression must be a modifiable lvalue
D:\arm_workshop\uart3\gsm_receive.c - 1 Error(s), 1 Warning(s).
compiling gsm_receive.c...
D:\arm_workshop\uart3\gsm_receive.c(3): warning:  #1295-D: Deprecated declaration uart_init - give arg types
D:\arm_workshop\uart3\gsm_receive.c - 0 Error(s), 1 Warning(s).
compiling gsm_receive.c...
D:\arm_workshop\uart3\gsm_receive.c(3): warning:  #1295-D: Deprecated declaration uart_init - give arg types
D:\arm_workshop\uart3\gsm_receive.c - 0 Error(s), 1 Warning(s).
Build target 'Target 1'
linking...
Program Size: Code=1544 RO-data=332 RW-data=4 ZI-data=612  
FromELF: creating hex file...
"GSM_RECE.axf" - 0 Error(s), 0 Warning(s).
Build target 'Target 1'
assembling startup_LPC17xx.s...
compiling system_LPC17xx.c...
compiling gsm_receive.c...
D:\arm_workshop\uart3\gsm_receive.c(3): warning:  #1295-D: Deprecated declaration uart_init - give arg types
linking...
Program Size: Code=1544 RO-data=332 RW-data=4 ZI-data=612  
FromELF: creating hex file...
"GSM_RECE.axf" - 0 Error(s), 1 Warning(s).
compiling gsm_receive.c...
D:\arm_workshop\uart3\gsm_receive.c(3): warning:  #1295-D: Deprecated declaration uart_init - give arg types
D:\arm_workshop\uart3\gsm_receive.c - 0 Error(s), 1 Warning(s).
Build target 'Target 1'
linking...
Program Size: Code=1544 RO-data=332 RW-data=4 ZI-data=612  
FromELF: creating hex file...
"GSM_RECE.axf" - 0 Error(s), 0 Warning(s).
Build target 'Target 1'
assembling startup_LPC17xx.s...
compiling system_LPC17xx.c...
compiling gsm_receive.c...
D:\arm_workshop\uart3\gsm_receive.c(3): warning:  #1295-D: Deprecated declaration uart_init - give arg types
linking...
Program Size: Code=1544 RO-data=332 RW-data=4 ZI-data=612  
FromELF: creating hex file...
"GSM_RECE.axf" - 0 Error(s), 1 Warning(s).
compiling gsm_receive.c...
D:\arm_workshop\uart3\gsm_receive.c(3): warning:  #1295-D: Deprecated declaration uart_init - give arg types
D:\arm_workshop\uart3\gsm_receive.c - 0 Error(s), 1 Warning(s).
Build target 'Target 1'
linking...
Program Size: Code=1564 RO-data=332 RW-data=4 ZI-data=612  
FromELF: creating hex file...
"GSM_RECE.axf" - 0 Error(s), 0 Warning(s).
Build target 'Target 1'
assembling startup_LPC17xx.s...
compiling system_LPC17xx.c...
compiling gsm_receive.c...
D:\arm_workshop\uart3\gsm_receive.c(3): warning:  #1295-D: Deprecated declaration uart_init - give arg types
linking...
Program Size: Code=1564 RO-data=332 RW-data=4 ZI-data=612  
FromELF: creating hex file...
"GSM_RECE.axf" - 0 Error(s), 1 Warning(s).
compiling gsm_receive.c...
D:\arm_workshop\uart3\gsm_receive.c(3): warning:  #1295-D: Deprecated declaration uart_init - give arg types
D:\arm_workshop\uart3\gsm_receive.c - 0 Error(s), 1 Warning(s).
Build target 'Target 1'
linking...
Program Size: Code=1564 RO-data=332 RW-data=4 ZI-data=612  
FromELF: creating hex file...
"GSM_RECE.axf" - 0 Error(s), 0 Warning(s).
Build target 'Target 1'
assembling startup_LPC17xx.s...
compiling system_LPC17xx.c...
compiling gsm_receive.c...
D:\arm_workshop\uart3\gsm_receive.c(3): warning:  #1295-D: Deprecated declaration uart_init - give arg types
linking...
Program Size: Code=1564 RO-data=332 RW-data=4 ZI-data=612  
FromELF: creating hex file...
"GSM_RECE.axf" - 0 Error(s), 1 Warning(s).
compiling gsm_receive.c...
D:\arm_workshop\uart3\gsm_receive.c(3): warning:  #1295-D: Deprecated declaration uart_init - give arg types
D:\arm_workshop\uart3\gsm_receive.c - 0 Error(s), 1 Warning(s).
Build target 'Target 1'
linking...
Program Size: Code=1592 RO-data=332 RW-data=4 ZI-data=612  
FromELF: creating hex file...
"GSM_RECE.axf" - 0 Error(s), 0 Warning(s).
Build target 'Target 1'
assembling startup_LPC17xx.s...
compiling system_LPC17xx.c...
compiling gsm_receive.c...
D:\arm_workshop\uart3\gsm_receive.c(3): warning:  #1295-D: Deprecated declaration uart_init - give arg types
linking...
Program Size: Code=1592 RO-data=332 RW-data=4 ZI-data=612  
FromELF: creating hex file...
"GSM_RECE.axf" - 0 Error(s), 1 Warning(s).
compiling gsm_receive.c...
D:\arm_workshop\uart3\gsm_receive.c(3): warning:  #1295-D: Deprecated declaration uart_init - give arg types
D:\arm_workshop\uart3\gsm_receive.c(122): warning:  #177-D: variable "val1" was declared but never referenced
D:\arm_workshop\uart3\gsm_receive.c(144): error:  #169: expected a declaration
D:\arm_workshop\uart3\gsm_receive.c - 1 Error(s), 2 Warning(s).
Build target 'Target 1'
compiling gsm_receive.c...
D:\arm_workshop\uart3\gsm_receive.c(3): warning:  #1295-D: Deprecated declaration uart_init - give arg types
D:\arm_workshop\uart3\gsm_receive.c(122): warning:  #177-D: variable "val1" was declared but never referenced
D:\arm_workshop\uart3\gsm_receive.c(144): error:  #169: expected a declaration
Target not created
Build target 'Target 1'
assembling startup_LPC17xx.s...
compiling system_LPC17xx.c...
compiling gsm_receive.c...
D:\arm_workshop\uart3\gsm_receive.c(3): warning:  #1295-D: Deprecated declaration uart_init - give arg types
D:\arm_workshop\uart3\gsm_receive.c(122): warning:  #177-D: variable "val1" was declared but never referenced
D:\arm_workshop\uart3\gsm_receive.c(144): error:  #169: expected a declaration
Target not created
compiling gsm_receive.c...
D:\arm_workshop\uart3\gsm_receive.c(3): warning:  #1295-D: Deprecated declaration uart_init - give arg types
D:\arm_workshop\uart3\gsm_receive.c(122): warning:  #177-D: variable "val1" was declared but never referenced
D:\arm_workshop\uart3\gsm_receive.c(144): error:  #169: expected a declaration
D:\arm_workshop\uart3\gsm_receive.c - 1 Error(s), 2 Warning(s).
compiling gsm_receive.c...
D:\arm_workshop\uart3\gsm_receive.c(3): warning:  #1295-D: Deprecated declaration uart_init - give arg types
D:\arm_workshop\uart3\gsm_receive.c(122): warning:  #177-D: variable "val1" was declared but never referenced
D:\arm_workshop\uart3\gsm_receive.c - 0 Error(s), 2 Warning(s).
Build target 'Target 1'
linking...
Program Size: Code=1544 RO-data=332 RW-data=4 ZI-data=612  
FromELF: creating hex file...
"GSM_RECE.axf" - 0 Error(s), 0 Warning(s).
Build target 'Target 1'
assembling startup_LPC17xx.s...
compiling system_LPC17xx.c...
compiling gsm_receive.c...
D:\arm_workshop\uart3\gsm_receive.c(3): warning:  #1295-D: Deprecated declaration uart_init - give arg types
D:\arm_workshop\uart3\gsm_receive.c(122): warning:  #177-D: variable "val1" was declared but never referenced
linking...
Program Size: Code=1544 RO-data=332 RW-data=4 ZI-data=612  
FromELF: creating hex file...
"GSM_RECE.axf" - 0 Error(s), 2 Warning(s).
compiling gsm_receive.c...
D:\arm_workshop\uart3\gsm_receive.c(3): warning:  #1295-D: Deprecated declaration uart_init - give arg types
D:\arm_workshop\uart3\gsm_receive.c(114): error:  #65: expected a ";"
D:\arm_workshop\uart3\gsm_receive.c(115): error:  #20: identifier "i" is undefined
D:\arm_workshop\uart3\gsm_receive.c(113): warning:  #177-D: variable "lon" was declared but never referenced
D:\arm_workshop\uart3\gsm_receive.c(123): warning:  #177-D: variable "val1" was declared but never referenced
D:\arm_workshop\uart3\gsm_receive.c - 2 Error(s), 3 Warning(s).
Build target 'Target 1'
compiling gsm_receive.c...
D:\arm_workshop\uart3\gsm_receive.c(3): warning:  #1295-D: Deprecated declaration uart_init - give arg types
D:\arm_workshop\uart3\gsm_receive.c(114): error:  #65: expected a ";"
D:\arm_workshop\uart3\gsm_receive.c(115): error:  #20: identifier "i" is undefined
D:\arm_workshop\uart3\gsm_receive.c(113): warning:  #177-D: variable "lon" was declared but never referenced
D:\arm_workshop\uart3\gsm_receive.c(123): warning:  #177-D: variable "val1" was declared but never referenced
Target not created
Build target 'Target 1'
assembling startup_LPC17xx.s...
compiling system_LPC17xx.c...
compiling gsm_receive.c...
D:\arm_workshop\uart3\gsm_receive.c(3): warning:  #1295-D: Deprecated declaration uart_init - give arg types
D:\arm_workshop\uart3\gsm_receive.c(114): error:  #65: expected a ";"
D:\arm_workshop\uart3\gsm_receive.c(115): error:  #20: identifier "i" is undefined
D:\arm_workshop\uart3\gsm_receive.c(113): warning:  #177-D: variable "lon" was declared but never referenced
D:\arm_workshop\uart3\gsm_receive.c(123): warning:  #177-D: variable "val1" was declared but never referenced
Target not created
compiling gsm_receive.c...
D:\arm_workshop\uart3\gsm_receive.c(3): warning:  #1295-D: Deprecated declaration uart_init - give arg types
D:\arm_workshop\uart3\gsm_receive.c(114): error:  #65: expected a ";"
D:\arm_workshop\uart3\gsm_receive.c(115): error:  #20: identifier "i" is undefined
D:\arm_workshop\uart3\gsm_receive.c(113): warning:  #177-D: variable "lon" was declared but never referenced
D:\arm_workshop\uart3\gsm_receive.c(123): warning:  #177-D: variable "val1" was declared but never referenced
D:\arm_workshop\uart3\gsm_receive.c - 2 Error(s), 3 Warning(s).
compiling gsm_receive.c...
D:\arm_workshop\uart3\gsm_receive.c(3): warning:  #1295-D: Deprecated declaration uart_init - give arg types
D:\arm_workshop\uart3\gsm_receive.c(123): warning:  #177-D: variable "val1" was declared but never referenced
D:\arm_workshop\uart3\gsm_receive.c - 0 Error(s), 2 Warning(s).
Build target 'Target 1'
linking...
Program Size: Code=1544 RO-data=332 RW-data=4 ZI-data=612  
FromELF: creating hex file...
"GSM_RECE.axf" - 0 Error(s), 0 Warning(s).
Build target 'Target 1'
assembling startup_LPC17xx.s...
compiling system_LPC17xx.c...
compiling gsm_receive.c...
D:\arm_workshop\uart3\gsm_receive.c(3): warning:  #1295-D: Deprecated declaration uart_init - give arg types
D:\arm_workshop\uart3\gsm_receive.c(123): warning:  #177-D: variable "val1" was declared but never referenced
linking...
Program Size: Code=1544 RO-data=332 RW-data=4 ZI-data=612  
FromELF: creating hex file...
"GSM_RECE.axf" - 0 Error(s), 2 Warning(s).
