<html>
<body>
<pre>
<h1>µVision Build Log</h1>
<h2>Project:</h2>
D:\arm lab\EXP_11_DAC\DAC.uvproj
Project File Date:  05/30/2019

<h2>Output:</h2>
compiling tajmahal.c...
tajmahal.c(43): warning:  #1-D: last line of file ends without a newline
tajmahal.c - 0 Error(s), 1 Warning(s).
Build target 'Target 1'
linking...
Program Size: Code=6644 RO-data=508 RW-data=4 ZI-data=612  
"DAC.axf" - 0 Error(s), 0 Warning(s).
Build target 'Target 1'
assembling startup_LPC17xx.s...
compiling system_LPC17xx.c...
compiling tajmahal.c...
tajmahal.c(43): warning:  #1-D: last line of file ends without a newline
linking...
Program Size: Code=6644 RO-data=508 RW-data=4 ZI-data=612  
"DAC.axf" - 0 Error(s), 1 Warning(s).
