ARM Linker, RVCT4.0 [Build 524] for uVision [Evaluation]

==============================================================================

Section Cross References

    startup_lpc17xx.o(STACK) refers (Special) to heapauxi.o(.text) for __use_two_region_memory
    startup_lpc17xx.o(HEAP) refers (Special) to heapauxi.o(.text) for __use_two_region_memory
    startup_lpc17xx.o(RESET) refers (Special) to heapauxi.o(.text) for __use_two_region_memory
    startup_lpc17xx.o(RESET) refers to startup_lpc17xx.o(STACK) for __initial_sp
    startup_lpc17xx.o(RESET) refers to startup_lpc17xx.o(.text) for Reset_Handler
    startup_lpc17xx.o(.ARM.__at_0x02FC) refers (Special) to heapauxi.o(.text) for __use_two_region_memory
    startup_lpc17xx.o(.text) refers (Special) to heapauxi.o(.text) for __use_two_region_memory
    startup_lpc17xx.o(.text) refers to __main.o(!!!main) for __main
    startup_lpc17xx.o(.text) refers to startup_lpc17xx.o(HEAP) for Heap_Mem
    startup_lpc17xx.o(.text) refers to startup_lpc17xx.o(STACK) for Stack_Mem
    system_lpc17xx.o(.text) refers to system_lpc17xx.o(.data) for SystemFrequency
    tajmahal.o(.text) refers to system_lpc17xx.o(.text) for SystemInit
    tajmahal.o(.text) refers to dflt_clz.o(x$fpl$dflt) for __aeabi_i2d
    tajmahal.o(.text) refers to dmul.o(x$fpl$dmul) for __aeabi_dmul
    tajmahal.o(.text) refers to ddiv.o(x$fpl$ddiv) for __aeabi_ddiv
    tajmahal.o(.text) refers to sin.o(i.sin) for sin
    tajmahal.o(.text) refers to daddsub_clz.o(x$fpl$dadd) for __aeabi_dadd
    tajmahal.o(.text) refers to dfixu.o(x$fpl$dfixu) for __aeabi_d2uiz
    __main.o(!!!main) refers to rtentry.o(.ARM.Collect$$rtentry$$00000000) for __rt_entry
    daddsub_clz.o(x$fpl$dadd) refers (Special) to usenofp.o(x$fpl$usenofp) for __I$use$fp
    daddsub_clz.o(x$fpl$dadd) refers (Special) to dunder.o(x$fpl$dunder) for __dunder
    daddsub_clz.o(x$fpl$dadd) refers to daddsub_clz.o(x$fpl$dsub) for _dsub1
    daddsub_clz.o(x$fpl$dadd) refers to dcheck.o(x$fpl$dcheck) for __fpl_dcheck_NaN2
    daddsub_clz.o(x$fpl$drsb) refers (Special) to usenofp.o(x$fpl$usenofp) for __I$use$fp
    daddsub_clz.o(x$fpl$drsb) refers (Special) to dunder.o(x$fpl$dunder) for __dunder
    daddsub_clz.o(x$fpl$drsb) refers to daddsub_clz.o(x$fpl$dadd) for _dadd1
    daddsub_clz.o(x$fpl$drsb) refers to daddsub_clz.o(x$fpl$dsub) for _dsub1
    daddsub_clz.o(x$fpl$dsub) refers (Special) to usenofp.o(x$fpl$usenofp) for __I$use$fp
    daddsub_clz.o(x$fpl$dsub) refers (Special) to dunder.o(x$fpl$dunder) for __dunder
    daddsub_clz.o(x$fpl$dsub) refers to daddsub_clz.o(x$fpl$dadd) for _dadd1
    daddsub_clz.o(x$fpl$dsub) refers to dcheck.o(x$fpl$dcheck) for __fpl_dcheck_NaN2
    ddiv.o(x$fpl$drdiv) refers (Special) to usenofp.o(x$fpl$usenofp) for __I$use$fp
    ddiv.o(x$fpl$drdiv) refers (Special) to dunder.o(x$fpl$dunder) for __dunder
    ddiv.o(x$fpl$drdiv) refers to ddiv.o(x$fpl$ddiv) for ddiv_entry
    ddiv.o(x$fpl$ddiv) refers (Special) to usenofp.o(x$fpl$usenofp) for __I$use$fp
    ddiv.o(x$fpl$ddiv) refers (Special) to dunder.o(x$fpl$dunder) for __dunder
    ddiv.o(x$fpl$ddiv) refers to dcheck.o(x$fpl$dcheck) for __fpl_dcheck_NaN2
    dfixu.o(x$fpl$dfixu) refers (Special) to usenofp.o(x$fpl$usenofp) for __I$use$fp
    dfixu.o(x$fpl$dfixu) refers to dcheck1.o(x$fpl$dcheck1) for __fpl_dcheck_NaN1
    dfixu.o(x$fpl$dfixur) refers (Special) to usenofp.o(x$fpl$usenofp) for __I$use$fp
    dfixu.o(x$fpl$dfixur) refers to dcheck1.o(x$fpl$dcheck1) for __fpl_dcheck_NaN1
    dflt_clz.o(x$fpl$dfltu) refers (Special) to usenofp.o(x$fpl$usenofp) for __I$use$fp
    dflt_clz.o(x$fpl$dfltu) refers to dflt_clz.o(x$fpl$dflt) for __dflt_normalise
    dflt_clz.o(x$fpl$dflt) refers (Special) to usenofp.o(x$fpl$usenofp) for __I$use$fp
    dmul.o(x$fpl$dmul) refers (Special) to usenofp.o(x$fpl$usenofp) for __I$use$fp
    dmul.o(x$fpl$dmul) refers (Special) to dunder.o(x$fpl$dunder) for __dunder
    dmul.o(x$fpl$dmul) refers to dcheck.o(x$fpl$dcheck) for __fpl_dcheck_NaN2
    sin.o(i.__softfp_sin) refers (Special) to usenofp.o(x$fpl$usenofp) for __I$use$fp
    sin.o(i.__softfp_sin) refers to sin.o(i.sin) for sin
    sin.o(i.sin) refers (Special) to usenofp.o(x$fpl$usenofp) for __I$use$fp
    sin.o(i.sin) refers to _rserrno.o(.text) for __set_errno
    sin.o(i.sin) refers to scalbn.o(x$fpl$scalbn) for __ARM_scalbn
    sin.o(i.sin) refers to rred.o(i.__ieee754_rem_pio2) for __ieee754_rem_pio2
    sin.o(i.sin) refers to sin_i.o(i.__kernel_sin) for __kernel_sin
    sin.o(i.sin) refers to cos_i.o(i.__kernel_cos) for __kernel_cos
    rtentry.o(.ARM.Collect$$rtentry$$00000000) refers (Special) to rtentry2.o(.ARM.Collect$$rtentry$$0000000A) for __rt_entry_li
    rtentry.o(.ARM.Collect$$rtentry$$00000000) refers (Special) to rtentry2.o(.ARM.Collect$$rtentry$$0000000D) for __rt_entry_main
    rtentry.o(.ARM.Collect$$rtentry$$00000000) refers (Special) to rtentry2.o(.ARM.Collect$$rtentry$$0000000C) for __rt_entry_postli_1
    rtentry.o(.ARM.Collect$$rtentry$$00000000) refers (Special) to rtentry2.o(.ARM.Collect$$rtentry$$00000009) for __rt_entry_postsh_1
    rtentry.o(.ARM.Collect$$rtentry$$00000000) refers (Special) to rtentry2.o(.ARM.Collect$$rtentry$$00000002) for __rt_entry_presh_1
    rtentry.o(.ARM.Collect$$rtentry$$00000000) refers (Special) to rtentry4.o(.ARM.Collect$$rtentry$$00000004) for __rt_entry_sh
    rtentry.o(.ARM.exidx) refers (Special) to rtentry2.o(.ARM.Collect$$rtentry$$0000000A) for __rt_entry_li
    rtentry.o(.ARM.exidx) refers (Special) to rtentry2.o(.ARM.Collect$$rtentry$$0000000D) for __rt_entry_main
    rtentry.o(.ARM.exidx) refers (Special) to rtentry2.o(.ARM.Collect$$rtentry$$0000000C) for __rt_entry_postli_1
    rtentry.o(.ARM.exidx) refers (Special) to rtentry2.o(.ARM.Collect$$rtentry$$00000009) for __rt_entry_postsh_1
    rtentry.o(.ARM.exidx) refers (Special) to rtentry2.o(.ARM.Collect$$rtentry$$00000002) for __rt_entry_presh_1
    rtentry.o(.ARM.exidx) refers (Special) to rtentry4.o(.ARM.Collect$$rtentry$$00000004) for __rt_entry_sh
    rtentry.o(.ARM.exidx) refers to rtentry.o(.ARM.Collect$$rtentry$$00000000) for .ARM.Collect$$rtentry$$00000000
    _rserrno.o(.text) refers to rt_errno_addr_intlibspace.o(.text) for __aeabi_errno_addr
    dcheck.o(x$fpl$dcheck) refers (Special) to usenofp.o(x$fpl$usenofp) for __I$use$fp
    dcheck.o(x$fpl$dcheck) refers to retnan.o(x$fpl$retnan) for __fpl_return_NaN
    dcheck1.o(x$fpl$dcheck1) refers (Special) to usenofp.o(x$fpl$usenofp) for __I$use$fp
    dcheck1.o(x$fpl$dcheck1) refers to retnan.o(x$fpl$retnan) for __fpl_return_NaN
    dunder.o(x$fpl$dunder) refers (Special) to usenofp.o(x$fpl$usenofp) for __I$use$fp
    scalbn.o(x$fpl$scalbnl) refers (Special) to usenofp.o(x$fpl$usenofp) for __I$use$fp
    scalbn.o(x$fpl$scalbnl) refers to scalbn.o(x$fpl$scalbn) for scalbn
    scalbn.o(x$fpl$scalblnl) refers (Special) to usenofp.o(x$fpl$usenofp) for __I$use$fp
    scalbn.o(x$fpl$scalblnl) refers to scalbn.o(x$fpl$scalbn) for scalbn
    scalbn.o(x$fpl$scalbln) refers (Special) to usenofp.o(x$fpl$usenofp) for __I$use$fp
    scalbn.o(x$fpl$scalbln) refers to scalbn.o(x$fpl$scalbn) for scalbn
    scalbn.o(x$fpl$scalbn) refers (Special) to usenofp.o(x$fpl$usenofp) for __I$use$fp
    scalbn.o(x$fpl$scalbn) refers to dcheck1.o(x$fpl$dcheck1) for __fpl_dcheck_NaN1
    cos_i.o(i.__kernel_cos) refers (Special) to usenofp.o(x$fpl$usenofp) for __I$use$fp
    cos_i.o(i.__kernel_cos) refers to dfix.o(x$fpl$dfix) for __aeabi_d2iz
    cos_i.o(i.__kernel_cos) refers to dmul.o(x$fpl$dmul) for __aeabi_dmul
    cos_i.o(i.__kernel_cos) refers to poly.o(i.__kernel_poly) for __kernel_poly
    cos_i.o(i.__kernel_cos) refers to daddsub_clz.o(x$fpl$dsub) for __aeabi_dsub
    cos_i.o(i.__kernel_cos) refers to scalbn.o(x$fpl$scalbn) for __ARM_scalbn
    cos_i.o(i.__kernel_cos) refers to daddsub_clz.o(x$fpl$drsb) for __aeabi_drsub
    cos_i.o(i.__kernel_cos) refers to cos_i.o(.constdata) for .constdata
    cos_i.o(.constdata) refers (Special) to usenofp.o(x$fpl$usenofp) for __I$use$fp
    rred.o(i.__ieee754_rem_pio2) refers (Special) to usenofp.o(x$fpl$usenofp) for __I$use$fp
    rred.o(i.__ieee754_rem_pio2) refers to daddsub_clz.o(x$fpl$dsub) for __aeabi_dsub
    rred.o(i.__ieee754_rem_pio2) refers to daddsub_clz.o(x$fpl$dadd) for __aeabi_dadd
    rred.o(i.__ieee754_rem_pio2) refers to dmul.o(x$fpl$dmul) for __aeabi_dmul
    rred.o(i.__ieee754_rem_pio2) refers to dfix.o(x$fpl$dfix) for __aeabi_d2iz
    rred.o(i.__ieee754_rem_pio2) refers to dflt_clz.o(x$fpl$dflt) for __aeabi_i2d
    rred.o(i.__ieee754_rem_pio2) refers to daddsub_clz.o(x$fpl$drsb) for __aeabi_drsub
    rred.o(i.__ieee754_rem_pio2) refers to drem_clz.o(x$fpl$drem) for _drem
    rred.o(i.__ieee754_rem_pio2) refers to ddiv.o(x$fpl$ddiv) for __aeabi_ddiv
    rred.o(i.__ieee754_rem_pio2) refers to scalbn.o(x$fpl$scalbn) for __ARM_scalbn
    rred.o(i.__ieee754_rem_pio2) refers to rred.o(.constdata) for .constdata
    rred.o(.constdata) refers (Special) to usenofp.o(x$fpl$usenofp) for __I$use$fp
    sin_i.o(i.__kernel_sin) refers (Special) to usenofp.o(x$fpl$usenofp) for __I$use$fp
    sin_i.o(i.__kernel_sin) refers to dfix.o(x$fpl$dfix) for __aeabi_d2iz
    sin_i.o(i.__kernel_sin) refers to dmul.o(x$fpl$dmul) for __aeabi_dmul
    sin_i.o(i.__kernel_sin) refers to poly.o(i.__kernel_poly) for __kernel_poly
    sin_i.o(i.__kernel_sin) refers to daddsub_clz.o(x$fpl$dadd) for __aeabi_dadd
    sin_i.o(i.__kernel_sin) refers to scalbn.o(x$fpl$scalbn) for __ARM_scalbn
    sin_i.o(i.__kernel_sin) refers to daddsub_clz.o(x$fpl$dsub) for __aeabi_dsub
    sin_i.o(i.__kernel_sin) refers to daddsub_clz.o(x$fpl$drsb) for __aeabi_drsub
    sin_i.o(i.__kernel_sin) refers to sin_i.o(.constdata) for .constdata
    sin_i.o(.constdata) refers (Special) to usenofp.o(x$fpl$usenofp) for __I$use$fp
    rtentry2.o(.ARM.Collect$$rtentry$$00000008) refers to boardinit2.o(.text) for _platform_post_stackheap_init
    rtentry2.o(.ARM.Collect$$rtentry$$0000000A) refers to libinit.o(.ARM.Collect$$libinit$$00000000) for __rt_lib_init
    rtentry2.o(.ARM.Collect$$rtentry$$0000000B) refers to boardinit3.o(.text) for _platform_post_lib_init
    rtentry2.o(.ARM.Collect$$rtentry$$0000000D) refers to tajmahal.o(.text) for main
    rtentry2.o(.ARM.Collect$$rtentry$$0000000D) refers to exit.o(.text) for exit
    rtentry2.o(.ARM.exidx) refers to rtentry2.o(.ARM.Collect$$rtentry$$00000001) for .ARM.Collect$$rtentry$$00000001
    rtentry2.o(.ARM.exidx) refers to rtentry2.o(.ARM.Collect$$rtentry$$00000002) for .ARM.Collect$$rtentry$$00000002
    rtentry2.o(.ARM.exidx) refers to rtentry2.o(.ARM.Collect$$rtentry$$00000008) for .ARM.Collect$$rtentry$$00000008
    rtentry2.o(.ARM.exidx) refers to rtentry2.o(.ARM.Collect$$rtentry$$00000009) for .ARM.Collect$$rtentry$$00000009
    rtentry2.o(.ARM.exidx) refers to rtentry2.o(.ARM.Collect$$rtentry$$0000000A) for .ARM.Collect$$rtentry$$0000000A
    rtentry2.o(.ARM.exidx) refers to rtentry2.o(.ARM.Collect$$rtentry$$0000000B) for .ARM.Collect$$rtentry$$0000000B
    rtentry2.o(.ARM.exidx) refers to rtentry2.o(.ARM.Collect$$rtentry$$0000000C) for .ARM.Collect$$rtentry$$0000000C
    rtentry2.o(.ARM.exidx) refers to rtentry2.o(.ARM.Collect$$rtentry$$0000000D) for .ARM.Collect$$rtentry$$0000000D
    rtentry4.o(.ARM.Collect$$rtentry$$00000004) refers to sys_stackheap_outer.o(.text) for __user_setup_stackheap
    rtentry4.o(.ARM.exidx) refers to rtentry4.o(.ARM.Collect$$rtentry$$00000004) for .ARM.Collect$$rtentry$$00000004
    rt_errno_addr.o(.text) refers to rt_errno_addr.o(.bss) for __aeabi_errno_addr_data
    rt_errno_addr_intlibspace.o(.text) refers to libspace.o(.bss) for __libspace_start
    dfix.o(x$fpl$dfix) refers (Special) to usenofp.o(x$fpl$usenofp) for __I$use$fp
    dfix.o(x$fpl$dfix) refers to dcheck1.o(x$fpl$dcheck1) for __fpl_dcheck_NaN1
    dfix.o(x$fpl$dfixr) refers (Special) to usenofp.o(x$fpl$usenofp) for __I$use$fp
    dfix.o(x$fpl$dfixr) refers to dcheck1.o(x$fpl$dcheck1) for __fpl_dcheck_NaN1
    drem_clz.o(x$fpl$drem) refers (Special) to usenofp.o(x$fpl$usenofp) for __I$use$fp
    drem_clz.o(x$fpl$drem) refers (Special) to dunder.o(x$fpl$dunder) for __dunder
    drem_clz.o(x$fpl$drem) refers to dcheck.o(x$fpl$dcheck) for __fpl_dcheck_NaN2
    retnan.o(x$fpl$retnan) refers (Special) to usenofp.o(x$fpl$usenofp) for __I$use$fp
    retnan.o(x$fpl$retnan) refers to trapv.o(x$fpl$trapveneer) for __fpl_cmpreturn
    poly.o(i.__kernel_poly) refers (Special) to usenofp.o(x$fpl$usenofp) for __I$use$fp
    poly.o(i.__kernel_poly) refers to dmul.o(x$fpl$dmul) for __aeabi_dmul
    poly.o(i.__kernel_poly) refers to daddsub_clz.o(x$fpl$dadd) for __aeabi_dadd
    libspace.o(.text) refers to libspace.o(.bss) for __libspace_start
    sys_stackheap_outer.o(.text) refers to libspace.o(.text) for __user_perproc_libspace
    sys_stackheap_outer.o(.text) refers to startup_lpc17xx.o(.text) for __user_initial_stackheap
    exit.o(.text) refers to rtexit.o(.ARM.Collect$$rtexit$$00000000) for __rt_exit
    libinit.o(.ARM.Collect$$libinit$$00000000) refers (Special) to libinit2.o(.ARM.Collect$$libinit$$0000002A) for __rt_lib_init_alloca_1
    libinit.o(.ARM.Collect$$libinit$$00000000) refers (Special) to libinit2.o(.ARM.Collect$$libinit$$00000028) for __rt_lib_init_argv_1
    libinit.o(.ARM.Collect$$libinit$$00000000) refers (Special) to libinit2.o(.ARM.Collect$$libinit$$00000017) for __rt_lib_init_atexit_1
    libinit.o(.ARM.Collect$$libinit$$00000000) refers (Special) to libinit2.o(.ARM.Collect$$libinit$$0000001D) for __rt_lib_init_clock_1
    libinit.o(.ARM.Collect$$libinit$$00000000) refers (Special) to libinit2.o(.ARM.Collect$$libinit$$0000002E) for __rt_lib_init_cpp_1
    libinit.o(.ARM.Collect$$libinit$$00000000) refers (Special) to libinit2.o(.ARM.Collect$$libinit$$0000002C) for __rt_lib_init_exceptions_1
    libinit.o(.ARM.Collect$$libinit$$00000000) refers (Special) to libinit2.o(.ARM.Collect$$libinit$$0000001B) for __rt_lib_init_fp_trap_1
    libinit.o(.ARM.Collect$$libinit$$00000000) refers (Special) to libinit2.o(.ARM.Collect$$libinit$$0000001F) for __rt_lib_init_getenv_1
    libinit.o(.ARM.Collect$$libinit$$00000000) refers (Special) to libinit2.o(.ARM.Collect$$libinit$$00000006) for __rt_lib_init_heap_1
    libinit.o(.ARM.Collect$$libinit$$00000000) refers (Special) to libinit2.o(.ARM.Collect$$libinit$$0000000D) for __rt_lib_init_lc_collate_1
    libinit.o(.ARM.Collect$$libinit$$00000000) refers (Special) to libinit2.o(.ARM.Collect$$libinit$$0000000F) for __rt_lib_init_lc_ctype_1
    libinit.o(.ARM.Collect$$libinit$$00000000) refers (Special) to libinit2.o(.ARM.Collect$$libinit$$00000011) for __rt_lib_init_lc_monetary_1
    libinit.o(.ARM.Collect$$libinit$$00000000) refers (Special) to libinit2.o(.ARM.Collect$$libinit$$00000013) for __rt_lib_init_lc_numeric_1
    libinit.o(.ARM.Collect$$libinit$$00000000) refers (Special) to libinit2.o(.ARM.Collect$$libinit$$00000015) for __rt_lib_init_lc_time_1
    libinit.o(.ARM.Collect$$libinit$$00000000) refers (Special) to libinit2.o(.ARM.Collect$$libinit$$0000000A) for __rt_lib_init_rand_1
    libinit.o(.ARM.Collect$$libinit$$00000000) refers (Special) to libinit2.o(.ARM.Collect$$libinit$$0000002F) for __rt_lib_init_return
    libinit.o(.ARM.Collect$$libinit$$00000000) refers (Special) to libinit2.o(.ARM.Collect$$libinit$$00000019) for __rt_lib_init_signal_1
    libinit.o(.ARM.Collect$$libinit$$00000000) refers (Special) to libinit2.o(.ARM.Collect$$libinit$$00000021) for __rt_lib_init_stdio_1
    libinit.o(.ARM.Collect$$libinit$$00000000) refers (Special) to libinit2.o(.ARM.Collect$$libinit$$00000008) for __rt_lib_init_user_alloc_1
    trapv.o(x$fpl$trapveneer) refers (Special) to usenofp.o(x$fpl$usenofp) for __I$use$fp
    rtexit.o(.ARM.Collect$$rtexit$$00000000) refers (Special) to rtexit2.o(.ARM.Collect$$rtexit$$00000004) for __rt_exit_exit
    rtexit.o(.ARM.Collect$$rtexit$$00000000) refers (Special) to rtexit2.o(.ARM.Collect$$rtexit$$00000003) for __rt_exit_ls
    rtexit.o(.ARM.Collect$$rtexit$$00000000) refers (Special) to rtexit2.o(.ARM.Collect$$rtexit$$00000002) for __rt_exit_prels_1
    rtexit.o(.ARM.exidx) refers (Special) to rtexit2.o(.ARM.Collect$$rtexit$$00000004) for __rt_exit_exit
    rtexit.o(.ARM.exidx) refers (Special) to rtexit2.o(.ARM.Collect$$rtexit$$00000003) for __rt_exit_ls
    rtexit.o(.ARM.exidx) refers (Special) to rtexit2.o(.ARM.Collect$$rtexit$$00000002) for __rt_exit_prels_1
    rtexit.o(.ARM.exidx) refers to rtexit.o(.ARM.Collect$$rtexit$$00000000) for .ARM.Collect$$rtexit$$00000000
    libinit2.o(.ARM.Collect$$libinit$$0000000C) refers to libinit2.o(.ARM.Collect$$libinit$$0000000B) for .ARM.Collect$$libinit$$0000000B
    libinit2.o(.ARM.Collect$$libinit$$0000000E) refers to libinit2.o(.ARM.Collect$$libinit$$0000000B) for .ARM.Collect$$libinit$$0000000B
    libinit2.o(.ARM.Collect$$libinit$$00000010) refers to libinit2.o(.ARM.Collect$$libinit$$0000000B) for .ARM.Collect$$libinit$$0000000B
    libinit2.o(.ARM.Collect$$libinit$$00000012) refers to libinit2.o(.ARM.Collect$$libinit$$0000000B) for .ARM.Collect$$libinit$$0000000B
    libinit2.o(.ARM.Collect$$libinit$$00000014) refers to libinit2.o(.ARM.Collect$$libinit$$0000000B) for .ARM.Collect$$libinit$$0000000B
    libinit2.o(.ARM.Collect$$libinit$$00000022) refers to argv_veneer.o(.emb_text) for __ARM_argv_veneer
    libinit2.o(.ARM.Collect$$libinit$$00000023) refers to argv_veneer.o(.emb_text) for __ARM_argv_veneer
    rtexit2.o(.ARM.Collect$$rtexit$$00000003) refers to libshutdown.o(.ARM.Collect$$libshutdown$$00000000) for __rt_lib_shutdown
    rtexit2.o(.ARM.Collect$$rtexit$$00000004) refers to sys_exit.o(.text) for _sys_exit
    rtexit2.o(.ARM.exidx) refers to rtexit2.o(.ARM.Collect$$rtexit$$00000001) for .ARM.Collect$$rtexit$$00000001
    rtexit2.o(.ARM.exidx) refers to rtexit2.o(.ARM.Collect$$rtexit$$00000002) for .ARM.Collect$$rtexit$$00000002
    rtexit2.o(.ARM.exidx) refers to rtexit2.o(.ARM.Collect$$rtexit$$00000003) for .ARM.Collect$$rtexit$$00000003
    rtexit2.o(.ARM.exidx) refers to rtexit2.o(.ARM.Collect$$rtexit$$00000004) for .ARM.Collect$$rtexit$$00000004
    argv_veneer.o(.emb_text) refers to no_argv.o(.text) for __ARM_get_argv
    sys_exit.o(.text) refers to use_no_semi.o(.text) for __I$use$semihosting
    _get_argv_nomalloc.o(.text) refers (Special) to hrguard.o(.text) for __heap_region$guard
    _get_argv_nomalloc.o(.text) refers to defsig_rtmem_outer.o(.text) for __rt_SIGRTMEM
    _get_argv_nomalloc.o(.text) refers to sys_command.o(.text) for _sys_command_string
    libshutdown.o(.ARM.Collect$$libshutdown$$00000000) refers (Special) to libshutdown2.o(.ARM.Collect$$libshutdown$$00000006) for __rt_lib_shutdown_fp_trap_1
    libshutdown.o(.ARM.Collect$$libshutdown$$00000000) refers (Special) to libshutdown2.o(.ARM.Collect$$libshutdown$$0000000E) for __rt_lib_shutdown_heap_1
    libshutdown.o(.ARM.Collect$$libshutdown$$00000000) refers (Special) to libshutdown2.o(.ARM.Collect$$libshutdown$$0000000F) for __rt_lib_shutdown_return
    libshutdown.o(.ARM.Collect$$libshutdown$$00000000) refers (Special) to libshutdown2.o(.ARM.Collect$$libshutdown$$00000009) for __rt_lib_shutdown_signal_1
    libshutdown.o(.ARM.Collect$$libshutdown$$00000000) refers (Special) to libshutdown2.o(.ARM.Collect$$libshutdown$$00000003) for __rt_lib_shutdown_stdio_1
    libshutdown.o(.ARM.Collect$$libshutdown$$00000000) refers (Special) to libshutdown2.o(.ARM.Collect$$libshutdown$$0000000B) for __rt_lib_shutdown_user_alloc_1
    sys_command.o(.text) refers (Special) to use_no_semi.o(.text) for __I$use$semihosting
    defsig_rtmem_outer.o(.text) refers to defsig_rtmem_inner.o(.text) for __rt_SIGRTMEM_inner
    defsig_rtmem_outer.o(.text) refers to defsig_exit.o(.text) for __sig_exit
    defsig_rtmem_formal.o(.text) refers to rt_raise.o(.text) for __rt_raise
    rt_raise.o(.text) refers to __raise.o(.text) for __raise
    rt_raise.o(.text) refers to sys_exit.o(.text) for _sys_exit
    defsig_exit.o(.text) refers to sys_exit.o(.text) for _sys_exit
    defsig_rtmem_inner.o(.text) refers to defsig_general.o(.text) for __default_signal_display
    __raise.o(.text) refers to defsig.o(CL$$defsig) for __default_signal_handler
    defsig_general.o(.text) refers to sys_wrch.o(.text) for _ttywrch
    sys_wrch.o(.text) refers (Special) to use_no_semi.o(.text) for __I$use$semihosting
    defsig.o(CL$$defsig) refers to defsig_rtmem_inner.o(.text) for __rt_SIGRTMEM_inner
    defsig_abrt_inner.o(.text) refers to defsig_general.o(.text) for __default_signal_display
    defsig_fpe_inner.o(.text) refers to defsig_general.o(.text) for __default_signal_display
    defsig_rtred_inner.o(.text) refers to defsig_general.o(.text) for __default_signal_display
    defsig_stak_inner.o(.text) refers to defsig_general.o(.text) for __default_signal_display
    defsig_pvfn_inner.o(.text) refers to defsig_general.o(.text) for __default_signal_display
    defsig_cppl_inner.o(.text) refers to defsig_general.o(.text) for __default_signal_display
    defsig_segv_inner.o(.text) refers to defsig_general.o(.text) for __default_signal_display
    defsig_other.o(.text) refers to defsig_general.o(.text) for __default_signal_display


==============================================================================

Image Symbol Table

    Local Symbols

    Symbol Name                              Value     Ov Type        Size  Object(Section)

    RESET                                    0x00000000   Section      196  startup_lpc17xx.o(RESET)
    ../../angel/boardlib.s                   0x00000000   Number         0  boardinit3.o ABSOLUTE
    ../../angel/boardlib.s                   0x00000000   Number         0  boardshut.o ABSOLUTE
    ../../angel/boardlib.s                   0x00000000   Number         0  boardinit2.o ABSOLUTE
    ../../angel/boardlib.s                   0x00000000   Number         0  boardinit1.o ABSOLUTE
    ../../angel/handlers.s                   0x00000000   Number         0  __scatter_copy.o ABSOLUTE
    ../../angel/handlers.s                   0x00000000   Number         0  __scatter_zi.o ABSOLUTE
    ../../angel/kernel.s                     0x00000000   Number         0  rtentry4.o ABSOLUTE
    ../../angel/kernel.s                     0x00000000   Number         0  rtexit.o ABSOLUTE
    ../../angel/kernel.s                     0x00000000   Number         0  rtexit2.o ABSOLUTE
    ../../angel/kernel.s                     0x00000000   Number         0  rtentry2.o ABSOLUTE
    ../../angel/kernel.s                     0x00000000   Number         0  rtentry.o ABSOLUTE
    ../../angel/rt.s                         0x00000000   Number         0  rt_errno_addr_intlibspace.o ABSOLUTE
    ../../angel/rt.s                         0x00000000   Number         0  rt_errno_addr.o ABSOLUTE
    ../../angel/rt.s                         0x00000000   Number         0  rt_raise.o ABSOLUTE
    ../../angel/scatter.s                    0x00000000   Number         0  __scatter.o ABSOLUTE
    ../../angel/startup.s                    0x00000000   Number         0  __main.o ABSOLUTE
    ../../angel/sys.s                        0x00000000   Number         0  use_no_semi.o ABSOLUTE
    ../../angel/sys.s                        0x00000000   Number         0  sys_stackheap_outer.o ABSOLUTE
    ../../angel/sys.s                        0x00000000   Number         0  libspace.o ABSOLUTE
    ../../angel/sys.s                        0x00000000   Number         0  sys_exit.o ABSOLUTE
    ../../angel/sysapp.c                     0x00000000   Number         0  sys_command.o ABSOLUTE
    ../../angel/sysapp.c                     0x00000000   Number         0  sys_wrch.o ABSOLUTE
    ../../armsys.c                           0x00000000   Number         0  _get_argv_nomalloc.o ABSOLUTE
    ../../armsys.c                           0x00000000   Number         0  no_argv.o ABSOLUTE
    ../../armsys.c                           0x00000000   Number         0  argv_veneer.o ABSOLUTE
    ../../armsys.c                           0x00000000   Number         0  argv_veneer.o ABSOLUTE
    ../../cos_i.c                            0x00000000   Number         0  cos_i.o ABSOLUTE
    ../../daddsub.s                          0x00000000   Number         0  daddsub_clz.o ABSOLUTE
    ../../dcheck.s                           0x00000000   Number         0  dcheck.o ABSOLUTE
    ../../dcheck1.s                          0x00000000   Number         0  dcheck1.o ABSOLUTE
    ../../ddiv.s                             0x00000000   Number         0  ddiv.o ABSOLUTE
    ../../dfix.s                             0x00000000   Number         0  dfix.o ABSOLUTE
    ../../dfixu.s                            0x00000000   Number         0  dfixu.o ABSOLUTE
    ../../dflt.s                             0x00000000   Number         0  dflt_clz.o ABSOLUTE
    ../../dmul.s                             0x00000000   Number         0  dmul.o ABSOLUTE
    ../../drem.s                             0x00000000   Number         0  drem_clz.o ABSOLUTE
    ../../dunder.s                           0x00000000   Number         0  dunder.o ABSOLUTE
    ../../fenv.c                             0x00000000   Number         0  _rserrno.o ABSOLUTE
    ../../fpinit.s                           0x00000000   Number         0  fpinit.o ABSOLUTE
    ../../heapalloc.c                        0x00000000   Number         0  hrguard.o ABSOLUTE
    ../../heapaux.c                          0x00000000   Number         0  heapauxi.o ABSOLUTE
    ../../libinit.s                          0x00000000   Number         0  libshutdown.o ABSOLUTE
    ../../libinit.s                          0x00000000   Number         0  libinit2.o ABSOLUTE
    ../../libinit.s                          0x00000000   Number         0  libshutdown2.o ABSOLUTE
    ../../libinit.s                          0x00000000   Number         0  libinit.o ABSOLUTE
    ../../poly.c                             0x00000000   Number         0  poly.o ABSOLUTE
    ../../retnan.s                           0x00000000   Number         0  retnan.o ABSOLUTE
    ../../rred.c                             0x00000000   Number         0  rred.o ABSOLUTE
    ../../scalbn.s                           0x00000000   Number         0  scalbn.o ABSOLUTE
    ../../signal.c                           0x00000000   Number         0  defsig_rtmem_outer.o ABSOLUTE
    ../../signal.c                           0x00000000   Number         0  __raise.o ABSOLUTE
    ../../signal.c                           0x00000000   Number         0  defsig_abrt_inner.o ABSOLUTE
    ../../signal.c                           0x00000000   Number         0  defsig_fpe_inner.o ABSOLUTE
    ../../signal.c                           0x00000000   Number         0  defsig_rtred_inner.o ABSOLUTE
    ../../signal.c                           0x00000000   Number         0  defsig_general.o ABSOLUTE
    ../../signal.c                           0x00000000   Number         0  defsig_rtmem_inner.o ABSOLUTE
    ../../signal.c                           0x00000000   Number         0  defsig_exit.o ABSOLUTE
    ../../signal.c                           0x00000000   Number         0  defsig_cppl_inner.o ABSOLUTE
    ../../signal.c                           0x00000000   Number         0  defsig_stak_inner.o ABSOLUTE
    ../../signal.c                           0x00000000   Number         0  defsig_pvfn_inner.o ABSOLUTE
    ../../signal.c                           0x00000000   Number         0  defsig_segv_inner.o ABSOLUTE
    ../../signal.c                           0x00000000   Number         0  defsig_other.o ABSOLUTE
    ../../signal.c                           0x00000000   Number         0  defsig_rtmem_formal.o ABSOLUTE
    ../../signal.s                           0x00000000   Number         0  defsig.o ABSOLUTE
    ../../sin.c                              0x00000000   Number         0  sin.o ABSOLUTE
    ../../sin_i.c                            0x00000000   Number         0  sin_i.o ABSOLUTE
    ../../stdlib.c                           0x00000000   Number         0  exit.o ABSOLUTE
    ../../trapv.s                            0x00000000   Number         0  trapv.o ABSOLUTE
    ../../usenofp.s                          0x00000000   Number         0  usenofp.o ABSOLUTE
    D:\arm\system_LPC17xx.c                  0x00000000   Number         0  system_lpc17xx.o ABSOLUTE
    dc.s                                     0x00000000   Number         0  dc.o ABSOLUTE
    startup_LPC17xx.s                        0x00000000   Number         0  startup_lpc17xx.o ABSOLUTE
    tajmahal.c                               0x00000000   Number         0  tajmahal.o ABSOLUTE
    !!!main                                  0x000000c4   Section        8  __main.o(!!!main)
    !!!scatter                               0x000000cc   Section       52  __scatter.o(!!!scatter)
    !!handler_copy                           0x00000100   Section       26  __scatter_copy.o(!!handler_copy)
    !!handler_zi                             0x0000011c   Section       28  __scatter_zi.o(!!handler_zi)
    .ARM.Collect$$libinit$$00000000          0x00000138   Section        6  libinit.o(.ARM.Collect$$libinit$$00000000)
    .ARM.Collect$$libinit$$00000006          0x0000013e   Section        0  libinit2.o(.ARM.Collect$$libinit$$00000006)
    .ARM.Collect$$libinit$$00000008          0x0000013e   Section        0  libinit2.o(.ARM.Collect$$libinit$$00000008)
    .ARM.Collect$$libinit$$0000000A          0x0000013e   Section        0  libinit2.o(.ARM.Collect$$libinit$$0000000A)
    .ARM.Collect$$libinit$$0000000D          0x0000013e   Section        0  libinit2.o(.ARM.Collect$$libinit$$0000000D)
    .ARM.Collect$$libinit$$0000000F          0x0000013e   Section        0  libinit2.o(.ARM.Collect$$libinit$$0000000F)
    .ARM.Collect$$libinit$$00000011          0x0000013e   Section        0  libinit2.o(.ARM.Collect$$libinit$$00000011)
    .ARM.Collect$$libinit$$00000013          0x0000013e   Section        0  libinit2.o(.ARM.Collect$$libinit$$00000013)
    .ARM.Collect$$libinit$$00000015          0x0000013e   Section        0  libinit2.o(.ARM.Collect$$libinit$$00000015)
    .ARM.Collect$$libinit$$00000017          0x0000013e   Section        0  libinit2.o(.ARM.Collect$$libinit$$00000017)
    .ARM.Collect$$libinit$$00000019          0x0000013e   Section        0  libinit2.o(.ARM.Collect$$libinit$$00000019)
    .ARM.Collect$$libinit$$0000001B          0x0000013e   Section        0  libinit2.o(.ARM.Collect$$libinit$$0000001B)
    .ARM.Collect$$libinit$$0000001D          0x0000013e   Section        0  libinit2.o(.ARM.Collect$$libinit$$0000001D)
    .ARM.Collect$$libinit$$0000001F          0x0000013e   Section        0  libinit2.o(.ARM.Collect$$libinit$$0000001F)
    .ARM.Collect$$libinit$$00000021          0x0000013e   Section        0  libinit2.o(.ARM.Collect$$libinit$$00000021)
    .ARM.Collect$$libinit$$00000028          0x0000013e   Section        0  libinit2.o(.ARM.Collect$$libinit$$00000028)
    .ARM.Collect$$libinit$$0000002A          0x0000013e   Section        0  libinit2.o(.ARM.Collect$$libinit$$0000002A)
    .ARM.Collect$$libinit$$0000002C          0x0000013e   Section        0  libinit2.o(.ARM.Collect$$libinit$$0000002C)
    .ARM.Collect$$libinit$$0000002E          0x0000013e   Section        0  libinit2.o(.ARM.Collect$$libinit$$0000002E)
    .ARM.Collect$$libinit$$0000002F          0x0000013e   Section        2  libinit2.o(.ARM.Collect$$libinit$$0000002F)
    .ARM.Collect$$libshutdown$$00000000      0x00000140   Section        2  libshutdown.o(.ARM.Collect$$libshutdown$$00000000)
    .ARM.Collect$$libshutdown$$00000003      0x00000142   Section        0  libshutdown2.o(.ARM.Collect$$libshutdown$$00000003)
    .ARM.Collect$$libshutdown$$00000006      0x00000142   Section        0  libshutdown2.o(.ARM.Collect$$libshutdown$$00000006)
    .ARM.Collect$$libshutdown$$00000009      0x00000142   Section        0  libshutdown2.o(.ARM.Collect$$libshutdown$$00000009)
    .ARM.Collect$$libshutdown$$0000000B      0x00000142   Section        0  libshutdown2.o(.ARM.Collect$$libshutdown$$0000000B)
    .ARM.Collect$$libshutdown$$0000000E      0x00000142   Section        0  libshutdown2.o(.ARM.Collect$$libshutdown$$0000000E)
    .ARM.Collect$$libshutdown$$0000000F      0x00000142   Section        2  libshutdown2.o(.ARM.Collect$$libshutdown$$0000000F)
    .ARM.Collect$$rtentry$$00000000          0x00000144   Section        0  rtentry.o(.ARM.Collect$$rtentry$$00000000)
    .ARM.Collect$$rtentry$$00000002          0x00000144   Section        0  rtentry2.o(.ARM.Collect$$rtentry$$00000002)
    .ARM.Collect$$rtentry$$00000004          0x00000144   Section        6  rtentry4.o(.ARM.Collect$$rtentry$$00000004)
    .ARM.Collect$$rtentry$$00000009          0x0000014a   Section        0  rtentry2.o(.ARM.Collect$$rtentry$$00000009)
    .ARM.Collect$$rtentry$$0000000A          0x0000014a   Section        4  rtentry2.o(.ARM.Collect$$rtentry$$0000000A)
    .ARM.Collect$$rtentry$$0000000C          0x0000014e   Section        0  rtentry2.o(.ARM.Collect$$rtentry$$0000000C)
    .ARM.Collect$$rtentry$$0000000D          0x0000014e   Section        8  rtentry2.o(.ARM.Collect$$rtentry$$0000000D)
    .ARM.Collect$$rtexit$$00000000           0x00000156   Section        0  rtexit.o(.ARM.Collect$$rtexit$$00000000)
    .ARM.Collect$$rtexit$$00000002           0x00000156   Section        0  rtexit2.o(.ARM.Collect$$rtexit$$00000002)
    .ARM.Collect$$rtexit$$00000003           0x00000156   Section        4  rtexit2.o(.ARM.Collect$$rtexit$$00000003)
    .ARM.Collect$$rtexit$$00000004           0x0000015a   Section        4  rtexit2.o(.ARM.Collect$$rtexit$$00000004)
    .text                                    0x00000160   Section       52  startup_lpc17xx.o(.text)
    .text                                    0x00000194   Section        6  heapauxi.o(.text)
    .text                                    0x0000019a   Section       22  _rserrno.o(.text)
    .text                                    0x000001b0   Section       12  rt_errno_addr_intlibspace.o(.text)
    .text                                    0x000001bc   Section        8  libspace.o(.text)
    .text                                    0x000001c4   Section       74  sys_stackheap_outer.o(.text)
    .text                                    0x0000020e   Section       12  exit.o(.text)
    .text                                    0x0000021c   Section       20  sys_exit.o(.text)
    .text                                    0x00000230   Section        2  use_no_semi.o(.text)
    i.__kernel_poly                          0x00000232   Section      162  poly.o(i.__kernel_poly)
    x$fpl$dcheck                             0x000002d4   Section       16  dcheck.o(x$fpl$dcheck)
    x$fpl$dcheck1                            0x000002e4   Section       16  dcheck1.o(x$fpl$dcheck1)
    x$fpl$usenofp                            0x000002f4   Section        0  usenofp.o(x$fpl$usenofp)
    .ARM.__at_0x02FC                         0x000002fc   Section        4  startup_lpc17xx.o(.ARM.__at_0x02FC)
    .text                                    0x00000300   Section      564  system_lpc17xx.o(.text)
    .text                                    0x00000534   Section      388  tajmahal.o(.text)
    i.__ieee754_rem_pio2                     0x000006b8   Section      740  rred.o(i.__ieee754_rem_pio2)
    i.__kernel_cos                           0x0000099c   Section      252  cos_i.o(i.__kernel_cos)
    i.__kernel_sin                           0x00000a98   Section      236  sin_i.o(i.__kernel_sin)
    i.sin                                    0x00000b84   Section      160  sin.o(i.sin)
    x$fpl$dadd                               0x00000c24   Section      440  daddsub_clz.o(x$fpl$dadd)
    _dadd1                                   0x00000c35   Thumb Code     0  daddsub_clz.o(x$fpl$dadd)
    x$fpl$ddiv                               0x00000ddc   Section     1024  ddiv.o(x$fpl$ddiv)
    ddiv_entry                               0x00000ddf   Thumb Code     0  ddiv.o(x$fpl$ddiv)
    x$fpl$dfix                               0x000011dc   Section      156  dfix.o(x$fpl$dfix)
    x$fpl$dfixu                              0x00001278   Section      116  dfixu.o(x$fpl$dfixu)
    x$fpl$dflt                               0x000012ec   Section       44  dflt_clz.o(x$fpl$dflt)
    x$fpl$dmul                               0x00001318   Section      456  dmul.o(x$fpl$dmul)
    x$fpl$drem                               0x000014e0   Section      408  drem_clz.o(x$fpl$drem)
    x$fpl$drsb                               0x00001678   Section       22  daddsub_clz.o(x$fpl$drsb)
    x$fpl$dsub                               0x00001690   Section      584  daddsub_clz.o(x$fpl$dsub)
    _dsub1                                   0x000016a1   Thumb Code     0  daddsub_clz.o(x$fpl$dsub)
    x$fpl$dunder                             0x000018d8   Section      236  dunder.o(x$fpl$dunder)
    x$fpl$retnan                             0x000019c4   Section      100  retnan.o(x$fpl$retnan)
    x$fpl$scalbn                             0x00001a28   Section       96  scalbn.o(x$fpl$scalbn)
    x$fpl$trapveneer                         0x00001a88   Section       48  trapv.o(x$fpl$trapveneer)
    .constdata                               0x00001ab8   Section       48  cos_i.o(.constdata)
    C                                        0x00001ab8   Data          48  cos_i.o(.constdata)
    .constdata                               0x00001ae8   Section      192  rred.o(.constdata)
    reductions                               0x00001ae8   Data         144  rred.o(.constdata)
    pio2s                                    0x00001b78   Data          48  rred.o(.constdata)
    .constdata                               0x00001ba8   Section       40  sin_i.o(.constdata)
    S                                        0x00001ba8   Data          40  sin_i.o(.constdata)
    .data                                    0x10000000   Section        4  system_lpc17xx.o(.data)
    .bss                                     0x10000004   Section       96  libspace.o(.bss)
    HEAP                                     0x10000068   Section        0  startup_lpc17xx.o(HEAP)
    STACK                                    0x10000068   Section      512  startup_lpc17xx.o(STACK)
    Heap_Mem                                 0x10000068   Data           0  startup_lpc17xx.o(HEAP)
    Stack_Mem                                0x10000068   Data         512  startup_lpc17xx.o(STACK)
    __initial_sp                             0x10000268   Data           0  startup_lpc17xx.o(STACK)

    Global Symbols

    Symbol Name                              Value     Ov Type        Size  Object(Section)

    BuildAttributes$$THM_ISAv4$P$D$K$B$S$PE$A:L22UL41UL21$X:L11$S22US41US21$IEEE1$IW$USESV6$~STKCKD$USESV7$~SHL$OSPACE$ROPI$IEEEJ$EBA8$UX$STANDARDLIB$REQ8$PRES8$EABIv2 0x00000000   Number         0  anon$$obj.o ABSOLUTE
    __ARM_use_no_argv                        0x00000000   Number         0  tajmahal.o ABSOLUTE
    __Vectors                                0x00000000   Data           4  startup_lpc17xx.o(RESET)
    __ARM_exceptions_init                     - Undefined Weak Reference
    __alloca_initialize                       - Undefined Weak Reference
    __cpp_initialize__aeabi_                  - Undefined Weak Reference
    __cxa_finalize                            - Undefined Weak Reference
    __fpl_infinity                            - Undefined Weak Reference
    __rt_locale                               - Undefined Weak Reference
    __sigvec_lookup                           - Undefined Weak Reference
    _atexit_init                              - Undefined Weak Reference
    _call_atexit_fns                          - Undefined Weak Reference
    _clock_init                               - Undefined Weak Reference
    _fp_trap_init                             - Undefined Weak Reference
    _fp_trap_shutdown                         - Undefined Weak Reference
    _get_lc_collate                           - Undefined Weak Reference
    _get_lc_ctype                             - Undefined Weak Reference
    _get_lc_monetary                          - Undefined Weak Reference
    _get_lc_numeric                           - Undefined Weak Reference
    _get_lc_time                              - Undefined Weak Reference
    _getenv_init                              - Undefined Weak Reference
    _handle_redirection                       - Undefined Weak Reference
    _init_alloc                               - Undefined Weak Reference
    _init_user_alloc                          - Undefined Weak Reference
    _initio                                   - Undefined Weak Reference
    _rand_init                                - Undefined Weak Reference
    _signal_finish                            - Undefined Weak Reference
    _signal_init                              - Undefined Weak Reference
    _terminate_alloc                          - Undefined Weak Reference
    _terminate_user_alloc                     - Undefined Weak Reference
    _terminateio                              - Undefined Weak Reference
    __main                                   0x000000c5   Thumb Code     8  __main.o(!!!main)
    __scatterload                            0x000000cd   Thumb Code     0  __scatter.o(!!!scatter)
    __scatterload_rt2                        0x000000cd   Thumb Code    44  __scatter.o(!!!scatter)
    __scatterload_rt2_thumb_only             0x000000cd   Thumb Code     0  __scatter.o(!!!scatter)
    __scatterload_null                       0x000000db   Thumb Code     0  __scatter.o(!!!scatter)
    __scatterload_copy                       0x00000101   Thumb Code    26  __scatter_copy.o(!!handler_copy)
    __scatterload_zeroinit                   0x0000011d   Thumb Code    28  __scatter_zi.o(!!handler_zi)
    __rt_lib_init                            0x00000139   Thumb Code     0  libinit.o(.ARM.Collect$$libinit$$00000000)
    __rt_lib_init_alloca_1                   0x0000013f   Thumb Code     0  libinit2.o(.ARM.Collect$$libinit$$0000002A)
    __rt_lib_init_argv_1                     0x0000013f   Thumb Code     0  libinit2.o(.ARM.Collect$$libinit$$00000028)
    __rt_lib_init_atexit_1                   0x0000013f   Thumb Code     0  libinit2.o(.ARM.Collect$$libinit$$00000017)
    __rt_lib_init_clock_1                    0x0000013f   Thumb Code     0  libinit2.o(.ARM.Collect$$libinit$$0000001D)
    __rt_lib_init_cpp_1                      0x0000013f   Thumb Code     0  libinit2.o(.ARM.Collect$$libinit$$0000002E)
    __rt_lib_init_exceptions_1               0x0000013f   Thumb Code     0  libinit2.o(.ARM.Collect$$libinit$$0000002C)
    __rt_lib_init_fp_trap_1                  0x0000013f   Thumb Code     0  libinit2.o(.ARM.Collect$$libinit$$0000001B)
    __rt_lib_init_getenv_1                   0x0000013f   Thumb Code     0  libinit2.o(.ARM.Collect$$libinit$$0000001F)
    __rt_lib_init_heap_1                     0x0000013f   Thumb Code     0  libinit2.o(.ARM.Collect$$libinit$$00000006)
    __rt_lib_init_lc_collate_1               0x0000013f   Thumb Code     0  libinit2.o(.ARM.Collect$$libinit$$0000000D)
    __rt_lib_init_lc_ctype_1                 0x0000013f   Thumb Code     0  libinit2.o(.ARM.Collect$$libinit$$0000000F)
    __rt_lib_init_lc_monetary_1              0x0000013f   Thumb Code     0  libinit2.o(.ARM.Collect$$libinit$$00000011)
    __rt_lib_init_lc_numeric_1               0x0000013f   Thumb Code     0  libinit2.o(.ARM.Collect$$libinit$$00000013)
    __rt_lib_init_lc_time_1                  0x0000013f   Thumb Code     0  libinit2.o(.ARM.Collect$$libinit$$00000015)
    __rt_lib_init_rand_1                     0x0000013f   Thumb Code     0  libinit2.o(.ARM.Collect$$libinit$$0000000A)
    __rt_lib_init_return                     0x0000013f   Thumb Code     0  libinit2.o(.ARM.Collect$$libinit$$0000002F)
    __rt_lib_init_signal_1                   0x0000013f   Thumb Code     0  libinit2.o(.ARM.Collect$$libinit$$00000019)
    __rt_lib_init_stdio_1                    0x0000013f   Thumb Code     0  libinit2.o(.ARM.Collect$$libinit$$00000021)
    __rt_lib_init_user_alloc_1               0x0000013f   Thumb Code     0  libinit2.o(.ARM.Collect$$libinit$$00000008)
    __rt_lib_shutdown                        0x00000141   Thumb Code     0  libshutdown.o(.ARM.Collect$$libshutdown$$00000000)
    __rt_lib_shutdown_fp_trap_1              0x00000143   Thumb Code     0  libshutdown2.o(.ARM.Collect$$libshutdown$$00000006)
    __rt_lib_shutdown_heap_1                 0x00000143   Thumb Code     0  libshutdown2.o(.ARM.Collect$$libshutdown$$0000000E)
    __rt_lib_shutdown_return                 0x00000143   Thumb Code     0  libshutdown2.o(.ARM.Collect$$libshutdown$$0000000F)
    __rt_lib_shutdown_signal_1               0x00000143   Thumb Code     0  libshutdown2.o(.ARM.Collect$$libshutdown$$00000009)
    __rt_lib_shutdown_stdio_1                0x00000143   Thumb Code     0  libshutdown2.o(.ARM.Collect$$libshutdown$$00000003)
    __rt_lib_shutdown_user_alloc_1           0x00000143   Thumb Code     0  libshutdown2.o(.ARM.Collect$$libshutdown$$0000000B)
    __rt_entry                               0x00000145   Thumb Code     0  rtentry.o(.ARM.Collect$$rtentry$$00000000)
    __rt_entry_presh_1                       0x00000145   Thumb Code     0  rtentry2.o(.ARM.Collect$$rtentry$$00000002)
    __rt_entry_sh                            0x00000145   Thumb Code     0  rtentry4.o(.ARM.Collect$$rtentry$$00000004)
    __rt_entry_li                            0x0000014b   Thumb Code     0  rtentry2.o(.ARM.Collect$$rtentry$$0000000A)
    __rt_entry_postsh_1                      0x0000014b   Thumb Code     0  rtentry2.o(.ARM.Collect$$rtentry$$00000009)
    __rt_entry_main                          0x0000014f   Thumb Code     0  rtentry2.o(.ARM.Collect$$rtentry$$0000000D)
    __rt_entry_postli_1                      0x0000014f   Thumb Code     0  rtentry2.o(.ARM.Collect$$rtentry$$0000000C)
    __rt_exit                                0x00000157   Thumb Code     0  rtexit.o(.ARM.Collect$$rtexit$$00000000)
    __rt_exit_ls                             0x00000157   Thumb Code     0  rtexit2.o(.ARM.Collect$$rtexit$$00000003)
    __rt_exit_prels_1                        0x00000157   Thumb Code     0  rtexit2.o(.ARM.Collect$$rtexit$$00000002)
    __rt_exit_exit                           0x0000015b   Thumb Code     0  rtexit2.o(.ARM.Collect$$rtexit$$00000004)
    Reset_Handler                            0x00000161   Thumb Code     4  startup_lpc17xx.o(.text)
    NMI_Handler                              0x00000165   Thumb Code     2  startup_lpc17xx.o(.text)
    HardFault_Handler                        0x00000167   Thumb Code     2  startup_lpc17xx.o(.text)
    MemManage_Handler                        0x00000169   Thumb Code     2  startup_lpc17xx.o(.text)
    BusFault_Handler                         0x0000016b   Thumb Code     2  startup_lpc17xx.o(.text)
    UsageFault_Handler                       0x0000016d   Thumb Code     2  startup_lpc17xx.o(.text)
    SVC_Handler                              0x0000016f   Thumb Code     2  startup_lpc17xx.o(.text)
    DebugMon_Handler                         0x00000171   Thumb Code     2  startup_lpc17xx.o(.text)
    PendSV_Handler                           0x00000173   Thumb Code     2  startup_lpc17xx.o(.text)
    SysTick_Handler                          0x00000175   Thumb Code     2  startup_lpc17xx.o(.text)
    ADC_IRQHandler                           0x00000177   Thumb Code     0  startup_lpc17xx.o(.text)
    BOD_IRQHandler                           0x00000177   Thumb Code     0  startup_lpc17xx.o(.text)
    CAN_IRQHandler                           0x00000177   Thumb Code     0  startup_lpc17xx.o(.text)
    DMA_IRQHandler                           0x00000177   Thumb Code     0  startup_lpc17xx.o(.text)
    EINT0_IRQHandler                         0x00000177   Thumb Code     0  startup_lpc17xx.o(.text)
    EINT1_IRQHandler                         0x00000177   Thumb Code     0  startup_lpc17xx.o(.text)
    EINT2_IRQHandler                         0x00000177   Thumb Code     0  startup_lpc17xx.o(.text)
    EINT3_IRQHandler                         0x00000177   Thumb Code     0  startup_lpc17xx.o(.text)
    ENET_IRQHandler                          0x00000177   Thumb Code     0  startup_lpc17xx.o(.text)
    I2C0_IRQHandler                          0x00000177   Thumb Code     0  startup_lpc17xx.o(.text)
    I2C1_IRQHandler                          0x00000177   Thumb Code     0  startup_lpc17xx.o(.text)
    I2C2_IRQHandler                          0x00000177   Thumb Code     0  startup_lpc17xx.o(.text)
    I2S_IRQHandler                           0x00000177   Thumb Code     0  startup_lpc17xx.o(.text)
    MCPWM_IRQHandler                         0x00000177   Thumb Code     0  startup_lpc17xx.o(.text)
    PLL0_IRQHandler                          0x00000177   Thumb Code     0  startup_lpc17xx.o(.text)
    PLL1_IRQHandler                          0x00000177   Thumb Code     0  startup_lpc17xx.o(.text)
    PWM1_IRQHandler                          0x00000177   Thumb Code     0  startup_lpc17xx.o(.text)
    QEI_IRQHandler                           0x00000177   Thumb Code     0  startup_lpc17xx.o(.text)
    RIT_IRQHandler                           0x00000177   Thumb Code     0  startup_lpc17xx.o(.text)
    RTC_IRQHandler                           0x00000177   Thumb Code     0  startup_lpc17xx.o(.text)
    SPI_IRQHandler                           0x00000177   Thumb Code     0  startup_lpc17xx.o(.text)
    SSP0_IRQHandler                          0x00000177   Thumb Code     0  startup_lpc17xx.o(.text)
    SSP1_IRQHandler                          0x00000177   Thumb Code     0  startup_lpc17xx.o(.text)
    TIMER0_IRQHandler                        0x00000177   Thumb Code     0  startup_lpc17xx.o(.text)
    TIMER1_IRQHandler                        0x00000177   Thumb Code     0  startup_lpc17xx.o(.text)
    TIMER2_IRQHandler                        0x00000177   Thumb Code     0  startup_lpc17xx.o(.text)
    TIMER3_IRQHandler                        0x00000177   Thumb Code     0  startup_lpc17xx.o(.text)
    UART0_IRQHandler                         0x00000177   Thumb Code     0  startup_lpc17xx.o(.text)
    UART1_IRQHandler                         0x00000177   Thumb Code     0  startup_lpc17xx.o(.text)
    UART2_IRQHandler                         0x00000177   Thumb Code     0  startup_lpc17xx.o(.text)
    UART3_IRQHandler                         0x00000177   Thumb Code     0  startup_lpc17xx.o(.text)
    USB_IRQHandler                           0x00000177   Thumb Code     0  startup_lpc17xx.o(.text)
    WDT_IRQHandler                           0x00000177   Thumb Code     0  startup_lpc17xx.o(.text)
    __user_initial_stackheap                 0x00000179   Thumb Code     0  startup_lpc17xx.o(.text)
    __use_two_region_memory                  0x00000195   Thumb Code     2  heapauxi.o(.text)
    __rt_heap_escrow$2region                 0x00000197   Thumb Code     2  heapauxi.o(.text)
    __rt_heap_expand$2region                 0x00000199   Thumb Code     2  heapauxi.o(.text)
    __read_errno                             0x0000019b   Thumb Code    10  _rserrno.o(.text)
    __set_errno                              0x000001a5   Thumb Code    12  _rserrno.o(.text)
    __aeabi_errno_addr                       0x000001b1   Thumb Code    12  rt_errno_addr_intlibspace.o(.text)
    __errno$intlibspace                      0x000001b1   Thumb Code     0  rt_errno_addr_intlibspace.o(.text)
    __rt_errno_addr$intlibspace              0x000001b1   Thumb Code     0  rt_errno_addr_intlibspace.o(.text)
    __user_libspace                          0x000001bd   Thumb Code     8  libspace.o(.text)
    __user_perproc_libspace                  0x000001bd   Thumb Code     0  libspace.o(.text)
    __user_perthread_libspace                0x000001bd   Thumb Code     0  libspace.o(.text)
    __user_setup_stackheap                   0x000001c5   Thumb Code    74  sys_stackheap_outer.o(.text)
    exit                                     0x0000020f   Thumb Code    12  exit.o(.text)
    _sys_exit                                0x0000021d   Thumb Code    16  sys_exit.o(.text)
    __I$use$semihosting                      0x00000231   Thumb Code     0  use_no_semi.o(.text)
    __use_no_semihosting_swi                 0x00000231   Thumb Code     2  use_no_semi.o(.text)
    __kernel_poly                            0x00000233   Thumb Code   162  poly.o(i.__kernel_poly)
    __fpl_dcheck_NaN2                        0x000002d5   Thumb Code    10  dcheck.o(x$fpl$dcheck)
    __fpl_dcheck_NaN1                        0x000002e5   Thumb Code    10  dcheck1.o(x$fpl$dcheck1)
    __I$use$fp                               0x000002f5   Thumb Code     0  usenofp.o(x$fpl$usenofp)
    SystemInit                               0x00000301   Thumb Code   230  system_lpc17xx.o(.text)
    SystemClockUpdate                        0x000003e7   Thumb Code   308  system_lpc17xx.o(.text)
    delay                                    0x00000535   Thumb Code    12  tajmahal.o(.text)
    main                                     0x00000541   Thumb Code   344  tajmahal.o(.text)
    __ieee754_rem_pio2                       0x000006b9   Thumb Code   642  rred.o(i.__ieee754_rem_pio2)
    __kernel_cos                             0x0000099d   Thumb Code   222  cos_i.o(i.__kernel_cos)
    __kernel_sin                             0x00000a99   Thumb Code   222  sin_i.o(i.__kernel_sin)
    sin                                      0x00000b85   Thumb Code   136  sin.o(i.sin)
    __aeabi_dadd                             0x00000c25   Thumb Code     0  daddsub_clz.o(x$fpl$dadd)
    _dadd                                    0x00000c25   Thumb Code   424  daddsub_clz.o(x$fpl$dadd)
    __fpl_inf_dadd                           0x00000d97   Thumb Code     0  daddsub_clz.o(x$fpl$dadd)
    __aeabi_ddiv                             0x00000ddd   Thumb Code     0  ddiv.o(x$fpl$ddiv)
    _ddiv                                    0x00000ddd   Thumb Code   428  ddiv.o(x$fpl$ddiv)
    __fpl_inf_ddiv                           0x00000f51   Thumb Code     0  ddiv.o(x$fpl$ddiv)
    _ddiv_mantissas                          0x00000f89   Thumb Code   324  ddiv.o(x$fpl$ddiv)
    __aeabi_d2iz                             0x000011dd   Thumb Code     0  dfix.o(x$fpl$dfix)
    _dfix                                    0x000011dd   Thumb Code   150  dfix.o(x$fpl$dfix)
    __fpl_inf_dfix                           0x00001269   Thumb Code     0  dfix.o(x$fpl$dfix)
    __aeabi_d2uiz                            0x00001279   Thumb Code     0  dfixu.o(x$fpl$dfixu)
    _dfixu                                   0x00001279   Thumb Code   110  dfixu.o(x$fpl$dfixu)
    __fpl_inf_dfixu                          0x000012e1   Thumb Code     0  dfixu.o(x$fpl$dfixu)
    __aeabi_i2d                              0x000012ed   Thumb Code     0  dflt_clz.o(x$fpl$dflt)
    _dflt                                    0x000012ed   Thumb Code    44  dflt_clz.o(x$fpl$dflt)
    __dflt_normalise                         0x000012fb   Thumb Code     0  dflt_clz.o(x$fpl$dflt)
    __aeabi_dmul                             0x00001319   Thumb Code     0  dmul.o(x$fpl$dmul)
    _dmul                                    0x00001319   Thumb Code   440  dmul.o(x$fpl$dmul)
    __fpl_inf_dmul                           0x000014a3   Thumb Code     0  dmul.o(x$fpl$dmul)
    _drem                                    0x000014e1   Thumb Code   396  drem_clz.o(x$fpl$drem)
    __fpl_inf_drem                           0x0000163d   Thumb Code     0  drem_clz.o(x$fpl$drem)
    __aeabi_drsub                            0x00001679   Thumb Code     0  daddsub_clz.o(x$fpl$drsb)
    _drsb                                    0x00001679   Thumb Code    22  daddsub_clz.o(x$fpl$drsb)
    __aeabi_dsub                             0x00001691   Thumb Code     0  daddsub_clz.o(x$fpl$dsub)
    _dsub                                    0x00001691   Thumb Code   572  daddsub_clz.o(x$fpl$dsub)
    __fpl_inf_dsub                           0x00001895   Thumb Code     0  daddsub_clz.o(x$fpl$dsub)
    __dunder                                 0x000018d9   Thumb Code   234  dunder.o(x$fpl$dunder)
    __dunder_d                               0x000019c3   Thumb Code     2  dunder.o(x$fpl$dunder)
    __fpl_return_NaN                         0x000019c5   Thumb Code   100  retnan.o(x$fpl$retnan)
    __ARM_scalbn                             0x00001a29   Thumb Code     0  scalbn.o(x$fpl$scalbn)
    scalbn                                   0x00001a29   Thumb Code    96  scalbn.o(x$fpl$scalbn)
    __fpl_inf_scalbn                         0x00001a87   Thumb Code     0  scalbn.o(x$fpl$scalbn)
    __fpl_cmpreturn                          0x00001a89   Thumb Code    48  trapv.o(x$fpl$trapveneer)
    Region$$Table$$Base                      0x00001bd0   Number         0  anon$$obj.o(Region$$Table)
    Region$$Table$$Limit                     0x00001bf0   Number         0  anon$$obj.o(Region$$Table)
    SystemFrequency                          0x10000000   Data           4  system_lpc17xx.o(.data)
    __libspace_start                         0x10000004   Data          96  libspace.o(.bss)
    __temporary_stack_top$libspace           0x10000064   Data           0  libspace.o(.bss)



==============================================================================

Memory Map of the image

  Image Entry point : 0x00000161

  Load Region LR_1 (Base: 0x00000000, Size: 0x00001bf4, Max: 0xffffffff, ABSOLUTE)

    Execution Region ER_RO (Base: 0x00000000, Size: 0x00001bf0, Max: 0xffffffff, ABSOLUTE)

    Base Addr    Size         Type   Attr      Idx    E Section Name        Object

    0x00000000   0x000000c4   Data   RO            3    RESET               startup_lpc17xx.o
    0x000000c4   0x00000008   Code   RO           65  * !!!main             __main.o(c_w.l)
    0x000000cc   0x00000034   Code   RO          289    !!!scatter          __scatter.o(c_w.l)
    0x00000100   0x0000001a   Code   RO          291    !!handler_copy      __scatter_copy.o(c_w.l)
    0x0000011a   0x00000002   PAD
    0x0000011c   0x0000001c   Code   RO          293    !!handler_zi        __scatter_zi.o(c_w.l)
    0x00000138   0x00000006   Code   RO          165    .ARM.Collect$$libinit$$00000000  libinit.o(c_w.l)
    0x0000013e   0x00000000   Code   RO          172    .ARM.Collect$$libinit$$00000006  libinit2.o(c_w.l)
    0x0000013e   0x00000000   Code   RO          174    .ARM.Collect$$libinit$$00000008  libinit2.o(c_w.l)
    0x0000013e   0x00000000   Code   RO          176    .ARM.Collect$$libinit$$0000000A  libinit2.o(c_w.l)
    0x0000013e   0x00000000   Code   RO          179    .ARM.Collect$$libinit$$0000000D  libinit2.o(c_w.l)
    0x0000013e   0x00000000   Code   RO          181    .ARM.Collect$$libinit$$0000000F  libinit2.o(c_w.l)
    0x0000013e   0x00000000   Code   RO          183    .ARM.Collect$$libinit$$00000011  libinit2.o(c_w.l)
    0x0000013e   0x00000000   Code   RO          185    .ARM.Collect$$libinit$$00000013  libinit2.o(c_w.l)
    0x0000013e   0x00000000   Code   RO          187    .ARM.Collect$$libinit$$00000015  libinit2.o(c_w.l)
    0x0000013e   0x00000000   Code   RO          189    .ARM.Collect$$libinit$$00000017  libinit2.o(c_w.l)
    0x0000013e   0x00000000   Code   RO          191    .ARM.Collect$$libinit$$00000019  libinit2.o(c_w.l)
    0x0000013e   0x00000000   Code   RO          193    .ARM.Collect$$libinit$$0000001B  libinit2.o(c_w.l)
    0x0000013e   0x00000000   Code   RO          195    .ARM.Collect$$libinit$$0000001D  libinit2.o(c_w.l)
    0x0000013e   0x00000000   Code   RO          197    .ARM.Collect$$libinit$$0000001F  libinit2.o(c_w.l)
    0x0000013e   0x00000000   Code   RO          199    .ARM.Collect$$libinit$$00000021  libinit2.o(c_w.l)
    0x0000013e   0x00000000   Code   RO          203    .ARM.Collect$$libinit$$00000028  libinit2.o(c_w.l)
    0x0000013e   0x00000000   Code   RO          205    .ARM.Collect$$libinit$$0000002A  libinit2.o(c_w.l)
    0x0000013e   0x00000000   Code   RO          207    .ARM.Collect$$libinit$$0000002C  libinit2.o(c_w.l)
    0x0000013e   0x00000000   Code   RO          209    .ARM.Collect$$libinit$$0000002E  libinit2.o(c_w.l)
    0x0000013e   0x00000002   Code   RO          210    .ARM.Collect$$libinit$$0000002F  libinit2.o(c_w.l)
    0x00000140   0x00000002   Code   RO          231    .ARM.Collect$$libshutdown$$00000000  libshutdown.o(c_w.l)
    0x00000142   0x00000000   Code   RO          244    .ARM.Collect$$libshutdown$$00000003  libshutdown2.o(c_w.l)
    0x00000142   0x00000000   Code   RO          247    .ARM.Collect$$libshutdown$$00000006  libshutdown2.o(c_w.l)
    0x00000142   0x00000000   Code   RO          250    .ARM.Collect$$libshutdown$$00000009  libshutdown2.o(c_w.l)
    0x00000142   0x00000000   Code   RO          252    .ARM.Collect$$libshutdown$$0000000B  libshutdown2.o(c_w.l)
    0x00000142   0x00000000   Code   RO          255    .ARM.Collect$$libshutdown$$0000000E  libshutdown2.o(c_w.l)
    0x00000142   0x00000002   Code   RO          256    .ARM.Collect$$libshutdown$$0000000F  libshutdown2.o(c_w.l)
    0x00000144   0x00000000   Code   RO           91    .ARM.Collect$$rtentry$$00000000  rtentry.o(c_w.l)
    0x00000144   0x00000000   Code   RO          120    .ARM.Collect$$rtentry$$00000002  rtentry2.o(c_w.l)
    0x00000144   0x00000006   Code   RO          135    .ARM.Collect$$rtentry$$00000004  rtentry4.o(c_w.l)
    0x0000014a   0x00000000   Code   RO          122    .ARM.Collect$$rtentry$$00000009  rtentry2.o(c_w.l)
    0x0000014a   0x00000004   Code   RO          123    .ARM.Collect$$rtentry$$0000000A  rtentry2.o(c_w.l)
    0x0000014e   0x00000000   Code   RO          125    .ARM.Collect$$rtentry$$0000000C  rtentry2.o(c_w.l)
    0x0000014e   0x00000008   Code   RO          126    .ARM.Collect$$rtentry$$0000000D  rtentry2.o(c_w.l)
    0x00000156   0x00000000   Code   RO          168    .ARM.Collect$$rtexit$$00000000  rtexit.o(c_w.l)
    0x00000156   0x00000000   Code   RO          214    .ARM.Collect$$rtexit$$00000002  rtexit2.o(c_w.l)
    0x00000156   0x00000004   Code   RO          215    .ARM.Collect$$rtexit$$00000003  rtexit2.o(c_w.l)
    0x0000015a   0x00000004   Code   RO          216    .ARM.Collect$$rtexit$$00000004  rtexit2.o(c_w.l)
    0x0000015e   0x00000002   PAD
    0x00000160   0x00000034   Code   RO            5  * .text               startup_lpc17xx.o
    0x00000194   0x00000006   Code   RO           63    .text               heapauxi.o(c_w.l)
    0x0000019a   0x00000016   Code   RO           93    .text               _rserrno.o(c_w.l)
    0x000001b0   0x0000000c   Code   RO          140    .text               rt_errno_addr_intlibspace.o(c_w.l)
    0x000001bc   0x00000008   Code   RO          152    .text               libspace.o(c_w.l)
    0x000001c4   0x0000004a   Code   RO          155    .text               sys_stackheap_outer.o(c_w.l)
    0x0000020e   0x0000000c   Code   RO          157    .text               exit.o(c_w.l)
    0x0000021a   0x00000002   PAD
    0x0000021c   0x00000014   Code   RO          223    .text               sys_exit.o(c_w.l)
    0x00000230   0x00000002   Code   RO          234    .text               use_no_semi.o(c_w.l)
    0x00000232   0x000000a2   Code   RO          150    i.__kernel_poly     poly.o(m_ws.l)
    0x000002d4   0x00000010   Code   RO           95    x$fpl$dcheck        dcheck.o(fz_ws.l)
    0x000002e4   0x00000010   Code   RO           97    x$fpl$dcheck1       dcheck1.o(fz_ws.l)
    0x000002f4   0x00000000   Code   RO          109    x$fpl$usenofp       usenofp.o(fz_ws.l)
    0x000002f4   0x00000008   PAD
    0x000002fc   0x00000004   Code   RO            4    .ARM.__at_0x02FC    startup_lpc17xx.o
    0x00000300   0x00000234   Code   RO           13    .text               system_lpc17xx.o
    0x00000534   0x00000184   Code   RO           41    .text               tajmahal.o
    0x000006b8   0x000002e4   Code   RO          113    i.__ieee754_rem_pio2  rred.o(m_ws.l)
    0x0000099c   0x000000fc   Code   RO          110    i.__kernel_cos      cos_i.o(m_ws.l)
    0x00000a98   0x000000ec   Code   RO          116    i.__kernel_sin      sin_i.o(m_ws.l)
    0x00000b84   0x000000a0   Code   RO           88    i.sin               sin.o(m_ws.l)
    0x00000c24   0x000001b8   Code   RO           67    x$fpl$dadd          daddsub_clz.o(fz_ws.l)
    0x00000ddc   0x00000400   Code   RO           74    x$fpl$ddiv          ddiv.o(fz_ws.l)
    0x000011dc   0x0000009c   Code   RO          142    x$fpl$dfix          dfix.o(fz_ws.l)
    0x00001278   0x00000074   Code   RO           77    x$fpl$dfixu         dfixu.o(fz_ws.l)
    0x000012ec   0x0000002c   Code   RO           82    x$fpl$dflt          dflt_clz.o(fz_ws.l)
    0x00001318   0x000001c8   Code   RO           85    x$fpl$dmul          dmul.o(fz_ws.l)
    0x000014e0   0x00000198   Code   RO          146    x$fpl$drem          drem_clz.o(fz_ws.l)
    0x00001678   0x00000016   Code   RO           68    x$fpl$drsb          daddsub_clz.o(fz_ws.l)
    0x0000168e   0x00000002   PAD
    0x00001690   0x00000248   Code   RO           69    x$fpl$dsub          daddsub_clz.o(fz_ws.l)
    0x000018d8   0x000000ec   Code   RO           99    x$fpl$dunder        dunder.o(fz_ws.l)
    0x000019c4   0x00000064   Code   RO          148    x$fpl$retnan        retnan.o(fz_ws.l)
    0x00001a28   0x00000060   Code   RO          104    x$fpl$scalbn        scalbn.o(fz_ws.l)
    0x00001a88   0x00000030   Code   RO          166    x$fpl$trapveneer    trapv.o(fz_ws.l)
    0x00001ab8   0x00000030   Data   RO          111    .constdata          cos_i.o(m_ws.l)
    0x00001ae8   0x000000c0   Data   RO          114    .constdata          rred.o(m_ws.l)
    0x00001ba8   0x00000028   Data   RO          117    .constdata          sin_i.o(m_ws.l)
    0x00001bd0   0x00000020   Data   RO          287    Region$$Table       anon$$obj.o


    Execution Region ER_RW (Base: 0x10000000, Size: 0x00000004, Max: 0xffffffff, ABSOLUTE)

    Base Addr    Size         Type   Attr      Idx    E Section Name        Object

    0x10000000   0x00000004   Data   RW           14    .data               system_lpc17xx.o


    Execution Region ER_ZI (Base: 0x10000004, Size: 0x00000264, Max: 0xffffffff, ABSOLUTE)

    Base Addr    Size         Type   Attr      Idx    E Section Name        Object

    0x10000004   0x00000060   Zero   RW          153    .bss                libspace.o(c_w.l)
    0x10000064   0x00000004   PAD
    0x10000068   0x00000000   Zero   RW            2    HEAP                startup_lpc17xx.o
    0x10000068   0x00000200   Zero   RW            1    STACK               startup_lpc17xx.o


==============================================================================

Image component sizes


      Code (inc. data)   RO Data    RW Data    ZI Data      Debug   Object Name

        56         22        196          0        512        580   startup_lpc17xx.o
       564         26          0          4          0       5069   system_lpc17xx.o
       388         32          0          0          0        781   tajmahal.o

    ----------------------------------------------------------------------
      1008         80        228          4        512       6430   Object Totals
         0          0         32          0          0          0   (incl. Generated)
         0          0          0          0          0          2   (incl. Padding)

    ----------------------------------------------------------------------

      Code (inc. data)   RO Data    RW Data    ZI Data      Debug   Library Member Name

         8          0          0          0          0         68   __main.o
        52          8          0          0          0          0   __scatter.o
        26          0          0          0          0          0   __scatter_copy.o
        28          0          0          0          0          0   __scatter_zi.o
        22          0          0          0          0         96   _rserrno.o
       252         30         48          0          0        112   cos_i.o
      1046         28          0          0          0        320   daddsub_clz.o
        16          6          0          0          0         68   dcheck.o
        16          6          0          0          0         68   dcheck1.o
      1024        272          0          0          0        160   ddiv.o
       156          6          0          0          0         76   dfix.o
       116          6          0          0          0         72   dfixu.o
        44          0          0          0          0         68   dflt_clz.o
       456         16          0          0          0        100   dmul.o
       408         12          0          0          0        100   drem_clz.o
       236          0          0          0          0         92   dunder.o
        12          0          0          0          0         68   exit.o
         6          0          0          0          0        148   heapauxi.o
         6          0          0          0          0          0   libinit.o
         2          0          0          0          0          0   libinit2.o
         2          0          0          0          0          0   libshutdown.o
         2          0          0          0          0          0   libshutdown2.o
         8          4          0          0         96         68   libspace.o
       162          0          0          0          0         96   poly.o
       100          0          0          0          0         68   retnan.o
       740         98        192          0          0         96   rred.o
        12          6          0          0          0         68   rt_errno_addr_intlibspace.o
         0          0          0          0          0          0   rtentry.o
        12          0          0          0          0          0   rtentry2.o
         6          0          0          0          0          0   rtentry4.o
         0          0          0          0          0          0   rtexit.o
         8          0          0          0          0          0   rtexit2.o
        96          0          0          0          0         68   scalbn.o
       160         24          0          0          0        100   sin.o
       236         14         40          0          0        128   sin_i.o
        20         10          0          0          0         68   sys_exit.o
        74          0          0          0          0         80   sys_stackheap_outer.o
        48          0          0          0          0         68   trapv.o
         2          0          0          0          0         68   use_no_semi.o
         0          0          0          0          0          0   usenofp.o

    ----------------------------------------------------------------------
      5636        546        280          0        100       2592   Library Totals
        16          0          0          0          4          0   (incl. Padding)

    ----------------------------------------------------------------------

      Code (inc. data)   RO Data    RW Data    ZI Data      Debug   Library Name

       308         28          0          0         96        732   c_w.l
      3762        352          0          0          0       1328   fz_ws.l
      1550        166        280          0          0        532   m_ws.l

    ----------------------------------------------------------------------
      5636        546        280          0        100       2592   Library Totals

    ----------------------------------------------------------------------

==============================================================================


      Code (inc. data)   RO Data    RW Data    ZI Data      Debug   

      6644        626        508          4        612       7524   Grand Totals
      6644        626        508          4        612       7524   ELF Image Totals
      6644        626        508          4          0          0   ROM Totals

==============================================================================

    Total RO  Size (Code + RO Data)                 7152 (   6.98kB)
    Total RW  Size (RW Data + ZI Data)               616 (   0.60kB)
    Total ROM Size (Code + RO Data + RW Data)       7156 (   6.99kB)

==============================================================================

