<html>
<body>
<pre>
<h1>µVision Build Log</h1>
<h2>Project:</h2>
D:\arm_workshop\can\CANRX\CANRX.uvproj
Project File Date:  07/10/2019

<h2>Output:</h2>
Build target 'Target 1'
assembling startup_LPC17xx.s...
compiling system_LPC17xx.c...
compiling CAN1213.c...
CAN1213.c(134): warning:  #1-D: last line of file ends without a newline
linking...
Program Size: Code=1320 RO-data=424 RW-data=4 ZI-data=612  
FromELF: creating hex file...
"CANRX.axf" - 0 Error(s), 1 Warning(s).
Build target 'Target 1'
assembling startup_LPC17xx.s...
compiling system_LPC17xx.c...
compiling CAN1213.c...
CAN1213.c(134): warning:  #1-D: last line of file ends without a newline
linking...
Program Size: Code=1320 RO-data=424 RW-data=4 ZI-data=612  
FromELF: creating hex file...
"CANRX.axf" - 0 Error(s), 1 Warning(s).
Build target 'Target 1'
linking...
Program Size: Code=1320 RO-data=424 RW-data=4 ZI-data=612  
FromELF: creating hex file...
"CANRX.axf" - 0 Error(s), 0 Warning(s).
Build target 'Target 1'
assembling startup_LPC17xx.s...
compiling system_LPC17xx.c...
compiling CAN1213.c...
CAN1213.c(134): warning:  #1-D: last line of file ends without a newline
linking...
Program Size: Code=1320 RO-data=424 RW-data=4 ZI-data=612  
FromELF: creating hex file...
"CANRX.axf" - 0 Error(s), 1 Warning(s).
Build target 'Target 1'
assembling startup_LPC17xx.s...
compiling system_LPC17xx.c...
compiling CAN1213.c...
CAN1213.c(134): warning:  #1-D: last line of file ends without a newline
linking...
Program Size: Code=1320 RO-data=424 RW-data=4 ZI-data=612  
FromELF: creating hex file...
"CANRX1.axf" - 0 Error(s), 1 Warning(s).
Build target 'Target 1'
assembling startup_LPC17xx.s...
compiling system_LPC17xx.c...
compiling CAN1213.c...
CAN1213.c(134): warning:  #1-D: last line of file ends without a newline
linking...
Program Size: Code=1320 RO-data=424 RW-data=4 ZI-data=612  
FromELF: creating hex file...
"CANRX1.axf" - 0 Error(s), 1 Warning(s).
compiling CAN1213.c...
CAN1213.c(134): warning:  #1-D: last line of file ends without a newline
CAN1213.c - 0 Error(s), 1 Warning(s).
Build target 'Target 1'
linking...
Program Size: Code=1320 RO-data=424 RW-data=4 ZI-data=612  
FromELF: creating hex file...
"CANRX1.axf" - 0 Error(s), 0 Warning(s).
Build target 'Target 1'
assembling startup_LPC17xx.s...
compiling system_LPC17xx.c...
compiling CAN1213.c...
CAN1213.c(134): warning:  #1-D: last line of file ends without a newline
linking...
Program Size: Code=1320 RO-data=424 RW-data=4 ZI-data=612  
FromELF: creating hex file...
"CANRX1.axf" - 0 Error(s), 1 Warning(s).
Build target 'Target 1'
assembling startup_LPC17xx.s...
compiling system_LPC17xx.c...
compiling CAN1213.c...
CAN1213.c(134): warning:  #1-D: last line of file ends without a newline
linking...
Program Size: Code=1320 RO-data=424 RW-data=4 ZI-data=612  
FromELF: creating hex file...
"CANRX1.axf" - 0 Error(s), 1 Warning(s).
Build target 'Target 1'
linking...
Program Size: Code=1320 RO-data=424 RW-data=4 ZI-data=612  
FromELF: creating hex file...
"CANRX1.axf" - 0 Error(s), 0 Warning(s).
Build target 'Target 1'
assembling startup_LPC17xx.s...
compiling system_LPC17xx.c...
compiling CAN1213.c...
CAN1213.c(134): warning:  #1-D: last line of file ends without a newline
linking...
Program Size: Code=1320 RO-data=424 RW-data=4 ZI-data=612  
FromELF: creating hex file...
"CANRX1.axf" - 0 Error(s), 1 Warning(s).
compiling CAN1213.c...
CAN1213.c(134): warning:  #1-D: last line of file ends without a newline
CAN1213.c - 0 Error(s), 1 Warning(s).
Build target 'Target 1'
linking...
Program Size: Code=1320 RO-data=424 RW-data=4 ZI-data=612  
FromELF: creating hex file...
"CANRX1.axf" - 0 Error(s), 0 Warning(s).
Build target 'Target 1'
assembling startup_LPC17xx.s...
compiling system_LPC17xx.c...
compiling CAN1213.c...
CAN1213.c(134): warning:  #1-D: last line of file ends without a newline
linking...
Program Size: Code=1320 RO-data=424 RW-data=4 ZI-data=612  
FromELF: creating hex file...
"CANRX1.axf" - 0 Error(s), 1 Warning(s).
