<html>
<body>
<pre>
<h1>µVision Build Log</h1>
<h2>Project:</h2>
D:\labs_and workshop\arm_workshop\can\CANTX\CANTS.uvproj
Project File Date:  02/13/2020

<h2>Output:</h2>
Build target 'Target 1'
assembling startup_LPC17xx.s...
compiling system_LPC17xx.c...
compiling can_tx1.c...
can_tx1.c(98): warning:  #1-D: last line of file ends without a newline
linking...
Program Size: Code=1260 RO-data=424 RW-data=8 ZI-data=608  
FromELF: creating hex file...
"CAN_tx1.axf" - 0 Error(s), 1 Warning(s).
Build target 'Target 1'
assembling startup_LPC17xx.s...
compiling system_LPC17xx.c...
compiling can_tx1.c...
can_tx1.c(98): warning:  #1-D: last line of file ends without a newline
linking...
Program Size: Code=1260 RO-data=424 RW-data=8 ZI-data=608  
FromELF: creating hex file...
"CAN_tx1.axf" - 0 Error(s), 1 Warning(s).
Build target 'Target 1'
assembling startup_LPC17xx.s...
compiling system_LPC17xx.c...
compiling can_tx1.c...
can_tx1.c(98): warning:  #1-D: last line of file ends without a newline
linking...
Program Size: Code=1260 RO-data=424 RW-data=8 ZI-data=608  
FromELF: creating hex file...
"CAN_tx1.axf" - 0 Error(s), 1 Warning(s).
Build target 'Target 1'
assembling startup_LPC17xx.s...
compiling system_LPC17xx.c...
compiling can_tx1.c...
can_tx1.c(98): warning:  #1-D: last line of file ends without a newline
linking...
Program Size: Code=1260 RO-data=424 RW-data=8 ZI-data=608  
FromELF: creating hex file...
"CAN_tx1.axf" - 0 Error(s), 1 Warning(s).
Build target 'Target 1'
assembling startup_LPC17xx.s...
compiling system_LPC17xx.c...
compiling can_tx1.c...
can_tx1.c(98): warning:  #1-D: last line of file ends without a newline
linking...
Program Size: Code=1260 RO-data=424 RW-data=8 ZI-data=608  
FromELF: creating hex file...
"CAN_tx1.axf" - 0 Error(s), 1 Warning(s).
Build target 'Target 1'
assembling startup_LPC17xx.s...
compiling system_LPC17xx.c...
compiling can_tx1.c...
can_tx1.c(98): warning:  #1-D: last line of file ends without a newline
linking...
Program Size: Code=1260 RO-data=424 RW-data=8 ZI-data=608  
FromELF: creating hex file...
"CAN_tx1.axf" - 0 Error(s), 1 Warning(s).
