<html>
<body>
<pre>
<h1>µVision Build Log</h1>
<h2>Project:</h2>
D:\arm_workshop\can\CANTX\CANTS.uvproj
Project File Date:  07/11/2019

<h2>Output:</h2>
Build target 'Target 1'
compiling CAN123.C...
CAN123.C(92): warning:  #1-D: last line of file ends without a newline
linking...
Program Size: Code=1252 RO-data=236 RW-data=8 ZI-data=608  
FromELF: creating hex file...
"CANADC4BY.axf" - 0 Error(s), 1 Warning(s).
Build target 'Target 1'
assembling startup_LPC17xx.s...
compiling system_LPC17xx.c...
compiling CAN123.C...
CAN123.C(92): warning:  #1-D: last line of file ends without a newline
linking...
Program Size: Code=1252 RO-data=236 RW-data=8 ZI-data=608  
FromELF: creating hex file...
"CANADC4BY.axf" - 0 Error(s), 1 Warning(s).
Build target 'Target 1'
assembling startup_LPC17xx.s...
compiling system_LPC17xx.c...
compiling CAN123.C...
CAN123.C(92): warning:  #1-D: last line of file ends without a newline
linking...
Program Size: Code=1204 RO-data=236 RW-data=4 ZI-data=612  
FromELF: creating hex file...
"CANADC4BY.axf" - 0 Error(s), 1 Warning(s).
Build target 'Target 1'
assembling startup_LPC17xx.s...
compiling system_LPC17xx.c...
compiling CAN123.C...
CAN123.C(92): warning:  #1-D: last line of file ends without a newline
linking...
Program Size: Code=1204 RO-data=236 RW-data=4 ZI-data=612  
FromELF: creating hex file...
"CANADC4BY.axf" - 0 Error(s), 1 Warning(s).
Build target 'Target 1'
assembling startup_LPC17xx.s...
compiling system_LPC17xx.c...
compiling CAN123.C...
CAN123.C(96): warning:  #1-D: last line of file ends without a newline
linking...
Program Size: Code=1224 RO-data=236 RW-data=4 ZI-data=612  
FromELF: creating hex file...
"CANADC4BY.axf" - 0 Error(s), 1 Warning(s).
Build target 'Target 1'
assembling startup_LPC17xx.s...
compiling system_LPC17xx.c...
compiling CAN123.C...
CAN123.C(36): error:  #268: declaration may not appear after executable statement in block
CAN123.C(36): error:  #67: expected a "}"
CAN123.C(96): warning:  #1-D: last line of file ends without a newline
Target not created
compiling CAN123.C...
CAN123.C(36): error:  #268: declaration may not appear after executable statement in block
CAN123.C(36): error:  #67: expected a "}"
CAN123.C(96): warning:  #1-D: last line of file ends without a newline
CAN123.C - 2 Error(s), 1 Warning(s).
Build target 'Target 1'
compiling CAN123.C...
CAN123.C(36): error:  #268: declaration may not appear after executable statement in block
CAN123.C(36): error:  #67: expected a "}"
CAN123.C(96): warning:  #1-D: last line of file ends without a newline
Target not created
Build target 'Target 1'
assembling startup_LPC17xx.s...
compiling system_LPC17xx.c...
compiling CAN123.C...
CAN123.C(36): error:  #268: declaration may not appear after executable statement in block
CAN123.C(36): error:  #67: expected a "}"
CAN123.C(96): warning:  #1-D: last line of file ends without a newline
Target not created
compiling CAN123.C...
CAN123.C(96): warning:  #1-D: last line of file ends without a newline
CAN123.C - 0 Error(s), 1 Warning(s).
Build target 'Target 1'
assembling startup_LPC17xx.s...
compiling system_LPC17xx.c...
compiling CAN123.C...
CAN123.C(96): warning:  #1-D: last line of file ends without a newline
linking...
Program Size: Code=1252 RO-data=236 RW-data=8 ZI-data=608  
FromELF: creating hex file...
"CANADC4BY.axf" - 0 Error(s), 1 Warning(s).
Build target 'Target 1'
assembling startup_LPC17xx.s...
compiling system_LPC17xx.c...
compiling CAN123.C...
CAN123.C(96): warning:  #1-D: last line of file ends without a newline
linking...
Program Size: Code=1252 RO-data=236 RW-data=8 ZI-data=608  
FromELF: creating hex file...
"CANADC4BY.axf" - 0 Error(s), 1 Warning(s).
Build target 'Target 1'
assembling startup_LPC17xx.s...
compiling system_LPC17xx.c...
compiling CAN123.C...
CAN123.C(96): warning:  #1-D: last line of file ends without a newline
linking...
Program Size: Code=1252 RO-data=236 RW-data=8 ZI-data=608  
FromELF: creating hex file...
"CANADC4BY.axf" - 0 Error(s), 1 Warning(s).
Build target 'Target 1'
assembling startup_LPC17xx.s...
compiling system_LPC17xx.c...
compiling CAN123.C...
CAN123.C(96): warning:  #1-D: last line of file ends without a newline
linking...
Program Size: Code=1252 RO-data=236 RW-data=8 ZI-data=608  
FromELF: creating hex file...
"CANADC4BY.axf" - 0 Error(s), 1 Warning(s).
Build target 'Target 1'
assembling startup_LPC17xx.s...
compiling system_LPC17xx.c...
compiling CAN123.C...
CAN123.C(96): warning:  #1-D: last line of file ends without a newline
linking...
Program Size: Code=1252 RO-data=236 RW-data=8 ZI-data=608  
FromELF: creating hex file...
"CAN_tx1.axf" - 0 Error(s), 1 Warning(s).
compiling CAN123.C...
C:\Users\YASHWANTH\Downloads\CAN123.C(93): warning:  #1-D: last line of file ends without a newline
C:\Users\YASHWANTH\Downloads\CAN123.C - 0 Error(s), 1 Warning(s).
Build target 'Target 1'
assembling startup_LPC17xx.s...
compiling system_LPC17xx.c...
compiling CAN123.C...
C:\Users\YASHWANTH\Downloads\CAN123.C(93): warning:  #1-D: last line of file ends without a newline
linking...
Program Size: Code=1252 RO-data=236 RW-data=8 ZI-data=608  
FromELF: creating hex file...
"CAN_tx1.axf" - 0 Error(s), 1 Warning(s).
Build target 'Target 1'
assembling startup_LPC17xx.s...
compiling system_LPC17xx.c...
compiling CAN123.C...
C:\Users\YASHWANTH\Downloads\CAN123.C(93): warning:  #1-D: last line of file ends without a newline
linking...
Program Size: Code=1252 RO-data=236 RW-data=8 ZI-data=608  
FromELF: creating hex file...
"CAN_tx1.axf" - 0 Error(s), 1 Warning(s).
