<html>
<body>
<pre>
<h1>µVision Build Log</h1>
<h2>Project:</h2>
D:\arm_workshop\can\CANTX\CANTS.uvproj
Project File Date:  07/10/2019

<h2>Output:</h2>
compiling CAN123.C...
CAN123.C(92): warning:  #1-D: last line of file ends without a newline
CAN123.C - 0 Error(s), 1 Warning(s).
Build target 'Target 1'
assembling startup_LPC17xx.s...
compiling system_LPC17xx.c...
linking...
Program Size: Code=1252 RO-data=236 RW-data=8 ZI-data=608  
FromELF: creating hex file...
"CANTSy.axf" - 0 Error(s), 0 Warning(s).
compiling CAN1213.c...
..\CANRX\CAN1213.c(120): warning:  #1-D: last line of file ends without a newline
..\CANRX\CAN1213.c - 0 Error(s), 1 Warning(s).
Build target 'Target 1'
linking...
Program Size: Code=1284 RO-data=424 RW-data=4 ZI-data=612  
FromELF: creating hex file...
"CANR.axf" - 0 Error(s), 0 Warning(s).
Build target 'Target 1'
assembling startup_LPC17xx.s...
compiling system_LPC17xx.c...
compiling CAN1213.c...
..\CANRX\CAN1213.c(120): warning:  #1-D: last line of file ends without a newline
linking...
Program Size: Code=1284 RO-data=424 RW-data=4 ZI-data=612  
FromELF: creating hex file...
"CANR.axf" - 0 Error(s), 1 Warning(s).
compiling can_char.c...
can_char.c(87): warning:  #1-D: last line of file ends without a newline
can_char.c - 0 Error(s), 1 Warning(s).
Build target 'Target 1'
linking...
Program Size: Code=1232 RO-data=236 RW-data=8 ZI-data=608  
FromELF: creating hex file...
"CANR.axf" - 0 Error(s), 0 Warning(s).
