<html>
<body>
<pre>
<h1>µVision Build Log</h1>
<h2>Project:</h2>
D:\arm lab\Exp_9_ADC\ADC.uvproj
Project File Date:  07/09/2019

<h2>Output:</h2>
Build target 'Target 1'
assembling startup_LPC17xx.s...
compiling system_LPC17xx.c...
compiling ADC_2_3_LCD_RELAY_BUZZER.C...
linking...
Program Size: Code=1384 RO-data=432 RW-data=48 ZI-data=624  
FromELF: creating hex file...
"ADC_111.axf" - 0 Error(s), 0 Warning(s).
Build target 'Target 1'
assembling startup_LPC17xx.s...
compiling system_LPC17xx.c...
compiling ADC_DC.C...
ADC_DC.C(23): warning:  #1-D: last line of file ends without a newline
linking...
Program Size: Code=1064 RO-data=268 RW-data=12 ZI-data=612  
FromELF: creating hex file...
"ADC_111.axf" - 0 Error(s), 1 Warning(s).
