<html>
<body>
<pre>
<h1>µVision Build Log</h1>
<h2>Project:</h2>
D:\arm lab\EXP_1_LED\test\test1.uvproj
Project File Date:  11/09/2020

<h2>Output:</h2>
Build target 'Target 1'
assembling Startup.s...
linking...
test1.axf: Warning: L6665W: Neither Lib$$Request$$armlib Lib$$Request$$cpplib defined, not searching ARM libraries.
test1.axf: Error: L6411W: No compatible library exists with a definition of startup symbol __main.
Target not created
compiling C:\Keil\ARM\INC\Philips\LPC21xx.h...
compiling blink1.c...
blink1.c(2): warning:  #951-D: return type of function "main" must be "int"
blink1.c - 0 Error(s), 1 Warning(s).
compiling blink1.c...
blink1.c - 0 Error(s), 0 Warning(s).
compiling blink1.c...
blink1.c(11): warning:  #111-D: statement is unreachable
blink1.c(17): error:  #29: expected an expression
blink1.c(17): error:  #20: identifier "i" is undefined
blink1.c - 2 Error(s), 1 Warning(s).
compiling blink1.c...
blink1.c(11): warning:  #111-D: statement is unreachable
blink1.c(17): error:  #29: expected an expression
blink1.c(17): error:  #20: identifier "i" is undefined
blink1.c - 2 Error(s), 1 Warning(s).
compiling blink1.c...
blink1.c(11): warning:  #111-D: statement is unreachable
blink1.c(17): error:  #29: expected an expression
blink1.c(17): error:  #20: identifier "i" is undefined
blink1.c - 2 Error(s), 1 Warning(s).
compiling blink1.c...
blink1.c(11): warning:  #111-D: statement is unreachable
blink1.c - 0 Error(s), 1 Warning(s).
Build target 'Target 1'
linking...
Program Size: Code=504 RO-data=16 RW-data=0 ZI-data=1256  
"test1.axf" - 0 Error(s), 0 Warning(s).
compiling blink1.c...
blink1.c(11): warning:  #111-D: statement is unreachable
blink1.c - 0 Error(s), 1 Warning(s).
compiling blink1.c...
blink1.c(7): error:  #20: identifier "IOMASK0" is undefined
blink1.c(11): error:  #20: identifier "FIOPIN0" is undefined
blink1.c(16): warning:  #111-D: statement is unreachable
blink1.c - 2 Error(s), 1 Warning(s).
compiling blink1.c...
blink1.c(7): error:  #20: identifier "IOMASK0" is undefined
blink1.c(16): warning:  #111-D: statement is unreachable
blink1.c - 1 Error(s), 1 Warning(s).
compiling blink1.c...
blink1.c(7): error:  #20: identifier "FIOMASK0" is undefined
blink1.c(16): warning:  #111-D: statement is unreachable
blink1.c - 1 Error(s), 1 Warning(s).
compiling blink1.c...
blink1.c(6): error:  #20: identifier "IOMASK0" is undefined
blink1.c(15): warning:  #111-D: statement is unreachable
blink1.c - 1 Error(s), 1 Warning(s).
compiling blink1.c...
blink1.c(15): warning:  #111-D: statement is unreachable
blink1.c - 0 Error(s), 1 Warning(s).
compiling blink1.c...
blink1.c(10): error:  #20: identifier "FIOPIN0" is undefined
blink1.c(15): warning:  #111-D: statement is unreachable
blink1.c - 1 Error(s), 1 Warning(s).
compiling blink1.c...
blink1.c(15): warning:  #111-D: statement is unreachable
blink1.c - 0 Error(s), 1 Warning(s).
compiling blink1.c...
blink1.c - 0 Error(s), 0 Warning(s).
compiling blink1.c...
blink1.c - 0 Error(s), 0 Warning(s).
compiling blink1.c...
blink1.c(8): error:  #20: identifier "IO0MASK" is undefined
blink1.c - 1 Error(s), 0 Warning(s).
compiling blink1.c...
blink1.c(17): error:  #268: declaration may not appear after executable statement in block
blink1.c(17): error:  #67: expected a "}"
blink1.c - 2 Error(s), 0 Warning(s).
compiling blink1.c...
blink1.c - 0 Error(s), 0 Warning(s).
compiling blink1.c...
blink1.c - 0 Error(s), 0 Warning(s).
Build target 'Target 1'
linking...
Program Size: Code=488 RO-data=16 RW-data=0 ZI-data=1256  
FromELF: creating hex file...
"test1.axf" - 0 Error(s), 0 Warning(s).
Build target 'Target 1'
assembling Startup.s...
compiling blink1.c...
linking...
Program Size: Code=500 RO-data=16 RW-data=0 ZI-data=1256  
FromELF: creating hex file...
"test1.axf" - 0 Error(s), 0 Warning(s).
Build target 'Target 1'
assembling Startup.s...
compiling blink1.c...
linking...
Program Size: Code=500 RO-data=16 RW-data=0 ZI-data=1256  
FromELF: creating hex file...
"test1.axf" - 0 Error(s), 0 Warning(s).
Build target 'Target 1'
linking...
Program Size: Code=500 RO-data=16 RW-data=0 ZI-data=1256  
FromELF: creating hex file...
"test1.axf" - 0 Error(s), 0 Warning(s).
Build target 'Target 1'
assembling Startup.s...
compiling blink1.c...
linking...
Program Size: Code=500 RO-data=16 RW-data=0 ZI-data=1256  
FromELF: creating hex file...
"test1.axf" - 0 Error(s), 0 Warning(s).
Build target 'Target 1'
assembling Startup.s...
compiling blink1.c...
linking...
Program Size: Code=496 RO-data=16 RW-data=0 ZI-data=1256  
FromELF: creating hex file...
"test1.axf" - 0 Error(s), 0 Warning(s).
Build target 'Target 1'
assembling Startup.s...
compiling blink1.c...
linking...
Program Size: Code=496 RO-data=16 RW-data=0 ZI-data=1256  
FromELF: creating hex file...
"test1.axf" - 0 Error(s), 0 Warning(s).
Build target 'Target 1'
assembling Startup.s...
compiling blink1.c...
linking...
Program Size: Code=500 RO-data=16 RW-data=0 ZI-data=1256  
FromELF: creating hex file...
"test1.axf" - 0 Error(s), 0 Warning(s).
Build target 'Target 1'
assembling Startup.s...
compiling blink1.c...
linking...
Program Size: Code=504 RO-data=16 RW-data=0 ZI-data=1256  
FromELF: creating hex file...
"test1.axf" - 0 Error(s), 0 Warning(s).
Build target 'Target 1'
assembling Startup.s...
compiling blink1.c...
linking...
Program Size: Code=504 RO-data=16 RW-data=0 ZI-data=1256  
FromELF: creating hex file...
"test1.axf" - 0 Error(s), 0 Warning(s).
Build target 'Target 1'
assembling Startup.s...
compiling blink1.c...
linking...
Program Size: Code=504 RO-data=16 RW-data=0 ZI-data=1256  
FromELF: creating hex file...
"test1.axf" - 0 Error(s), 0 Warning(s).
Build target 'Target 1'
assembling Startup.s...
compiling blink1.c...
linking...
Program Size: Code=776 RO-data=16 RW-data=0 ZI-data=1256  
FromELF: creating hex file...
"test1.axf" - 0 Error(s), 0 Warning(s).
Build target 'Target 1'
assembling Startup.s...
compiling blink1.c...
linking...
Program Size: Code=772 RO-data=16 RW-data=0 ZI-data=1256  
FromELF: creating hex file...
"test1.axf" - 0 Error(s), 0 Warning(s).
Build target 'Target 1'
assembling Startup.s...
compiling blink1.c...
linking...
Program Size: Code=772 RO-data=16 RW-data=0 ZI-data=1256  
FromELF: creating hex file...
"test1.axf" - 0 Error(s), 0 Warning(s).
Build target 'Target 1'
assembling Startup.s...
compiling blink1.c...
linking...
Program Size: Code=772 RO-data=16 RW-data=0 ZI-data=1256  
FromELF: creating hex file...
"test1.axf" - 0 Error(s), 0 Warning(s).
Build target 'Target 1'
assembling Startup.s...
compiling blink1.c...
linking...
Program Size: Code=772 RO-data=16 RW-data=0 ZI-data=1256  
FromELF: creating hex file...
"test1.axf" - 0 Error(s), 0 Warning(s).
