<html>
<body>
<pre>
<h1>µVision Build Log</h1>
<h2>Project:</h2>
C:\Users\sai-tec5\Downloads\CANTX\CANTX\CANTS.uvproj
Project File Date:  04/14/2016

<h2>Output:</h2>
Rebuild target 'Target 1'
assembling startup_LPC17xx.s...
compiling system_LPC17xx.c...
compiling CAN123.C...
CAN123.C(92): warning:  #1-D: last line of file ends without a newline
        
CAN123.C: 1 warning, 0 errors
linking...
Program Size: Code=1320 RO-data=432 RW-data=8 ZI-data=608  
FromELF: creating hex file...
".\CANTS.axf" - 0 Error(s), 1 Warning(s).
</pre>
</body>
</html>
