<html>
<body>
<pre>
<h1>µVision Build Log</h1>
<h2>Project:</h2>
D:\arm_workshop\can\CANTX\CANTX\CANTS.uvproj
Project File Date:  01/24/2020

<h2>Output:</h2>
compiling CAN123.C...
CAN123.C(90): warning:  #1-D: last line of file ends without a newline
CAN123.C - 0 Error(s), 1 Warning(s).
Build target 'Target 1'
assembling startup_LPC17xx.s...
compiling system_LPC17xx.c...
linking...
Program Size: Code=1252 RO-data=236 RW-data=8 ZI-data=608  
FromELF: creating hex file...
"CANTS.axf" - 0 Error(s), 0 Warning(s).
